Microchip MPLAB XC8 Compiler V2.46

Linker command line:

-W-3 \
  --edf=C:\Program Files\Microchip\xc8\v2.46\pic\dat\20240104201356_en.msgs \
  -cn -h+dist/default/production\LCD_I2C_V06.X.production.sym \
  --cmf=dist/default/production\LCD_I2C_V06.X.production.cmf -z -Q16F1936 \
  -oC:\Users\t00904\AppData\Local\Temp\xcDsg7g.3\driver_tmp_3.o \
  --defsym=__MPLAB_BUILD=1 --fixupoverflow=error \
  -Mdist/default/production/LCD_I2C_V06.X.production.map \
  --md=C:\Users\t00904\AppData\Local\Temp\xcDsg7g.3\driver_tmp_0.dat -E1 \
  -ver=XC8 Compiler --acfsm=1493 -ACODE=00h-07FFhx4 -ASTRCODE=00h-01FFFh \
  -ASTRING=00h-0FFhx32 -ACONST=00h-0FFhx32 -AENTRY=00h-0FFhx32 \
  -ACOMMON=070h-07Fh -ABANK0=020h-06Fh -ABANK1=0A0h-0EFh \
  -ABANK2=0120h-016Fh -ABANK3=01A0h-01EFh -ABANK4=0220h-026Fh \
  -ABANK5=02A0h-02EFh -ABANK6=0320h-032Fh -ABIGRAM=02000h-021EFh \
  -ARAM=020h-06Fh,0A0h-0EFh,0120h-016Fh,01A0h-01EFh,0220h-026Fh,02A0h-02EFh,0320h-032Fh \
  -AABS1=020h-07Fh,0A0h-0EFh,0120h-016Fh,01A0h-01EFh,0220h-026Fh,02A0h-02EFh,0320h-032Fh \
  -ASFR0=00h-01Fh -ASFR1=080h-09Fh -ASFR2=0100h-011Fh -ASFR3=0180h-019Fh \
  -ASFR4=0200h-021Fh -ASFR5=0280h-029Fh -ASFR6=0300h-031Fh \
  -ASFR7=0380h-03EFh -ASFR8=0400h-046Fh -ASFR9=0480h-04EFh \
  -ASFR10=0500h-056Fh -ASFR11=0580h-05EFh -ASFR12=0600h-066Fh \
  -ASFR13=0680h-06EFh -ASFR14=0700h-076Fh -ASFR15=0780h-07EFh \
  -ASFR16=0800h-086Fh -ASFR17=0880h-08EFh -ASFR18=0900h-096Fh \
  -ASFR19=0980h-09EFh -ASFR20=0A00h-0A6Fh -ASFR21=0A80h-0AEFh \
  -ASFR22=0B00h-0B6Fh -ASFR23=0B80h-0BEFh -ASFR24=0C00h-0C6Fh \
  -ASFR25=0C80h-0CEFh -ASFR26=0D00h-0D6Fh -ASFR27=0D80h-0DEFh \
  -ASFR28=0E00h-0E6Fh -ASFR29=0E80h-0EEFh -ASFR30=0F00h-0F6Fh \
  -ASFR31=0F80h-0FEFh -ACONFIG=08007h-08008h -DCONFIG=2 \
  -AIDLOC=08000h-08003h -DIDLOC=2 -AEEDATA=00h-0FFh/0F000h \
  -peeprom_data=EEDATA -DEEDATA=2 -DCODE=2 -DSTRCODE=2 -DSTRING=2 -DCONST=2 \
  -DENTRY=2 -preset_vec=00h,intentry=04h,sivt,init,end_init -ppowerup=CODE \
  -pcinit=CODE -pfunctab=ENTRY -k \
  C:\Users\t00904\AppData\Local\Temp\xcDsg7g.3\driver_tmp_26.o \
  dist/default/production\LCD_I2C_V06.X.production.o 

Object code version is 3.11

Machine type is 16F1936



                Name                               Link     Load   Length Selector   Space Scale
C:\Users\t00904\AppData\Local\Temp\xcDsg7g.3\driver_tmp_26.o
                end_init                             26       26        2        8       0
                reset_vec                             0        0        2        0       0
                config                             8007     8007        2        0       4
dist/default/production\LCD_I2C_V06.X.production.o
                cinit                                28       28       3A        8       0
                intentry                              4        4       22        8       0
                eeprom_data                           0     F000       10    1E000       3
                config                             8007     8007        2        0       4
                text98                             1710     1710       15     2E20       0
                text97                             1665     1665        D     2CCA       0
                text96                             177D     177D       19     2EFA       0
                text95                              BDF      BDF       47     17BE       0
                text94                              E3F      E3F       64     1C7E       0
                text93                             16B6     16B6       11     2D6C       0
                text92                              800      800       17     1000       0
                text90                              D7D      D7D       60     1AFA       0
                text89                              C77      C77       53     18EE       0
                text88                             16D8     16D8       12     2DB0       0
                text87                             15A3     15A3        1     2B46       0
                text86                              C26      C26       51     184C       0
                text85                              201      201      17D        8       0
                text84                             17E4     17E4       1C     2FC8       0
                text83                              834      834       1E     1068       0
                text82                              940      940       2A     1280       0
                text81                              B5E      B5E       3C     16BC       0
                text80                              A7E      A7E       34     14FC       0
                text79                              870      870       1F     10E0       0
                text78                              F11      F11       77     1E22       0
                text77                              AE8      AE8       3B     15D0       0
                text76                              715      715       E3        8       0
                text75                              630      630       E5        8       0
                text74                              F88      F88       78     1F10       0
                text73                             1725     1725       15     2E4A       0
                text72                              D20      D20       5D     1A40       0
                text71                              4EB      4EB      145        8       0
                text70                             15A8     15A8        3     2B50       0
                text69                             15AB     15AB        3     2B56       0
                text68                             15AE     15AE        3     2B5C       0
                text67                             1765     1765       18     2ECA       0
                text66                             15B1     15B1        3     2B62       0
                text65                             15B4     15B4        3     2B68       0
                text64                             15B7     15B7        3     2B6E       0
                text63                             1699     1699        E     2D32       0
                text62                              8EF      8EF       28     11DE       0
                text61                             1643     1643        B     2C86       0
                text60                             16C7     16C7       11     2D8E       0
                text59                             15A4     15A4        2     2B48       0
                text58                             15A6     15A6        2     2B4C       0
                text57                             15BA     15BA        3     2B74       0
                text56                             15C3     15C3        4     2B86       0
                text55                             15BD     15BD        3     2B7A       0
                text54                             15C7     15C7        4     2B8E       0
                text53                             15CF     15CF        5     2B9E       0
                text52                             1606     1606        6     2C0C       0
                text51                             15C0     15C0        3     2B80       0
                text50                              9EB      9EB       2E     13D6       0
                text49                             15D4     15D4        5     2BA8       0
                text48                             1631     1631        9     2C62       0
                text47                              7F8      7F8        8        8       0
                text46                              CCA      CCA       56     1994       0
                text45                              B9A      B9A       45     1734       0
                text44                             162A     162A        7     2C54       0
                text43                             15D9     15D9        5     2BB2       0
                text42                             15DE     15DE        5     2BBC       0
                text41                             15E3     15E3        5     2BC6       0
                text40                             15E8     15E8        5     2BD0       0
                text39                             15ED     15ED        5     2BDA       0
                text38                             15F2     15F2        5     2BE4       0
                text37                             15F7     15F7        5     2BEE       0
                text36                             15FC     15FC        5     2BF8       0
                text35                              96A      96A       2A     12D4       0
                text34                              917      917       29     122E       0
                text33                             160C     160C        6     2C18       0
                text32                             1672     1672        D     2CE4       0
                text31                              8CE      8CE       21     119C       0
                text30                             1601     1601        5     2C02       0
                text29                             167F     167F        D     2CFE       0
                text28                              AB2      AB2       36     1564       0
                text27                             164E     164E        B     2C9C       0
                text26                              A19      A19       32     1432       0
                text25                              9BE      9BE       2D     137C       0
                text24                              852      852       1E     10A4       0
                text23                              DDD      DDD       62     1BBA       0
                text22                              8AE      8AE       20     115C       0
                text21                             17AF     17AF       1A     2F5E       0
                text20                              817      817       1D     102E       0
                text19                              A4B      A4B       33     1496       0
                text18                              B23      B23       3B     1646       0
                text17                             173A     173A       15     2E74       0
                text16                              88F      88F       1F     111E       0
                text15                             1796     1796       19     2F2C       0
                text14                             16A7     16A7        F     2D4E       0
                text13                             163A     163A        9     2C74       0
                text12                             1659     1659        C     2CB2       0
                text11                             17C9     17C9       1B     2F92       0
                text10                             168C     168C        D     2D18       0
                text9                              16EA     16EA       13     2DD4       0
                text8                              15CB     15CB        4     2B96       0
                text7                              16FD     16FD       13     2DFA       0
                text6                              1612     1612        6     2C24       0
                text5                              1618     1618        6     2C30       0
                text4                               EA3      EA3       6E     1D46       0
                text3                               994      994       2A     1328       0
                text2                              174F     174F       16     2E9E       0
                text1                               37E      37E      16D        8       0
                maintext                             62       62      19F        8       0
                cstackBANK0                          20       20       4C       20       1
                cstackCOMMON                         70       70        A       70       1
                cstackBANK1                          EE       EE        2       A0       1
                clrtext                            161E     161E        6     2C3C       0
                bssBANK3                            1A0      1A0       4C      1A0       1
                bssBANK2                            120      120       32      120       1
                dataBANK1                            E8       E8        6       A0       1
                bssBANK1                             A0       A0       48       A0       1
                dataBANK0                            6E       6E        2       20       1
                bssBANK0                             6C       6C        2       20       1
                bssCOMMON                            7A       7A        2       70       1
                stringtext13                       18B6     18B6        4     3000       0
                stringtext12                       18B2     18B2        4     3000       0
                stringtext11                       18A1     18A1       11     3000       0
                stringtext10                       1890     1890       11     3000       0
                stringtext9                        187F     187F       11     3000       0
                stringtext8                        186E     186E       11     3000       0
                stringtext7                        185D     185D       11     3000       0
                stringtext6                        184C     184C       11     3000       0
                stringtext5                        183B     183B       11     3000       0
                stringtext4                        182A     182A       11     3000       0
                stringtext3                        1815     1815       15     3000       0
                stringtext2                        1800     1800       15     3000       0
                stringtext1                        1000     1000       35     2000       0
                idataBANK1                         1624     1624        6     2C48       0
                idataBANK0                            2        2        2        0       0

TOTAL           Name                               Link     Load   Length     Space
        CLASS   CODE           
                end_init                             26       26        2         0
                cinit                                28       28       3A         0
                intentry                              4        4       22         0
                reset_vec                             0        0        2         0
                text98                             1710     1710       15         0
                text97                             1665     1665        D         0
                text96                             177D     177D       19         0
                text95                              BDF      BDF       47         0
                text94                              E3F      E3F       64         0
                text93                             16B6     16B6       11         0
                text92                              800      800       17         0
                text90                              D7D      D7D       60         0
                text89                              C77      C77       53         0
                text88                             16D8     16D8       12         0
                text87                             15A3     15A3        1         0
                text86                              C26      C26       51         0
                text85                              201      201      17D         0
                text84                             17E4     17E4       1C         0
                text83                              834      834       1E         0
                text82                              940      940       2A         0
                text81                              B5E      B5E       3C         0
                text80                              A7E      A7E       34         0
                text79                              870      870       1F         0
                text78                              F11      F11       77         0
                text77                              AE8      AE8       3B         0
                text76                              715      715       E3         0
                text75                              630      630       E5         0
                text74                              F88      F88       78         0
                text73                             1725     1725       15         0
                text72                              D20      D20       5D         0
                text71                              4EB      4EB      145         0
                text70                             15A8     15A8        3         0
                text69                             15AB     15AB        3         0
                text68                             15AE     15AE        3         0
                text67                             1765     1765       18         0
                text66                             15B1     15B1        3         0
                text65                             15B4     15B4        3         0
                text64                             15B7     15B7        3         0
                text63                             1699     1699        E         0
                text62                              8EF      8EF       28         0
                text61                             1643     1643        B         0
                text60                             16C7     16C7       11         0
                text59                             15A4     15A4        2         0
                text58                             15A6     15A6        2         0
                text57                             15BA     15BA        3         0
                text56                             15C3     15C3        4         0
                text55                             15BD     15BD        3         0
                text54                             15C7     15C7        4         0
                text53                             15CF     15CF        5         0
                text52                             1606     1606        6         0
                text51                             15C0     15C0        3         0
                text50                              9EB      9EB       2E         0
                text49                             15D4     15D4        5         0
                text48                             1631     1631        9         0
                text47                              7F8      7F8        8         0
                text46                              CCA      CCA       56         0
                text45                              B9A      B9A       45         0
                text44                             162A     162A        7         0
                text43                             15D9     15D9        5         0
                text42                             15DE     15DE        5         0
                text41                             15E3     15E3        5         0
                text40                             15E8     15E8        5         0
                text39                             15ED     15ED        5         0
                text38                             15F2     15F2        5         0
                text37                             15F7     15F7        5         0
                text36                             15FC     15FC        5         0
                text35                              96A      96A       2A         0
                text34                              917      917       29         0
                text33                             160C     160C        6         0
                text32                             1672     1672        D         0
                text31                              8CE      8CE       21         0
                text30                             1601     1601        5         0
                text29                             167F     167F        D         0
                text28                              AB2      AB2       36         0
                text27                             164E     164E        B         0
                text26                              A19      A19       32         0
                text25                              9BE      9BE       2D         0
                text24                              852      852       1E         0
                text23                              DDD      DDD       62         0
                text22                              8AE      8AE       20         0
                text21                             17AF     17AF       1A         0
                text20                              817      817       1D         0
                text19                              A4B      A4B       33         0
                text18                              B23      B23       3B         0
                text17                             173A     173A       15         0
                text16                              88F      88F       1F         0
                text15                             1796     1796       19         0
                text14                             16A7     16A7        F         0
                text13                             163A     163A        9         0
                text12                             1659     1659        C         0
                text11                             17C9     17C9       1B         0
                text10                             168C     168C        D         0
                text9                              16EA     16EA       13         0
                text8                              15CB     15CB        4         0
                text7                              16FD     16FD       13         0
                text6                              1612     1612        6         0
                text5                              1618     1618        6         0
                text4                               EA3      EA3       6E         0
                text3                               994      994       2A         0
                text2                              174F     174F       16         0
                text1                               37E      37E      16D         0
                maintext                             62       62      19F         0
                clrtext                            161E     161E        6         0
                idataBANK1                         1624     1624        6         0
                idataBANK0                            2        2        2         0

        CLASS   STRCODE        
                stringtext13                       18B6     18B6        4         0
                stringtext12                       18B2     18B2        4         0
                stringtext11                       18A1     18A1       11         0
                stringtext10                       1890     1890       11         0
                stringtext9                        187F     187F       11         0
                stringtext8                        186E     186E       11         0
                stringtext7                        185D     185D       11         0
                stringtext6                        184C     184C       11         0
                stringtext5                        183B     183B       11         0
                stringtext4                        182A     182A       11         0
                stringtext3                        1815     1815       15         0
                stringtext2                        1800     1800       15         0
                stringtext1                        1000     1000       35         0

        CLASS   STRING         

        CLASS   CONST          

        CLASS   ENTRY          

        CLASS   COMMON         
                cstackCOMMON                         70       70        A         1
                bssCOMMON                            7A       7A        2         1

        CLASS   BANK0          
                cstackBANK0                          20       20       4C         1
                dataBANK0                            6E       6E        2         1
                bssBANK0                             6C       6C        2         1

        CLASS   BANK1          
                cstackBANK1                          EE       EE        2         1
                dataBANK1                            E8       E8        6         1
                bssBANK1                             A0       A0       48         1

        CLASS   BANK2          
                bssBANK2                            120      120       32         1

        CLASS   BANK3          
                bssBANK3                            1A0      1A0       4C         1

        CLASS   BANK4          

        CLASS   BANK5          

        CLASS   BANK6          

        CLASS   BIGRAM         

        CLASS   RAM            

        CLASS   ABS1           
                abs_s1                               7E       7E        2         1

        CLASS   SFR0           

        CLASS   SFR1           

        CLASS   SFR2           

        CLASS   SFR3           

        CLASS   SFR4           

        CLASS   SFR5           

        CLASS   SFR6           

        CLASS   SFR7           

        CLASS   SFR8           

        CLASS   SFR9           

        CLASS   SFR10          

        CLASS   SFR11          

        CLASS   SFR12          

        CLASS   SFR13          

        CLASS   SFR14          

        CLASS   SFR15          

        CLASS   SFR16          

        CLASS   SFR17          

        CLASS   SFR18          

        CLASS   SFR19          

        CLASS   SFR20          

        CLASS   SFR21          

        CLASS   SFR22          

        CLASS   SFR23          

        CLASS   SFR24          

        CLASS   SFR25          

        CLASS   SFR26          

        CLASS   SFR27          

        CLASS   SFR28          

        CLASS   SFR29          

        CLASS   SFR30          

        CLASS   SFR31          

        CLASS   CONFIG         
                config                             8007     8007        2         4

        CLASS   IDLOC          

        CLASS   EEDATA         
                eeprom_data                           0     F000       10         3

        CLASS   BANK31         

        CLASS   BANK30         

        CLASS   BANK29         

        CLASS   BANK28         

        CLASS   BANK27         

        CLASS   BANK26         

        CLASS   BANK25         

        CLASS   BANK24         

        CLASS   BANK23         

        CLASS   BANK22         

        CLASS   BANK21         

        CLASS   BANK20         

        CLASS   BANK19         

        CLASS   BANK18         

        CLASS   BANK17         

        CLASS   BANK16         

        CLASS   BANK15         

        CLASS   BANK14         

        CLASS   BANK13         

        CLASS   BANK12         

        CLASS   BANK11         

        CLASS   BANK10         

        CLASS   BANK9          

        CLASS   BANK8          

        CLASS   BANK7          

        CLASS   HEAP           

        CLASS   STACK          



SEGMENTS        Name                           Load    Length   Top    Selector   Space  Class     Delta

                reset_vec                      000000  000004  000004         0       0  CODE        2
                intentry                       000004  0007FC  000800         8       0  CODE        2
                cstackBANK0                    000020  000050  000070        20       1  BANK0       1
                cstackCOMMON                   000070  00000C  00007C        70       1  COMMON      1
                bssBANK1                       0000A0  000050  0000F0        A0       1  BANK1       1
                bssBANK2                       000120  000032  000152       120       1  BANK2       1
                bssBANK3                       0001A0  00004C  0001EC       1A0       1  BANK3       1
                text92                         000800  000017  000817      1000       0  CODE        2
                text20                         000817  00001D  000834      102E       0  CODE        2
                text83                         000834  00001E  000852      1068       0  CODE        2
                text24                         000852  00001E  000870      10A4       0  CODE        2
                text79                         000870  00001F  00088F      10E0       0  CODE        2
                text16                         00088F  00001F  0008AE      111E       0  CODE        2
                text22                         0008AE  000020  0008CE      115C       0  CODE        2
                text31                         0008CE  000021  0008EF      119C       0  CODE        2
                text62                         0008EF  000028  000917      11DE       0  CODE        2
                text34                         000917  000029  000940      122E       0  CODE        2
                text82                         000940  00002A  00096A      1280       0  CODE        2
                text35                         00096A  00002A  000994      12D4       0  CODE        2
                text3                          000994  00002A  0009BE      1328       0  CODE        2
                text25                         0009BE  00002D  0009EB      137C       0  CODE        2
                text50                         0009EB  00002E  000A19      13D6       0  CODE        2
                text26                         000A19  000032  000A4B      1432       0  CODE        2
                text19                         000A4B  000033  000A7E      1496       0  CODE        2
                text80                         000A7E  000034  000AB2      14FC       0  CODE        2
                text28                         000AB2  000036  000AE8      1564       0  CODE        2
                text77                         000AE8  00003B  000B23      15D0       0  CODE        2
                text18                         000B23  00003B  000B5E      1646       0  CODE        2
                text81                         000B5E  00003C  000B9A      16BC       0  CODE        2
                text45                         000B9A  000045  000BDF      1734       0  CODE        2
                text95                         000BDF  000047  000C26      17BE       0  CODE        2
                text86                         000C26  000051  000C77      184C       0  CODE        2
                text89                         000C77  000053  000CCA      18EE       0  CODE        2
                text46                         000CCA  000056  000D20      1994       0  CODE        2
                text72                         000D20  00005D  000D7D      1A40       0  CODE        2
                text90                         000D7D  000060  000DDD      1AFA       0  CODE        2
                text23                         000DDD  000062  000E3F      1BBA       0  CODE        2
                text94                         000E3F  000064  000EA3      1C7E       0  CODE        2
                text4                          000EA3  00006E  000F11      1D46       0  CODE        2
                text78                         000F11  000077  000F88      1E22       0  CODE        2
                text74                         000F88  000078  001000      1F10       0  CODE        2
                stringtext1                    001000  000035  001035      2000       0  STRCODE     2
                text87                         0015A3  000001  0015A4      2B46       0  CODE        2
                text59                         0015A4  000002  0015A6      2B48       0  CODE        2
                text58                         0015A6  000002  0015A8      2B4C       0  CODE        2
                text70                         0015A8  000003  0015AB      2B50       0  CODE        2
                text69                         0015AB  000003  0015AE      2B56       0  CODE        2
                text68                         0015AE  000003  0015B1      2B5C       0  CODE        2
                text66                         0015B1  000003  0015B4      2B62       0  CODE        2
                text65                         0015B4  000003  0015B7      2B68       0  CODE        2
                text64                         0015B7  000003  0015BA      2B6E       0  CODE        2
                text57                         0015BA  000003  0015BD      2B74       0  CODE        2
                text55                         0015BD  000003  0015C0      2B7A       0  CODE        2
                text51                         0015C0  000003  0015C3      2B80       0  CODE        2
                text56                         0015C3  000004  0015C7      2B86       0  CODE        2
                text54                         0015C7  000004  0015CB      2B8E       0  CODE        2
                text8                          0015CB  000004  0015CF      2B96       0  CODE        2
                text53                         0015CF  000005  0015D4      2B9E       0  CODE        2
                text49                         0015D4  000005  0015D9      2BA8       0  CODE        2
                text43                         0015D9  000005  0015DE      2BB2       0  CODE        2
                text42                         0015DE  000005  0015E3      2BBC       0  CODE        2
                text41                         0015E3  000005  0015E8      2BC6       0  CODE        2
                text40                         0015E8  000005  0015ED      2BD0       0  CODE        2
                text39                         0015ED  000005  0015F2      2BDA       0  CODE        2
                text38                         0015F2  000005  0015F7      2BE4       0  CODE        2
                text37                         0015F7  000005  0015FC      2BEE       0  CODE        2
                text36                         0015FC  000005  001601      2BF8       0  CODE        2
                text30                         001601  000005  001606      2C02       0  CODE        2
                text52                         001606  000006  00160C      2C0C       0  CODE        2
                text33                         00160C  000006  001612      2C18       0  CODE        2
                text6                          001612  000006  001618      2C24       0  CODE        2
                text5                          001618  000006  00161E      2C30       0  CODE        2
                clrtext                        00161E  000006  001624      2C3C       0  CODE        2
                idataBANK1                     001624  000006  00162A      2C48       0  CODE        2
                text44                         00162A  000007  001631      2C54       0  CODE        2
                text48                         001631  000009  00163A      2C62       0  CODE        2
                text13                         00163A  000009  001643      2C74       0  CODE        2
                text61                         001643  00000B  00164E      2C86       0  CODE        2
                text27                         00164E  00000B  001659      2C9C       0  CODE        2
                text12                         001659  00000C  001665      2CB2       0  CODE        2
                text97                         001665  00000D  001672      2CCA       0  CODE        2
                text32                         001672  00000D  00167F      2CE4       0  CODE        2
                text29                         00167F  00000D  00168C      2CFE       0  CODE        2
                text10                         00168C  00000D  001699      2D18       0  CODE        2
                text63                         001699  00000E  0016A7      2D32       0  CODE        2
                text14                         0016A7  00000F  0016B6      2D4E       0  CODE        2
                text93                         0016B6  000011  0016C7      2D6C       0  CODE        2
                text60                         0016C7  000011  0016D8      2D8E       0  CODE        2
                text88                         0016D8  000012  0016EA      2DB0       0  CODE        2
                text9                          0016EA  000013  0016FD      2DD4       0  CODE        2
                text7                          0016FD  000013  001710      2DFA       0  CODE        2
                text98                         001710  000015  001725      2E20       0  CODE        2
                text73                         001725  000015  00173A      2E4A       0  CODE        2
                text17                         00173A  000015  00174F      2E74       0  CODE        2
                text2                          00174F  000016  001765      2E9E       0  CODE        2
                text67                         001765  000018  00177D      2ECA       0  CODE        2
                text96                         00177D  000019  001796      2EFA       0  CODE        2
                text15                         001796  000019  0017AF      2F2C       0  CODE        2
                text21                         0017AF  00001A  0017C9      2F5E       0  CODE        2
                text11                         0017C9  00001B  0017E4      2F92       0  CODE        2
                text84                         0017E4  00001C  001800      2FC8       0  CODE        2
                stringtext2                    001800  0000BA  0018BA      3000       0  STRCODE     2
                eeprom_data                    00F000  000010  00F010     1E000       3  EEDATA      2


UNUSED ADDRESS RANGES

        Name                Unused          Largest block    Delta
        BANK2            00152-0016F              1E           1
        BANK3            001EC-001EF               4           1
        BANK4            00220-0026F              50           1
        BANK5            002A0-002EF              50           1
        BANK6            00320-0032F              10           1
        BIGRAM           02000-021EF             1F0           1
        CODE             01035-015A2             56E           2
                         018BA-01FFF             746
        COMMON           0007C-0007D               2           1
        CONST            01035-015A2             100           2
                         018BA-01FFF             100
        EEDATA           0F010-0F0FF              F0           2
        ENTRY            01035-015A2             100           2
                         018BA-01FFF             100
        IDLOC            08000-08003               4           2
        RAM              00152-0016F              1E           1
                         001EC-001EF               4
                         00220-0026F              50
                         002A0-002EF              50
                         00320-0032F              10
        SFR0             00000-0001F              20           1
        SFR1             00080-0009F              20           1
        SFR10            00500-0056F              70           1
        SFR11            00580-005EF              70           1
        SFR12            00600-0066F              70           1
        SFR13            00680-006EF              70           1
        SFR14            00700-0076F              70           1
        SFR15            00780-007EF              70           1
        SFR16            00800-0086F              70           1
        SFR17            00880-008EF              70           1
        SFR18            00900-0096F              70           1
        SFR19            00980-009EF              70           1
        SFR2             00100-0011F              20           1
        SFR20            00A00-00A6F              70           1
        SFR21            00A80-00AEF              70           1
        SFR22            00B00-00B6F              70           1
        SFR23            00B80-00BEF              70           1
        SFR24            00C00-00C6F              70           1
        SFR25            00C80-00CEF              70           1
        SFR26            00D00-00D6F              70           1
        SFR27            00D80-00DEF              70           1
        SFR28            00E00-00E6F              70           1
        SFR29            00E80-00EEF              70           1
        SFR3             00180-0019F              20           1
        SFR30            00F00-00F6F              70           1
        SFR31            00F80-00FEF              70           1
        SFR4             00200-0021F              20           1
        SFR5             00280-0029F              20           1
        SFR6             00300-0031F              20           1
        SFR7             00380-003EF              70           1
        SFR8             00400-0046F              70           1
        SFR9             00480-004EF              70           1
        STRCODE          01035-015A2             56E           2
                         018BA-01FFF             746
        STRING           01035-015A2             100           2
                         018BA-01FFF             100

                                  Symbol Table

?_EEPROM_ReadWord                         cstackCOMMON 00076
?___awdiv                                 cstackCOMMON 00072
?___awmod                                 cstackCOMMON 00072
?___lwdiv                                 cstackCOMMON 00072
?___lwmod                                 cstackCOMMON 00072
?___wmul                                  cstackCOMMON 00072
?_abs                                     cstackBANK0  00020
?_sprintf                                 cstackBANK0  0003B
?_vfprintf                                cstackBANK0  00034
Digital2Number@Num                        cstackBANK0  00030
Digital2Number@digital                    cstackCOMMON 00078
Digital2Number@temp1                      cstackBANK0  00028
Digital2Number@temp2                      cstackBANK0  0002A
Digital2Number@temp3                      cstackBANK0  0002C
Digital2Number@temp4                      cstackBANK0  0002E
DispFunctionSet@Num                       cstackBANK0  00057
DispFunctionSet@buf                       cstackBANK0  00059
DispFunctionSet@mode                      cstackBANK0  0005A
DispFunctionSet@n                         cstackBANK0  00056
DispNormal@Num                            cstackBANK0  00057
DispNormal@buf                            cstackBANK0  00059
DispNormal@digital                        cstackBANK0  00068
DispNormal@mode                           cstackBANK0  00064
DispNormal@n                              cstackBANK0  00056
DispNormal@temp_str                       cstackBANK0  00065
DispTimeAdjustment@Num                    cstackBANK0  00057
DispTimeAdjustment@buf                    cstackBANK0  00059
DispTimeAdjustment@digital                cstackBANK0  00068
DispTimeAdjustment@mode                   cstackBANK0  00064
DispTimeAdjustment@n                      cstackBANK0  00056
DispTimeAdjustment@temp_str               cstackBANK0  00065
EEPROM_ReadWord@address                   cstackBANK0  00027
EEPROM_ReadWord@high                      cstackBANK0  00026
EEPROM_ReadWord@low                       cstackBANK0  00025
EEPROM_WriteWord@address                  cstackCOMMON 00079
EEPROM_WriteWord@value                    cstackCOMMON 00076
I2C_CallbackReturnReset@funPtr            cstackCOMMON 00079
I2C_Close@returnValue                     cstackCOMMON 00072
I2C_MasterOperation@read                  cstackBANK0  00024
I2C_MasterOperation@returnValue           cstackBANK0  00025
I2C_MasterSendTxData@data                 cstackCOMMON 00072
I2C_Open@address                          cstackCOMMON 00072
I2C_Open@returnValue                      cstackCOMMON 00073
I2C_SetAddressNackCallback@cb             cstackCOMMON 00076
I2C_SetAddressNackCallback@ptr            cstackCOMMON 00078
I2C_SetBuffer@buffer                      cstackCOMMON 00074
I2C_SetBuffer@bufferSize                  cstackCOMMON 00072
I2C_SetCallback@cb                        cstackCOMMON 00072
I2C_SetCallback@idx                       cstackCOMMON 00075
I2C_SetCallback@ptr                       cstackCOMMON 00074
I2C_SetDataCompleteCallback@cb            cstackCOMMON 00076
I2C_SetDataCompleteCallback@ptr           cstackCOMMON 00078
I2C_Write1ByteRegister@address            cstackBANK0  00028
I2C_Write1ByteRegister@data               cstackBANK0  00027
I2C_Write1ByteRegister@reg                cstackBANK0  00026
KEY_Init@i                                cstackCOMMON 00077
KEY_ScanAll@ii                            cstackCOMMON 00078
KEY_ScanAll@k                             cstackCOMMON 00079
LCD_Command@cmd                           cstackBANK0  0002E
LCD_Data@data                             cstackBANK0  0002E
LCD_Print@str                             cstackBANK0  00030
LCD_SetCursor@F3193                       dataBANK1    000E8
LCD_SetCursor@col                         cstackBANK0  00034
LCD_SetCursor@row                         cstackBANK0  0002F
LCD_SetCursor@row_offsets                 cstackBANK0  00030
Number2Digital@Num                        cstackBANK0  00020
Number2Digital@digiNum                    cstackBANK0  00022
Number2Digital@temp                       cstackBANK0  00023
PCF8574_LCD_SendNibble@data               cstackBANK0  0002C
PCF8574_LCD_SendNibble@nibble             cstackBANK0  0002B
PCF8574_LCD_SendNibble@rs                 cstackBANK0  00029
TMR0_ISR@CountCallBack                    bssBANK1     000C9
TMR0_SetInterruptHandler@InterruptHandler cstackCOMMON 00072
TMR1_SetInterruptHandler@InterruptHandler cstackCOMMON 00072
TMR1_WriteTimer@timerVal                  cstackCOMMON 00070
TimeAdjustment@DigPtr                     cstackBANK0  00032
_ANSELA                                   (abs)        0018C
_ANSELB                                   (abs)        0018D
_APFCON                                   (abs)        0011D
_AdjustMode                               bssBANK1     000D4
_BORCON                                   (abs)        00116
_Cursor_pos                               bssBANK1     000DD
_Digital2Number                           text4        00EA3
_DispFunctionSet                          text82       00940
_DispNormal                               text76       00715
_DispTimeAdjustment                       text75       00630
_EEADR                                    (abs)        00191
_EECON1                                   (abs)        00195
_EECON1bits                               (abs)        00195
_EECON2                                   (abs)        00196
_EEDATA                                   (abs)        00193
_EEPROM_ReadWord                          text16       0088F
_EEPROM_WriteWord                         text2        0174F
_FunctionSet                              text74       00F88
_I2C_CallbackReturnReset                  text58       015A6
_I2C_CallbackReturnStop                   text59       015A4
_I2C_Close                                text67       01765
_I2C_DO_ADDRESS_NACK                      text35       0096A
_I2C_DO_IDLE                              text49       015D4
_I2C_DO_RCEN                              text44       0162A
_I2C_DO_RESET                             text36       015FC
_I2C_DO_RX                                text45       00B9A
_I2C_DO_RX_ACK                            text39       015ED
_I2C_DO_RX_NACK_RESTART                   text37       015F7
_I2C_DO_RX_NACK_STOP                      text38       015F2
_I2C_DO_SEND_ADR_READ                     text48       01631
_I2C_DO_SEND_ADR_WRITE                    text47       007F8
_I2C_DO_SEND_RESTART                      text41       015E3
_I2C_DO_SEND_RESTART_READ                 text43       015D9
_I2C_DO_SEND_RESTART_WRITE                text42       015DE
_I2C_DO_SEND_STOP                         text40       015E8
_I2C_DO_TX                                text46       00CCA
_I2C_DO_TX_EMPTY                          text50       009EB
_I2C_Initialize                           text13       0163A
_I2C_MasterClearIrq                       text70       015A8
_I2C_MasterClose                          text69       015AB
_I2C_MasterDisableIrq                     text68       015AE
_I2C_MasterEnableRestart                  text65       015B4
_I2C_MasterFsm                            text34       00917
_I2C_MasterGetRxData                      text55       015BD
_I2C_MasterIsNack                         text52       01606
_I2C_MasterOpen                           text29       0167F
_I2C_MasterOperation                      text31       008CE
_I2C_MasterSendAck                        text54       015C7
_I2C_MasterSendNack                       text56       015C3
_I2C_MasterSendTxData                     text53       015CF
_I2C_MasterSetIrq                         text51       015C0
_I2C_MasterStart                          text66       015B1
_I2C_MasterStartRx                        text57       015BA
_I2C_MasterStop                           text64       015B7
_I2C_MasterWaitForEvent                   text33       0160C
_I2C_MasterWrite                          text30       01601
_I2C_Open                                 text28       00AB2
_I2C_Poller                               text32       01672
_I2C_SetAddressNackCallback               text27       0164E
_I2C_SetBuffer                            text63       01699
_I2C_SetCallback                          text62       008EF
_I2C_SetDataCompleteCallback              text61       01643
_I2C_Status                               bssBANK2     00120
_I2C_Write1ByteRegister                   text26       00A19
_INTCONbits                               (abs)        0000B
_INTERRUPT_InterruptManager               intentry     00004
_KEY_Init                                 text72       00D20
_KEY_ScanAll                              text71       004EB
_KeepTimerCounter                         text95       00BDF
_LATA                                     (abs)        0010C
_LATB                                     (abs)        0010D
_LATC                                     (abs)        0010E
_LATCbits                                 (abs)        0010E
_LATE                                     (abs)        00110
_LCD_Command                              text24       00852
_LCD_Data                                 text22       008AE
_LCD_DispMode                             bssBANK0     0006C
_LCD_Init                                 text23       00DDD
_LCD_Print                                text21       017AF
_LCD_SetCursor                            text20       00817
_Normal                                   text18       00B23
_Number2Digital                           text78       00F11
_OPTION_REG                               (abs)        00095
_OPTION_REGbits                           (abs)        00095
_OSCCON                                   (abs)        00099
_OSCILLATOR_Initialize                    text12       01659
_OSCTUNE                                  (abs)        00098
_OutState                                 bssCOMMON    0007A
_PCF8574_LCD_SendNibble                   text25       009BE
_PIE1bits                                 (abs)        00091
_PIN_MANAGER_Initialize                   text11       017C9
_PIR1bits                                 (abs)        00011
_PLLR                                     (abs)        004D6
_PORTBbits                                (abs)        0000D
_POWER_ON_EEPROM_READ                     text15       01796
_RelayControl_Init                        text14       016A7
_RelayState                               bssBANK1     000D2
_SSPADD                                   (abs)        00212
_SSPBUF                                   (abs)        00211
_SSPCON1                                  (abs)        00215
_SSPCON1bits                              (abs)        00215
_SSPCON2                                  (abs)        00216
_SSPCON2bits                              (abs)        00216
_SSPSTAT                                  (abs)        00214
_STATUSbits                               (abs)        00003
_SYSTEM_Initialize                        text7        016FD
_SetTimer1_cnt                            dataBANK1    000EC
_SetTimer1_digi                           bssBANK1     000E4
_SetTimer2_cnt                            dataBANK0    0006E
_SetTimer2_digi                           bssBANK1     000E0
_T0_10ms_cnt                              bssBANK1     000DA
_T0_1second_cnt                           bssBANK1     000D9
_T1CON                                    (abs)        00018
_T1CONbits                                (abs)        00018
_T1GCON                                   (abs)        00019
_T1GCONbits                               (abs)        00019
_T1_1000ms_cnt                            bssBANK1     000C3
_T1_100ms_cnt                             bssBANK1     000C5
_T1_10ms_cnt                              bssBANK1     000C7
_TMR0                                     (abs)        00015
_TMR0_10msEven                            text98       01710
_TMR0_CallBack                            text97       01665
_TMR0_ISR                                 text96       0177D
_TMR0_Initialize                          text10       0168C
_TMR0_InterruptHandler                    bssBANK1     000CB
_TMR0_SetInterruptHandler                 text6        01612
_TMR1H                                    (abs)        00017
_TMR1L                                    (abs)        00016
_TMR1_10msEven                            text94       00E3F
_TMR1_ISR                                 text92       00800
_TMR1_Initialize                          text9        016EA
_TMR1_InterruptHandler                    bssBANK1     000CD
_TMR1_SetInterruptHandler                 text5        01618
_TMR1_WriteTimer                          text93       016B6
_TRISA                                    (abs)        0008C
_TRISB                                    (abs)        0008D
_TRISC                                    (abs)        0008E
_TRISE                                    (abs)        00090
_TimeAdjustment                           text1        0037E
_TimeMode                                 bssBANK0     0006D
_TimeModeSelect                           text19       00A4B
_TimerState                               bssBANK1     000D3
_WDTCON                                   (abs)        00097
_WDT_Initialize                           text8        015CB
_WPUB                                     (abs)        0020D
_WPUE                                     (abs)        00210
__Beeprom_data                            eeprom_data  0F000
__H__absolute__                           __absolute__ 00000
__Habs1                                   abs1         00000
__Hbank0                                  bank0        00000
__Hbank1                                  bank1        00000
__Hbank10                                 bank10       00000
__Hbank11                                 bank11       00000
__Hbank12                                 bank12       00000
__Hbank13                                 bank13       00000
__Hbank14                                 bank14       00000
__Hbank15                                 bank15       00000
__Hbank16                                 bank16       00000
__Hbank17                                 bank17       00000
__Hbank18                                 bank18       00000
__Hbank19                                 bank19       00000
__Hbank2                                  bank2        00000
__Hbank20                                 bank20       00000
__Hbank21                                 bank21       00000
__Hbank22                                 bank22       00000
__Hbank23                                 bank23       00000
__Hbank24                                 bank24       00000
__Hbank25                                 bank25       00000
__Hbank26                                 bank26       00000
__Hbank27                                 bank27       00000
__Hbank28                                 bank28       00000
__Hbank29                                 bank29       00000
__Hbank3                                  bank3        00000
__Hbank30                                 bank30       00000
__Hbank31                                 bank31       00000
__Hbank4                                  bank4        00000
__Hbank5                                  bank5        00000
__Hbank6                                  bank6        00000
__Hbank7                                  bank7        00000
__Hbank8                                  bank8        00000
__Hbank9                                  bank9        00000
__Hbigram                                 bigram       00000
__HbssBANK0                               bssBANK0     00000
__HbssBANK1                               bssBANK1     00000
__HbssBANK2                               bssBANK2     00000
__HbssBANK3                               bssBANK3     00000
__HbssCOMMON                              bssCOMMON    00000
__Hcinit                                  cinit        00062
__Hclrtext                                clrtext      00000
__Hcode                                   code         00000
__Hcommon                                 common       00000
__Hconfig                                 config       08009
__HcstackBANK0                            cstackBANK0  00000
__HcstackBANK1                            cstackBANK1  00000
__HcstackCOMMON                           cstackCOMMON 00000
__HdataBANK0                              dataBANK0    00000
__HdataBANK1                              dataBANK1    00000
__Heeprom_data                            eeprom_data  00010
__Hend_init                               end_init     00028
__Hfunctab                                functab      00000
__Hheap                                   heap         00000
__HidataBANK0                             idataBANK0   00000
__HidataBANK1                             idataBANK1   00000
__Hinit                                   init         00026
__Hintentry                               intentry     00026
__Hmaintext                               maintext     00000
__Hpowerup                                powerup      00000
__Hram                                    ram          00000
__Hreset_vec                              reset_vec    00002
__Hsfr0                                   sfr0         00000
__Hsfr1                                   sfr1         00000
__Hsfr10                                  sfr10        00000
__Hsfr11                                  sfr11        00000
__Hsfr12                                  sfr12        00000
__Hsfr13                                  sfr13        00000
__Hsfr14                                  sfr14        00000
__Hsfr15                                  sfr15        00000
__Hsfr16                                  sfr16        00000
__Hsfr17                                  sfr17        00000
__Hsfr18                                  sfr18        00000
__Hsfr19                                  sfr19        00000
__Hsfr2                                   sfr2         00000
__Hsfr20                                  sfr20        00000
__Hsfr21                                  sfr21        00000
__Hsfr22                                  sfr22        00000
__Hsfr23                                  sfr23        00000
__Hsfr24                                  sfr24        00000
__Hsfr25                                  sfr25        00000
__Hsfr26                                  sfr26        00000
__Hsfr27                                  sfr27        00000
__Hsfr28                                  sfr28        00000
__Hsfr29                                  sfr29        00000
__Hsfr3                                   sfr3         00000
__Hsfr30                                  sfr30        00000
__Hsfr31                                  sfr31        00000
__Hsfr4                                   sfr4         00000
__Hsfr5                                   sfr5         00000
__Hsfr6                                   sfr6         00000
__Hsfr7                                   sfr7         00000
__Hsfr8                                   sfr8         00000
__Hsfr9                                   sfr9         00000
__Hsivt                                   sivt         00026
__Hspace_0                                (abs)        018BA
__Hspace_1                                (abs)        001EC
__Hspace_2                                (abs)        00000
__Hspace_3                                (abs)        00010
__Hspace_4                                (abs)        10010
__Hstack                                  stack        00000
__Hstrings                                strings      00000
__Hstringtext1                            stringtext1  00000
__Hstringtext10                           stringtext10 00000
__Hstringtext11                           stringtext11 00000
__Hstringtext12                           stringtext12 00000
__Hstringtext13                           stringtext13 00000
__Hstringtext14                           stringtext14 00000
__Hstringtext2                            stringtext2  00000
__Hstringtext3                            stringtext3  00000
__Hstringtext4                            stringtext4  00000
__Hstringtext5                            stringtext5  00000
__Hstringtext6                            stringtext6  00000
__Hstringtext7                            stringtext7  00000
__Hstringtext8                            stringtext8  00000
__Hstringtext9                            stringtext9  00000
__Htext                                   text         00000
__L__absolute__                           __absolute__ 00000
__Labs1                                   abs1         00000
__Lbank0                                  bank0        00000
__Lbank1                                  bank1        00000
__Lbank10                                 bank10       00000
__Lbank11                                 bank11       00000
__Lbank12                                 bank12       00000
__Lbank13                                 bank13       00000
__Lbank14                                 bank14       00000
__Lbank15                                 bank15       00000
__Lbank16                                 bank16       00000
__Lbank17                                 bank17       00000
__Lbank18                                 bank18       00000
__Lbank19                                 bank19       00000
__Lbank2                                  bank2        00000
__Lbank20                                 bank20       00000
__Lbank21                                 bank21       00000
__Lbank22                                 bank22       00000
__Lbank23                                 bank23       00000
__Lbank24                                 bank24       00000
__Lbank25                                 bank25       00000
__Lbank26                                 bank26       00000
__Lbank27                                 bank27       00000
__Lbank28                                 bank28       00000
__Lbank29                                 bank29       00000
__Lbank3                                  bank3        00000
__Lbank30                                 bank30       00000
__Lbank31                                 bank31       00000
__Lbank4                                  bank4        00000
__Lbank5                                  bank5        00000
__Lbank6                                  bank6        00000
__Lbank7                                  bank7        00000
__Lbank8                                  bank8        00000
__Lbank9                                  bank9        00000
__Lbigram                                 bigram       00000
__LbssBANK0                               bssBANK0     00000
__LbssBANK1                               bssBANK1     00000
__LbssBANK2                               bssBANK2     00000
__LbssBANK3                               bssBANK3     00000
__LbssCOMMON                              bssCOMMON    00000
__Lcinit                                  cinit        00028
__Lclrtext                                clrtext      00000
__Lcode                                   code         00000
__Lcommon                                 common       00000
__Lconfig                                 config       00000
__LcstackBANK0                            cstackBANK0  00000
__LcstackBANK1                            cstackBANK1  00000
__LcstackCOMMON                           cstackCOMMON 00000
__LdataBANK0                              dataBANK0    00000
__LdataBANK1                              dataBANK1    00000
__Leeprom_data                            eeprom_data  00000
__Lend_init                               end_init     00026
__Lfunctab                                functab      00000
__Lheap                                   heap         00000
__LidataBANK0                             idataBANK0   00000
__LidataBANK1                             idataBANK1   00000
__Linit                                   init         00026
__Lintentry                               intentry     00004
__Lmaintext                               maintext     00000
__Lpowerup                                powerup      00000
__Lram                                    ram          00000
__Lreset_vec                              reset_vec    00000
__Lsfr0                                   sfr0         00000
__Lsfr1                                   sfr1         00000
__Lsfr10                                  sfr10        00000
__Lsfr11                                  sfr11        00000
__Lsfr12                                  sfr12        00000
__Lsfr13                                  sfr13        00000
__Lsfr14                                  sfr14        00000
__Lsfr15                                  sfr15        00000
__Lsfr16                                  sfr16        00000
__Lsfr17                                  sfr17        00000
__Lsfr18                                  sfr18        00000
__Lsfr19                                  sfr19        00000
__Lsfr2                                   sfr2         00000
__Lsfr20                                  sfr20        00000
__Lsfr21                                  sfr21        00000
__Lsfr22                                  sfr22        00000
__Lsfr23                                  sfr23        00000
__Lsfr24                                  sfr24        00000
__Lsfr25                                  sfr25        00000
__Lsfr26                                  sfr26        00000
__Lsfr27                                  sfr27        00000
__Lsfr28                                  sfr28        00000
__Lsfr29                                  sfr29        00000
__Lsfr3                                   sfr3         00000
__Lsfr30                                  sfr30        00000
__Lsfr31                                  sfr31        00000
__Lsfr4                                   sfr4         00000
__Lsfr5                                   sfr5         00000
__Lsfr6                                   sfr6         00000
__Lsfr7                                   sfr7         00000
__Lsfr8                                   sfr8         00000
__Lsfr9                                   sfr9         00000
__Lsivt                                   sivt         00026
__Lspace_0                                (abs)        00000
__Lspace_1                                (abs)        00000
__Lspace_2                                (abs)        00000
__Lspace_3                                (abs)        00000
__Lspace_4                                (abs)        00000
__Lstack                                  stack        00000
__Lstrings                                strings      00000
__Lstringtext1                            stringtext1  00000
__Lstringtext10                           stringtext10 00000
__Lstringtext11                           stringtext11 00000
__Lstringtext12                           stringtext12 00000
__Lstringtext13                           stringtext13 00000
__Lstringtext14                           stringtext14 00000
__Lstringtext2                            stringtext2  00000
__Lstringtext3                            stringtext3  00000
__Lstringtext4                            stringtext4  00000
__Lstringtext5                            stringtext5  00000
__Lstringtext6                            stringtext6  00000
__Lstringtext7                            stringtext7  00000
__Lstringtext8                            stringtext8  00000
__Lstringtext9                            stringtext9  00000
__Ltext                                   text         00000
__S0                                      (abs)        018BA
__S1                                      (abs)        001EC
__S3                                      (abs)        0F010
___awdiv                                  text90       00D7D
___awdiv@counter                          cstackBANK0  00020
___awdiv@dividend                         cstackCOMMON 00074
___awdiv@divisor                          cstackCOMMON 00072
___awdiv@quotient                         cstackBANK0  00022
___awdiv@sign                             cstackBANK0  00021
___awmod                                  text89       00C77
___awmod@counter                          cstackCOMMON 00077
___awmod@dividend                         cstackCOMMON 00074
___awmod@divisor                          cstackCOMMON 00072
___awmod@sign                             cstackCOMMON 00078
___bmul                                   text73       01725
___bmul@multiplicand                      cstackCOMMON 00072
___bmul@multiplier                        cstackCOMMON 00075
___bmul@product                           cstackCOMMON 00074
___heap_hi                                (abs)        00000
___heap_lo                                (abs)        00000
___int_sp                                 stack        00000
___int_stack_hi                           stack        00000
___int_stack_lo                           stack        00000
___latbits                                (abs)        00002
___lwdiv                                  text81       00B5E
___lwdiv@counter                          cstackCOMMON 00077
___lwdiv@dividend                         cstackCOMMON 00074
___lwdiv@divisor                          cstackCOMMON 00072
___lwdiv@quotient                         cstackCOMMON 00078
___lwmod                                  text80       00A7E
___lwmod@counter                          cstackCOMMON 00077
___lwmod@dividend                         cstackCOMMON 00074
___lwmod@divisor                          cstackCOMMON 00072
___sp                                     stack        00000
___stack_hi                               stack        00000
___stack_lo                               stack        00000
___stackhi                                (abs)        00000
___stacklo                                (abs)        00000
___wmul                                   text79       00870
___wmul@multiplicand                      cstackCOMMON 00074
___wmul@multiplier                        cstackCOMMON 00072
___wmul@product                           cstackCOMMON 00076
__end_of_Digital2Number                   text4        00F11
__end_of_DispFunctionSet                  text82       0096A
__end_of_DispNormal                       text76       007F8
__end_of_DispTimeAdjustment               text75       00715
__end_of_EEPROM_ReadWord                  text16       008AE
__end_of_EEPROM_WriteWord                 text2        01765
__end_of_FunctionSet                      text74       01000
__end_of_I2C_CallbackReturnReset          text58       015A8
__end_of_I2C_CallbackReturnStop           text59       015A6
__end_of_I2C_Close                        text67       0177D
__end_of_I2C_DO_ADDRESS_NACK              text35       00994
__end_of_I2C_DO_IDLE                      text49       015D9
__end_of_I2C_DO_RCEN                      text44       01631
__end_of_I2C_DO_RESET                     text36       01601
__end_of_I2C_DO_RX                        text45       00BDF
__end_of_I2C_DO_RX_ACK                    text39       015F2
__end_of_I2C_DO_RX_NACK_RESTART           text37       015FC
__end_of_I2C_DO_RX_NACK_STOP              text38       015F7
__end_of_I2C_DO_SEND_ADR_READ             text48       0163A
__end_of_I2C_DO_SEND_ADR_WRITE            text47       00800
__end_of_I2C_DO_SEND_RESTART              text41       015E8
__end_of_I2C_DO_SEND_RESTART_READ         text43       015DE
__end_of_I2C_DO_SEND_RESTART_WRITE        text42       015E3
__end_of_I2C_DO_SEND_STOP                 text40       015ED
__end_of_I2C_DO_TX                        text46       00D20
__end_of_I2C_DO_TX_EMPTY                  text50       00A19
__end_of_I2C_Initialize                   text13       01643
__end_of_I2C_MasterClearIrq               text70       015AB
__end_of_I2C_MasterClose                  text69       015AE
__end_of_I2C_MasterDisableIrq             text68       015B1
__end_of_I2C_MasterEnableRestart          text65       015B7
__end_of_I2C_MasterFsm                    text34       00940
__end_of_I2C_MasterGetRxData              text55       015C0
__end_of_I2C_MasterIsNack                 text52       0160C
__end_of_I2C_MasterOpen                   text29       0168C
__end_of_I2C_MasterOperation              text31       008EF
__end_of_I2C_MasterSendAck                text54       015CB
__end_of_I2C_MasterSendNack               text56       015C7
__end_of_I2C_MasterSendTxData             text53       015D4
__end_of_I2C_MasterSetIrq                 text51       015C3
__end_of_I2C_MasterStart                  text66       015B4
__end_of_I2C_MasterStartRx                text57       015BD
__end_of_I2C_MasterStop                   text64       015BA
__end_of_I2C_MasterWaitForEvent           text33       01612
__end_of_I2C_MasterWrite                  text30       01606
__end_of_I2C_Open                         text28       00AE8
__end_of_I2C_Poller                       text32       0167F
__end_of_I2C_SetAddressNackCallback       text27       01659
__end_of_I2C_SetBuffer                    text63       016A7
__end_of_I2C_SetCallback                  text62       00917
__end_of_I2C_SetDataCompleteCallback      text61       0164E
__end_of_I2C_Write1ByteRegister           text26       00A4B
__end_of_INTERRUPT_InterruptManager       intentry     00026
__end_of_KEY_Init                         text72       00D7D
__end_of_KEY_ScanAll                      text71       00630
__end_of_KeepTimerCounter                 text95       00C26
__end_of_LCD_Command                      text24       00870
__end_of_LCD_Data                         text22       008CE
__end_of_LCD_Init                         text23       00E3F
__end_of_LCD_Print                        text21       017C9
__end_of_LCD_SetCursor                    text20       00834
__end_of_Normal                           text18       00B5E
__end_of_Number2Digital                   text78       00F88
__end_of_OSCILLATOR_Initialize            text12       01665
__end_of_PCF8574_LCD_SendNibble           text25       009EB
__end_of_PIN_MANAGER_Initialize           text11       017E4
__end_of_POWER_ON_EEPROM_READ             text15       017AF
__end_of_RelayControl_Init                text14       016B6
__end_of_SYSTEM_Initialize                text7        01710
__end_of_TMR0_10msEven                    text98       01725
__end_of_TMR0_CallBack                    text97       01672
__end_of_TMR0_ISR                         text96       01796
__end_of_TMR0_Initialize                  text10       01699
__end_of_TMR0_SetInterruptHandler         text6        01618
__end_of_TMR1_10msEven                    text94       00EA3
__end_of_TMR1_ISR                         text92       00817
__end_of_TMR1_Initialize                  text9        016FD
__end_of_TMR1_SetInterruptHandler         text5        0161E
__end_of_TMR1_WriteTimer                  text93       016C7
__end_of_TimeAdjustment                   text1        004EB
__end_of_TimeModeSelect                   text19       00A7E
__end_of_WDT_Initialize                   text8        015CF
__end_of___awdiv                          text90       00DDD
__end_of___awmod                          text89       00CCA
__end_of___bmul                           text73       0173A
__end_of___lwdiv                          text81       00B9A
__end_of___lwmod                          text80       00AB2
__end_of___wmul                           text79       0088F
__end_of__initialization                  cinit        0005E
__end_of_abs                              text88       016EA
__end_of_eeprom_read                      text17       0174F
__end_of_eeprom_write                     text3        009BE
__end_of_fputc                            text86       00C77
__end_of_i2c_fsmStateTable                stringtext1  01020
__end_of_main                             maintext     00201
__end_of_putch                            text87       015A4
__end_of_sprintf                          text83       00852
__end_of_strncpy                          text77       00B23
__end_of_vfpfcnvrt                        text85       0037E
__end_of_vfprintf                         text84       01800
__end_of_wr1RegCompleteHandler            text60       016D8
__initialization                          cinit        00028
__pbssBANK0                               bssBANK0     0006C
__pbssBANK1                               bssBANK1     000A0
__pbssBANK2                               bssBANK2     00120
__pbssBANK3                               bssBANK3     001A0
__pbssCOMMON                              bssCOMMON    0007A
__pcstackBANK0                            cstackBANK0  00020
__pcstackBANK1                            cstackBANK1  000EE
__pcstackCOMMON                           cstackCOMMON 00070
__pdataBANK0                              dataBANK0    0006E
__pdataBANK1                              dataBANK1    000E8
__pidataBANK0                             idataBANK0   00002
__pidataBANK1                             idataBANK1   01624
__pintentry                               intentry     00004
__pmaintext                               maintext     00062
__pstringtext1                            stringtext1  01000
__pstringtext10                           stringtext10 01890
__pstringtext11                           stringtext11 018A1
__pstringtext12                           stringtext12 018B2
__pstringtext13                           stringtext13 018B6
__pstringtext14                           stringtext14 00000
__pstringtext2                            stringtext2  01800
__pstringtext3                            stringtext3  01815
__pstringtext4                            stringtext4  0182A
__pstringtext5                            stringtext5  0183B
__pstringtext6                            stringtext6  0184C
__pstringtext7                            stringtext7  0185D
__pstringtext8                            stringtext8  0186E
__pstringtext9                            stringtext9  0187F
__ptext1                                  text1        0037E
__ptext10                                 text10       0168C
__ptext11                                 text11       017C9
__ptext12                                 text12       01659
__ptext13                                 text13       0163A
__ptext14                                 text14       016A7
__ptext15                                 text15       01796
__ptext16                                 text16       0088F
__ptext17                                 text17       0173A
__ptext18                                 text18       00B23
__ptext19                                 text19       00A4B
__ptext2                                  text2        0174F
__ptext20                                 text20       00817
__ptext21                                 text21       017AF
__ptext22                                 text22       008AE
__ptext23                                 text23       00DDD
__ptext24                                 text24       00852
__ptext25                                 text25       009BE
__ptext26                                 text26       00A19
__ptext27                                 text27       0164E
__ptext28                                 text28       00AB2
__ptext29                                 text29       0167F
__ptext3                                  text3        00994
__ptext30                                 text30       01601
__ptext31                                 text31       008CE
__ptext32                                 text32       01672
__ptext33                                 text33       0160C
__ptext34                                 text34       00917
__ptext35                                 text35       0096A
__ptext36                                 text36       015FC
__ptext37                                 text37       015F7
__ptext38                                 text38       015F2
__ptext39                                 text39       015ED
__ptext4                                  text4        00EA3
__ptext40                                 text40       015E8
__ptext41                                 text41       015E3
__ptext42                                 text42       015DE
__ptext43                                 text43       015D9
__ptext44                                 text44       0162A
__ptext45                                 text45       00B9A
__ptext46                                 text46       00CCA
__ptext47                                 text47       007F8
__ptext48                                 text48       01631
__ptext49                                 text49       015D4
__ptext5                                  text5        01618
__ptext50                                 text50       009EB
__ptext51                                 text51       015C0
__ptext52                                 text52       01606
__ptext53                                 text53       015CF
__ptext54                                 text54       015C7
__ptext55                                 text55       015BD
__ptext56                                 text56       015C3
__ptext57                                 text57       015BA
__ptext58                                 text58       015A6
__ptext59                                 text59       015A4
__ptext6                                  text6        01612
__ptext60                                 text60       016C7
__ptext61                                 text61       01643
__ptext62                                 text62       008EF
__ptext63                                 text63       01699
__ptext64                                 text64       015B7
__ptext65                                 text65       015B4
__ptext66                                 text66       015B1
__ptext67                                 text67       01765
__ptext68                                 text68       015AE
__ptext69                                 text69       015AB
__ptext7                                  text7        016FD
__ptext70                                 text70       015A8
__ptext71                                 text71       004EB
__ptext72                                 text72       00D20
__ptext73                                 text73       01725
__ptext74                                 text74       00F88
__ptext75                                 text75       00630
__ptext76                                 text76       00715
__ptext77                                 text77       00AE8
__ptext78                                 text78       00F11
__ptext79                                 text79       00870
__ptext8                                  text8        015CB
__ptext80                                 text80       00A7E
__ptext81                                 text81       00B5E
__ptext82                                 text82       00940
__ptext83                                 text83       00834
__ptext84                                 text84       017E4
__ptext85                                 text85       00201
__ptext86                                 text86       00C26
__ptext87                                 text87       015A3
__ptext88                                 text88       016D8
__ptext89                                 text89       00C77
__ptext9                                  text9        016EA
__ptext90                                 text90       00D7D
__ptext92                                 text92       00800
__ptext93                                 text93       016B6
__ptext94                                 text94       00E3F
__ptext95                                 text95       00BDF
__ptext96                                 text96       0177D
__ptext97                                 text97       01665
__ptext98                                 text98       01710
_abs                                      text88       016D8
_buf                                      bssBANK2     00141
_dbuf                                     bssBANK3     001A0
_eeprom_read                              text17       0173A
_eeprom_write                             text3        00994
_fLCD_updata                              bssBANK1     000DC
_fT0_1second                              bssBANK1     000DE
_fT0_fT10ms                               bssBANK1     000DF
_fT1_100ms                                bssBANK1     000D7
_fT1_10ms                                 bssBANK1     000D8
_fT1_1second                              bssBANK1     000D6
_fT1_TimerUp                              bssBANK1     000D5
_flags                                    bssBANK1     000D1
_fputc                                    text86       00C26
_i2c_fsmStateTable                        stringtext1  01000
_key                                      bssBANK3     001C0
_main                                     maintext     00062
_prec                                     bssBANK1     000B7
_putch                                    text87       015A3
_sprintf                                  text83       00834
_strncpy                                  text77       00AE8
_timer0ReloadVal                          bssCOMMON    0007B
_timer1ReloadVal                          bssBANK1     000CF
_vfpfcnvrt                                text85       00201
_vfprintf                                 text84       017E4
_width                                    bssBANK1     000B5
_wr1RegCompleteHandler                    text60       016C7
_x100T_cnt                                bssBANK1     000BD
_x10T_cnt                                 bssBANK1     000BF
_x1T_cnt                                  bssBANK1     000C1
_xComm_cnt                                bssBANK1     000BB
abs@a                                     cstackBANK0  00020
btemp                                     (abs)        0007E
clear_ram0                                clrtext      0161E
eeprom_read@addr                          cstackCOMMON 00075
eeprom_write@addr                         cstackCOMMON 00075
eeprom_write@value                        cstackCOMMON 00072
end_of_initialization                     cinit        0005E
fputc@c                                   cstackCOMMON 00072
fputc@fp                                  cstackCOMMON 00074
int$flags                                 (abs)        0007E
intlevel0                                 functab      00000
intlevel1                                 functab      00000
intlevel2                                 functab      00000
intlevel3                                 functab      00000
intlevel4                                 functab      00000
intlevel5                                 functab      00000
reset_vec                                 reset_vec    00000
sprintf@ap                                cstackBANK0  00049
sprintf@f                                 cstackBANK0  0004A
sprintf@fmt                               cstackBANK0  0003B
sprintf@s                                 cstackBANK0  00055
start                                     init         00026
start_initialization                      cinit        00028
strncpy@cp                                cstackCOMMON 00078
strncpy@d                                 cstackCOMMON 00079
strncpy@n                                 cstackCOMMON 00074
strncpy@s                                 cstackCOMMON 00072
vfpfcnvrt@ap                              cstackBANK0  00025
vfpfcnvrt@c                               cstackBANK0  00033
vfpfcnvrt@convarg                         cstackBANK0  0002F
vfpfcnvrt@cp                              cstackBANK0  0002B
vfpfcnvrt@cp_1942                         cstackBANK0  0002A
vfpfcnvrt@done                            cstackBANK0  0002D
vfpfcnvrt@fmt                             cstackBANK0  00024
vfpfcnvrt@fp                              cstackBANK0  0002E
vfprintf@ap                               cstackBANK0  00036
vfprintf@cfmt                             cstackBANK0  00039
vfprintf@fmt                              cstackBANK0  00034
vfprintf@fp                               cstackBANK0  00038
wr1RegCompleteHandler@ptr                 cstackCOMMON 00079
wtemp0                                    (abs)        0007E


MODULE INFORMATION

Module		Function		Class		Link	Load	Size
C:\Program Files\Microchip\xc8\v2.46\pic\sources\c99\pic\__eeread.c
		_eeprom_read   		CODE           	173A	0000	21

C:\Program Files\Microchip\xc8\v2.46\pic\sources\c99\pic\__eeread.c estimated size: 21

C:\Program Files\Microchip\xc8\v2.46\pic\sources\c99\pic\__eewrite.c
		_eeprom_write  		CODE           	0994	0000	42

C:\Program Files\Microchip\xc8\v2.46\pic\sources\c99\pic\__eewrite.c estimated size: 42

C:\Program Files\Microchip\xc8\v2.46\pic\sources\c99\common\nf_fputc.c
		_fputc         		CODE           	0C26	0000	81

C:\Program Files\Microchip\xc8\v2.46\pic\sources\c99\common\nf_fputc.c estimated size: 81

C:\Program Files\Microchip\xc8\v2.46\pic\sources\c99\common\lwdiv.c
		___lwdiv       		CODE           	0B5E	0000	60

C:\Program Files\Microchip\xc8\v2.46\pic\sources\c99\common\lwdiv.c estimated size: 60

C:\Program Files\Microchip\xc8\v2.46\pic\sources\c99\common\awdiv.c
		___awdiv       		CODE           	0D7D	0000	96

C:\Program Files\Microchip\xc8\v2.46\pic\sources\c99\common\awdiv.c estimated size: 96

mcc_generated_files/interrupt_manager.c
		_INTERRUPT_InterruptManager		CODE           	0004	0000	34

mcc_generated_files/interrupt_manager.c estimated size: 34

mcc_generated_files/examples/i2c_master_example.c
		_wr1RegCompleteHandler		CODE           	16C7	0000	17
		_I2C_Write1ByteRegister		CODE           	0A19	0000	50

mcc_generated_files/examples/i2c_master_example.c estimated size: 67

mcc_generated_files/tmr0.c
		_TMR0_SetInterruptHandler		CODE           	1612	0000	6
		_TMR0_CallBack 		CODE           	1665	0000	13
		_TMR0_ISR      		CODE           	177D	0000	25
		_TMR0_Initialize		CODE           	168C	0000	13

mcc_generated_files/tmr0.c estimated size: 57

C:\Program Files\Microchip\xc8\v2.46\pic\sources\c99\common\Umul8.c
		___bmul        		CODE           	1725	0000	21

C:\Program Files\Microchip\xc8\v2.46\pic\sources\c99\common\Umul8.c estimated size: 21

mcc_generated_files/pin_manager.c
		_PIN_MANAGER_Initialize		CODE           	17C9	0000	27

mcc_generated_files/pin_manager.c estimated size: 27

C:\Program Files\Microchip\xc8\v2.46\pic\sources\c99\common\strncpy.c
		_strncpy       		CODE           	0AE8	0000	59

C:\Program Files\Microchip\xc8\v2.46\pic\sources\c99\common\strncpy.c estimated size: 59

RelayControl.c
		_DispTimeAdjustment		CODE           	0630	0000	229
		_FunctionSet   		CODE           	0F88	0000	120
		_TimeModeSelect		CODE           	0A4B	0000	51
		_DispFunctionSet		CODE           	0940	0000	42
		_Normal        		CODE           	0B23	0000	59
		_TimeAdjustment		CODE           	037E	0000	365
		_Digital2Number		CODE           	0EA3	0000	110
		_RelayControl_Init		CODE           	16A7	0000	15
		_DispNormal    		CODE           	0715	0000	227
		_KeepTimerCounter		CODE           	0BDF	0000	71
		_Number2Digital		CODE           	0F11	0000	119

RelayControl.c estimated size: 1408

eeprom.c
		_EEPROM_WriteWord		CODE           	174F	0000	22
		_POWER_ON_EEPROM_READ		CODE           	1796	0000	25
		_EEPROM_ReadWord		CODE           	088F	0000	31

eeprom.c estimated size: 78

C:\Program Files\Microchip\xc8\v2.46\pic\sources\c99\common\doprnt.c
		_vfpfcnvrt     		CODE           	0201	0000	381
		_vfprintf      		CODE           	17E4	0000	28

C:\Program Files\Microchip\xc8\v2.46\pic\sources\c99\common\doprnt.c estimated size: 409

C:\Program Files\Microchip\xc8\v2.46\pic\sources\c99\common\nf_sprintf.c
		_sprintf       		CODE           	0834	0000	30

C:\Program Files\Microchip\xc8\v2.46\pic\sources\c99\common\nf_sprintf.c estimated size: 30

Key.c
		_KEY_ScanAll   		CODE           	04EB	0000	325
		_KEY_Init      		CODE           	0D20	0000	93

Key.c estimated size: 418

shared
		__initialization		CODE           	0028	0000	54
		_i2c_fsmStateTable		STRCODE        	1000	0000	32

shared estimated size: 86

C:\Program Files\Microchip\xc8\v2.46\pic\sources\c99\common\putch.c
		_putch         		CODE           	15A3	0000	1

C:\Program Files\Microchip\xc8\v2.46\pic\sources\c99\common\putch.c estimated size: 1

C:\Program Files\Microchip\xc8\v2.46\pic\sources\c99\common\Umul16.c
		___wmul        		CODE           	0870	0000	31

C:\Program Files\Microchip\xc8\v2.46\pic\sources\c99\common\Umul16.c estimated size: 31

mcc_generated_files/mcc.c
		_WDT_Initialize		CODE           	15CB	0000	4
		_OSCILLATOR_Initialize		CODE           	1659	0000	12
		_SYSTEM_Initialize		CODE           	16FD	0000	19

mcc_generated_files/mcc.c estimated size: 35

mcc_generated_files/tmr1.c
		_TMR1_Initialize		CODE           	16EA	0000	19
		_TMR1_SetInterruptHandler		CODE           	1618	0000	6
		_TMR1_WriteTimer		CODE           	16B6	0000	17
		_TMR1_ISR      		CODE           	0800	0000	23

mcc_generated_files/tmr1.c estimated size: 65

hd44780_i2c.c
		_LCD_Init      		CODE           	0DDD	0000	98
		_PCF8574_LCD_SendNibble		CODE           	09BE	0000	45
		_LCD_Command   		CODE           	0852	0000	30
		_LCD_Data      		CODE           	08AE	0000	32
		_LCD_SetCursor 		CODE           	0817	0000	29
		_LCD_Print     		CODE           	17AF	0000	26

hd44780_i2c.c estimated size: 260

TimerEven.c
		_TMR0_10msEven 		CODE           	1710	0000	21
		_TMR1_10msEven 		CODE           	0E3F	0000	100

TimerEven.c estimated size: 121

mcc_generated_files/i2c_master.c
		_I2C_Close     		CODE           	1765	0000	24
		_I2C_MasterStartRx		CODE           	15BA	0000	3
		_I2C_DO_SEND_ADR_WRITE		CODE           	07F8	0000	8
		_I2C_MasterWaitForEvent		CODE           	160C	0000	6
		_I2C_DO_SEND_STOP		CODE           	15E8	0000	5
		_I2C_MasterSendNack		CODE           	15C3	0000	4
		_I2C_MasterDisableIrq		CODE           	15AE	0000	3
		_I2C_CallbackReturnStop		CODE           	15A4	0000	2
		_I2C_MasterOperation		CODE           	08CE	0000	33
		_I2C_DO_SEND_ADR_READ		CODE           	1631	0000	9
		_I2C_DO_RX_NACK_STOP		CODE           	15F2	0000	5
		_I2C_DO_SEND_RESTART		CODE           	15E3	0000	5
		_I2C_DO_RX     		CODE           	0B9A	0000	69
		_I2C_DO_TX     		CODE           	0CCA	0000	86
		_I2C_DO_IDLE   		CODE           	15D4	0000	5
		_I2C_DO_RCEN   		CODE           	162A	0000	7
		_I2C_Poller    		CODE           	1672	0000	13
		_I2C_DO_RESET  		CODE           	15FC	0000	5
		_I2C_MasterClose		CODE           	15AB	0000	3
		_I2C_MasterWrite		CODE           	1601	0000	5
		_I2C_DO_RX_ACK 		CODE           	15ED	0000	5
		_I2C_MasterStart		CODE           	15B1	0000	3
		_I2C_MasterClearIrq		CODE           	15A8	0000	3
		_I2C_MasterGetRxData		CODE           	15BD	0000	3
		_I2C_SetCallback		CODE           	08EF	0000	40
		_I2C_DO_ADDRESS_NACK		CODE           	096A	0000	42
		_I2C_MasterEnableRestart		CODE           	15B4	0000	3
		_I2C_CallbackReturnReset		CODE           	15A6	0000	2
		_I2C_Open      		CODE           	0AB2	0000	54
		_I2C_SetAddressNackCallback		CODE           	164E	0000	11
		_I2C_DO_TX_EMPTY		CODE           	09EB	0000	46
		_I2C_DO_SEND_RESTART_WRITE		CODE           	15DE	0000	5
		_I2C_MasterIsNack		CODE           	1606	0000	6
		_I2C_SetDataCompleteCallback		CODE           	1643	0000	11
		_I2C_DO_RX_NACK_RESTART		CODE           	15F7	0000	5
		_I2C_MasterSendAck		CODE           	15C7	0000	4
		_I2C_MasterFsm 		CODE           	0917	0000	41
		_I2C_MasterSetIrq		CODE           	15C0	0000	3
		_I2C_DO_SEND_RESTART_READ		CODE           	15D9	0000	5
		_I2C_Initialize		CODE           	163A	0000	9
		_I2C_SetBuffer 		CODE           	1699	0000	14
		_I2C_MasterOpen		CODE           	167F	0000	13
		_I2C_MasterSendTxData		CODE           	15CF	0000	5
		_I2C_MasterStop		CODE           	15B7	0000	3

mcc_generated_files/i2c_master.c estimated size: 636

C:\Program Files\Microchip\xc8\v2.46\pic\sources\c99\common\lwmod.c
		___lwmod       		CODE           	0A7E	0000	52

C:\Program Files\Microchip\xc8\v2.46\pic\sources\c99\common\lwmod.c estimated size: 52

C:\Program Files\Microchip\xc8\v2.46\pic\sources\c99\common\abs.c
		_abs           		CODE           	16D8	0000	18

C:\Program Files\Microchip\xc8\v2.46\pic\sources\c99\common\abs.c estimated size: 18

C:\Program Files\Microchip\xc8\v2.46\pic\sources\c99\common\awmod.c
		___awmod       		CODE           	0C77	0000	83

C:\Program Files\Microchip\xc8\v2.46\pic\sources\c99\common\awmod.c estimated size: 83

main.c
		_main          		CODE           	0062	0000	415

main.c estimated size: 415

