Microchip MPLAB XC8 Compiler V2.46

Linker command line:

-W-3 \
  --edf=C:\Program Files\Microchip\xc8\v2.46\pic\dat\20240104201356_en.msgs \
  -cn -h+dist/default/production\LCD_I2C_V06.X.production.sym \
  --cmf=dist/default/production\LCD_I2C_V06.X.production.cmf -z -Q16F1936 \
  -oC:\Users\t00904\AppData\Local\Temp\xcAshik.\driver_tmp_3.o \
  --defsym=__MPLAB_BUILD=1 --fixupoverflow=error \
  -Mdist/default/production/LCD_I2C_V06.X.production.map \
  --md=C:\Users\t00904\AppData\Local\Temp\xcAshik.\driver_tmp_0.dat -E1 \
  -ver=XC8 Compiler --acfsm=1493 -ACODE=00h-07FFhx4 -ASTRCODE=00h-01FFFh \
  -ASTRING=00h-0FFhx32 -ACONST=00h-0FFhx32 -AENTRY=00h-0FFhx32 \
  -ACOMMON=070h-07Fh -ABANK0=020h-06Fh -ABANK1=0A0h-0EFh \
  -ABANK2=0120h-016Fh -ABANK3=01A0h-01EFh -ABANK4=0220h-026Fh \
  -ABANK5=02A0h-02EFh -ABANK6=0320h-032Fh -ABIGRAM=02000h-021EFh \
  -ARAM=020h-06Fh,0A0h-0EFh,0120h-016Fh,01A0h-01EFh,0220h-026Fh,02A0h-02EFh,0320h-032Fh \
  -AABS1=020h-07Fh,0A0h-0EFh,0120h-016Fh,01A0h-01EFh,0220h-026Fh,02A0h-02EFh,0320h-032Fh \
  -ASFR0=00h-01Fh -ASFR1=080h-09Fh -ASFR2=0100h-011Fh -ASFR3=0180h-019Fh \
  -ASFR4=0200h-021Fh -ASFR5=0280h-029Fh -ASFR6=0300h-031Fh \
  -ASFR7=0380h-03EFh -ASFR8=0400h-046Fh -ASFR9=0480h-04EFh \
  -ASFR10=0500h-056Fh -ASFR11=0580h-05EFh -ASFR12=0600h-066Fh \
  -ASFR13=0680h-06EFh -ASFR14=0700h-076Fh -ASFR15=0780h-07EFh \
  -ASFR16=0800h-086Fh -ASFR17=0880h-08EFh -ASFR18=0900h-096Fh \
  -ASFR19=0980h-09EFh -ASFR20=0A00h-0A6Fh -ASFR21=0A80h-0AEFh \
  -ASFR22=0B00h-0B6Fh -ASFR23=0B80h-0BEFh -ASFR24=0C00h-0C6Fh \
  -ASFR25=0C80h-0CEFh -ASFR26=0D00h-0D6Fh -ASFR27=0D80h-0DEFh \
  -ASFR28=0E00h-0E6Fh -ASFR29=0E80h-0EEFh -ASFR30=0F00h-0F6Fh \
  -ASFR31=0F80h-0FEFh -ACONFIG=08007h-08008h -DCONFIG=2 \
  -AIDLOC=08000h-08003h -DIDLOC=2 -AEEDATA=00h-0FFh/0F000h \
  -peeprom_data=EEDATA -DEEDATA=2 -DCODE=2 -DSTRCODE=2 -DSTRING=2 -DCONST=2 \
  -DENTRY=2 -preset_vec=00h,intentry=04h,sivt,init,end_init -ppowerup=CODE \
  -pcinit=CODE -pfunctab=ENTRY -k \
  C:\Users\t00904\AppData\Local\Temp\xcAshik.\driver_tmp_26.o \
  dist/default/production\LCD_I2C_V06.X.production.o 

Object code version is 3.11

Machine type is 16F1936



                Name                               Link     Load   Length Selector   Space Scale
C:\Users\t00904\AppData\Local\Temp\xcAshik.\driver_tmp_26.o
                end_init                             26       26        2        8       0
                reset_vec                             0        0        2        0       0
                config                             8007     8007        2        0       4
dist/default/production\LCD_I2C_V06.X.production.o
                cinit                                28       28       3A        8       0
                intentry                              4        4       22        8       0
                eeprom_data                           0     F000       10    1E000       3
                config                             8007     8007        2        0       4
                text98                             16DC     16DC       15     2DB8       0
                text97                             164E     164E        D     2C9C       0
                text96                             1760     1760       19     2EC0       0
                text95                              B80      B80       47     1700       0
                text94                              E3F      E3F       64     1C7E       0
                text93                             1682     1682       11     2D04       0
                text92                             1731     1731       17     2E62       0
                text90                              D7D      D7D       60     1AFA       0
                text89                              C18      C18       53     1830       0
                text88                             16A4     16A4       12     2D48       0
                text87                             1586     1586        1     2B0C       0
                text86                              BC7      BC7       51     178E       0
                text85                              201      201      17D        8       0
                text84                             17C7     17C7       1C     2F8E       0
                text83                              810      810       1E     1020       0
                text82                              91C      91C       2A     1238       0
                text81                              AFF      AFF       3C     15FE       0
                text80                              A5A      A5A       34     14B4       0
                text79                              84C      84C       1F     1098       0
                text78                              F11      F11       77     1E22       0
                text77                              AC4      AC4       3B     1588       0
                text76                              715      715       D0        8       0
                text75                              630      630       E5        8       0
                text74                              F88      F88       78     1F10       0
                text73                             16F1     16F1       15     2DE2       0
                text72                              CC1      CC1       5D     1982       0
                text71                              4EB      4EB      145        8       0
                text70                             1589     1589        3     2B12       0
                text69                             158C     158C        3     2B18       0
                text68                             158F     158F        3     2B1E       0
                text67                             1748     1748       18     2E90       0
                text66                             1592     1592        3     2B24       0
                text65                             1595     1595        3     2B2A       0
                text64                             1598     1598        3     2B30       0
                text63                              802      802        E     1004       0
                text62                              8CB      8CB       28     1196       0
                text61                             162C     162C        B     2C58       0
                text60                             1693     1693       11     2D26       0
                text59                             1587     1587        2     2B0E       0
                text58                              800      800        2        8       0
                text57                             159B     159B        3     2B36       0
                text56                             15A4     15A4        4     2B48       0
                text55                             159E     159E        3     2B3C       0
                text54                             15A8     15A8        4     2B50       0
                text53                             15B0     15B0        5     2B60       0
                text52                             15E7     15E7        6     2BCE       0
                text51                             15A1     15A1        3     2B42       0
                text50                              9C7      9C7       2E     138E       0
                text49                             15B5     15B5        5     2B6A       0
                text48                             161A     161A        9     2C34       0
                text47                             1612     1612        8     2C24       0
                text46                              C6B      C6B       56     18D6       0
                text45                              B3B      B3B       45     1676       0
                text44                             160B     160B        7     2C16       0
                text43                             15BA     15BA        5     2B74       0
                text42                             15BF     15BF        5     2B7E       0
                text41                             15C4     15C4        5     2B88       0
                text40                             15C9     15C9        5     2B92       0
                text39                             15CE     15CE        5     2B9C       0
                text38                             15D3     15D3        5     2BA6       0
                text37                             15D8     15D8        5     2BB0       0
                text36                             15DD     15DD        5     2BBA       0
                text35                              946      946       2A     128C       0
                text34                              8F3      8F3       29     11E6       0
                text33                             15ED     15ED        6     2BDA       0
                text32                             165B     165B        D     2CB6       0
                text31                              8AA      8AA       21     1154       0
                text30                             15E2     15E2        5     2BC4       0
                text29                             1668     1668        D     2CD0       0
                text28                              A8E      A8E       36     151C       0
                text27                             1637     1637        B     2C6E       0
                text26                              9F5      9F5       32     13EA       0
                text25                              99A      99A       2D     1334       0
                text24                              82E      82E       1E     105C       0
                text23                              DDD      DDD       62     1BBA       0
                text22                              88A      88A       20     1114       0
                text21                             1792     1792       1A     2F24       0
                text20                             17E3     17E3       1D     2FC6       0
                text19                              A27      A27       33     144E       0
                text18                              D1E      D1E       5F     1A3C       0
                text17                             1706     1706       15     2E0C       0
                text16                              86B      86B       1F     10D6       0
                text15                             1779     1779       19     2EF2       0
                text14                             17AC     17AC       1B     2F58       0
                text13                             1623     1623        9     2C46       0
                text12                             1642     1642        C     2C84       0
                text11                              7E5      7E5       1B        8       0
                text10                             1675     1675        D     2CEA       0
                text9                              16B6     16B6       13     2D6C       0
                text8                              15AC     15AC        4     2B58       0
                text7                              16C9     16C9       13     2D92       0
                text6                              15F3     15F3        6     2BE6       0
                text5                              15F9     15F9        6     2BF2       0
                text4                               EA3      EA3       6E     1D46       0
                text3                               970      970       2A     12E0       0
                text2                              171B     171B       16     2E36       0
                text1                               37E      37E      16D        8       0
                maintext                             62       62      19F        8       0
                cstackBANK0                          20       20       4C       20       1
                cstackCOMMON                         70       70        A       70       1
                cstackBANK1                          EE       EE        2       A0       1
                clrtext                            15FF     15FF        6     2BFE       0
                bssBANK3                            1A0      1A0       4C      1A0       1
                bssBANK2                            120      120       32      120       1
                dataBANK1                            E8       E8        6       A0       1
                bssBANK1                             A0       A0       48       A0       1
                dataBANK0                            6E       6E        2       20       1
                bssBANK0                             6C       6C        2       20       1
                bssCOMMON                            7A       7A        2       70       1
                stringtext13                       18B6     18B6        4     3000       0
                stringtext12                       18B2     18B2        4     3000       0
                stringtext11                       18A1     18A1       11     3000       0
                stringtext10                       1890     1890       11     3000       0
                stringtext9                        187F     187F       11     3000       0
                stringtext8                        186E     186E       11     3000       0
                stringtext7                        185D     185D       11     3000       0
                stringtext6                        184C     184C       11     3000       0
                stringtext5                        183B     183B       11     3000       0
                stringtext4                        182A     182A       11     3000       0
                stringtext3                        1815     1815       15     3000       0
                stringtext2                        1800     1800       15     3000       0
                stringtext1                        1000     1000       35     2000       0
                idataBANK1                         1605     1605        6     2C0A       0
                idataBANK0                            2        2        2        0       0

TOTAL           Name                               Link     Load   Length     Space
        CLASS   CODE           
                end_init                             26       26        2         0
                cinit                                28       28       3A         0
                intentry                              4        4       22         0
                reset_vec                             0        0        2         0
                text98                             16DC     16DC       15         0
                text97                             164E     164E        D         0
                text96                             1760     1760       19         0
                text95                              B80      B80       47         0
                text94                              E3F      E3F       64         0
                text93                             1682     1682       11         0
                text92                             1731     1731       17         0
                text90                              D7D      D7D       60         0
                text89                              C18      C18       53         0
                text88                             16A4     16A4       12         0
                text87                             1586     1586        1         0
                text86                              BC7      BC7       51         0
                text85                              201      201      17D         0
                text84                             17C7     17C7       1C         0
                text83                              810      810       1E         0
                text82                              91C      91C       2A         0
                text81                              AFF      AFF       3C         0
                text80                              A5A      A5A       34         0
                text79                              84C      84C       1F         0
                text78                              F11      F11       77         0
                text77                              AC4      AC4       3B         0
                text76                              715      715       D0         0
                text75                              630      630       E5         0
                text74                              F88      F88       78         0
                text73                             16F1     16F1       15         0
                text72                              CC1      CC1       5D         0
                text71                              4EB      4EB      145         0
                text70                             1589     1589        3         0
                text69                             158C     158C        3         0
                text68                             158F     158F        3         0
                text67                             1748     1748       18         0
                text66                             1592     1592        3         0
                text65                             1595     1595        3         0
                text64                             1598     1598        3         0
                text63                              802      802        E         0
                text62                              8CB      8CB       28         0
                text61                             162C     162C        B         0
                text60                             1693     1693       11         0
                text59                             1587     1587        2         0
                text58                              800      800        2         0
                text57                             159B     159B        3         0
                text56                             15A4     15A4        4         0
                text55                             159E     159E        3         0
                text54                             15A8     15A8        4         0
                text53                             15B0     15B0        5         0
                text52                             15E7     15E7        6         0
                text51                             15A1     15A1        3         0
                text50                              9C7      9C7       2E         0
                text49                             15B5     15B5        5         0
                text48                             161A     161A        9         0
                text47                             1612     1612        8         0
                text46                              C6B      C6B       56         0
                text45                              B3B      B3B       45         0
                text44                             160B     160B        7         0
                text43                             15BA     15BA        5         0
                text42                             15BF     15BF        5         0
                text41                             15C4     15C4        5         0
                text40                             15C9     15C9        5         0
                text39                             15CE     15CE        5         0
                text38                             15D3     15D3        5         0
                text37                             15D8     15D8        5         0
                text36                             15DD     15DD        5         0
                text35                              946      946       2A         0
                text34                              8F3      8F3       29         0
                text33                             15ED     15ED        6         0
                text32                             165B     165B        D         0
                text31                              8AA      8AA       21         0
                text30                             15E2     15E2        5         0
                text29                             1668     1668        D         0
                text28                              A8E      A8E       36         0
                text27                             1637     1637        B         0
                text26                              9F5      9F5       32         0
                text25                              99A      99A       2D         0
                text24                              82E      82E       1E         0
                text23                              DDD      DDD       62         0
                text22                              88A      88A       20         0
                text21                             1792     1792       1A         0
                text20                             17E3     17E3       1D         0
                text19                              A27      A27       33         0
                text18                              D1E      D1E       5F         0
                text17                             1706     1706       15         0
                text16                              86B      86B       1F         0
                text15                             1779     1779       19         0
                text14                             17AC     17AC       1B         0
                text13                             1623     1623        9         0
                text12                             1642     1642        C         0
                text11                              7E5      7E5       1B         0
                text10                             1675     1675        D         0
                text9                              16B6     16B6       13         0
                text8                              15AC     15AC        4         0
                text7                              16C9     16C9       13         0
                text6                              15F3     15F3        6         0
                text5                              15F9     15F9        6         0
                text4                               EA3      EA3       6E         0
                text3                               970      970       2A         0
                text2                              171B     171B       16         0
                text1                               37E      37E      16D         0
                maintext                             62       62      19F         0
                clrtext                            15FF     15FF        6         0
                idataBANK1                         1605     1605        6         0
                idataBANK0                            2        2        2         0

        CLASS   STRCODE        
                stringtext13                       18B6     18B6        4         0
                stringtext12                       18B2     18B2        4         0
                stringtext11                       18A1     18A1       11         0
                stringtext10                       1890     1890       11         0
                stringtext9                        187F     187F       11         0
                stringtext8                        186E     186E       11         0
                stringtext7                        185D     185D       11         0
                stringtext6                        184C     184C       11         0
                stringtext5                        183B     183B       11         0
                stringtext4                        182A     182A       11         0
                stringtext3                        1815     1815       15         0
                stringtext2                        1800     1800       15         0
                stringtext1                        1000     1000       35         0

        CLASS   STRING         

        CLASS   CONST          

        CLASS   ENTRY          

        CLASS   COMMON         
                cstackCOMMON                         70       70        A         1
                bssCOMMON                            7A       7A        2         1

        CLASS   BANK0          
                cstackBANK0                          20       20       4C         1
                dataBANK0                            6E       6E        2         1
                bssBANK0                             6C       6C        2         1

        CLASS   BANK1          
                cstackBANK1                          EE       EE        2         1
                dataBANK1                            E8       E8        6         1
                bssBANK1                             A0       A0       48         1

        CLASS   BANK2          
                bssBANK2                            120      120       32         1

        CLASS   BANK3          
                bssBANK3                            1A0      1A0       4C         1

        CLASS   BANK4          

        CLASS   BANK5          

        CLASS   BANK6          

        CLASS   BIGRAM         

        CLASS   RAM            

        CLASS   ABS1           
                abs_s1                               7E       7E        2         1

        CLASS   SFR0           

        CLASS   SFR1           

        CLASS   SFR2           

        CLASS   SFR3           

        CLASS   SFR4           

        CLASS   SFR5           

        CLASS   SFR6           

        CLASS   SFR7           

        CLASS   SFR8           

        CLASS   SFR9           

        CLASS   SFR10          

        CLASS   SFR11          

        CLASS   SFR12          

        CLASS   SFR13          

        CLASS   SFR14          

        CLASS   SFR15          

        CLASS   SFR16          

        CLASS   SFR17          

        CLASS   SFR18          

        CLASS   SFR19          

        CLASS   SFR20          

        CLASS   SFR21          

        CLASS   SFR22          

        CLASS   SFR23          

        CLASS   SFR24          

        CLASS   SFR25          

        CLASS   SFR26          

        CLASS   SFR27          

        CLASS   SFR28          

        CLASS   SFR29          

        CLASS   SFR30          

        CLASS   SFR31          

        CLASS   CONFIG         
                config                             8007     8007        2         4

        CLASS   IDLOC          

        CLASS   EEDATA         
                eeprom_data                           0     F000       10         3

        CLASS   BANK31         

        CLASS   BANK30         

        CLASS   BANK29         

        CLASS   BANK28         

        CLASS   BANK27         

        CLASS   BANK26         

        CLASS   BANK25         

        CLASS   BANK24         

        CLASS   BANK23         

        CLASS   BANK22         

        CLASS   BANK21         

        CLASS   BANK20         

        CLASS   BANK19         

        CLASS   BANK18         

        CLASS   BANK17         

        CLASS   BANK16         

        CLASS   BANK15         

        CLASS   BANK14         

        CLASS   BANK13         

        CLASS   BANK12         

        CLASS   BANK11         

        CLASS   BANK10         

        CLASS   BANK9          

        CLASS   BANK8          

        CLASS   BANK7          

        CLASS   HEAP           

        CLASS   STACK          



SEGMENTS        Name                           Load    Length   Top    Selector   Space  Class     Delta

                reset_vec                      000000  000004  000004         0       0  CODE        2
                intentry                       000004  0007FE  000802         8       0  CODE        2
                cstackBANK0                    000020  000050  000070        20       1  BANK0       1
                cstackCOMMON                   000070  00000C  00007C        70       1  COMMON      1
                bssBANK1                       0000A0  000050  0000F0        A0       1  BANK1       1
                bssBANK2                       000120  000032  000152       120       1  BANK2       1
                bssBANK3                       0001A0  00004C  0001EC       1A0       1  BANK3       1
                text63                         000802  00000E  000810      1004       0  CODE        2
                text83                         000810  00001E  00082E      1020       0  CODE        2
                text24                         00082E  00001E  00084C      105C       0  CODE        2
                text79                         00084C  00001F  00086B      1098       0  CODE        2
                text16                         00086B  00001F  00088A      10D6       0  CODE        2
                text22                         00088A  000020  0008AA      1114       0  CODE        2
                text31                         0008AA  000021  0008CB      1154       0  CODE        2
                text62                         0008CB  000028  0008F3      1196       0  CODE        2
                text34                         0008F3  000029  00091C      11E6       0  CODE        2
                text82                         00091C  00002A  000946      1238       0  CODE        2
                text35                         000946  00002A  000970      128C       0  CODE        2
                text3                          000970  00002A  00099A      12E0       0  CODE        2
                text25                         00099A  00002D  0009C7      1334       0  CODE        2
                text50                         0009C7  00002E  0009F5      138E       0  CODE        2
                text26                         0009F5  000032  000A27      13EA       0  CODE        2
                text19                         000A27  000033  000A5A      144E       0  CODE        2
                text80                         000A5A  000034  000A8E      14B4       0  CODE        2
                text28                         000A8E  000036  000AC4      151C       0  CODE        2
                text77                         000AC4  00003B  000AFF      1588       0  CODE        2
                text81                         000AFF  00003C  000B3B      15FE       0  CODE        2
                text45                         000B3B  000045  000B80      1676       0  CODE        2
                text95                         000B80  000047  000BC7      1700       0  CODE        2
                text86                         000BC7  000051  000C18      178E       0  CODE        2
                text89                         000C18  000053  000C6B      1830       0  CODE        2
                text46                         000C6B  000056  000CC1      18D6       0  CODE        2
                text72                         000CC1  00005D  000D1E      1982       0  CODE        2
                text18                         000D1E  00005F  000D7D      1A3C       0  CODE        2
                text90                         000D7D  000060  000DDD      1AFA       0  CODE        2
                text23                         000DDD  000062  000E3F      1BBA       0  CODE        2
                text94                         000E3F  000064  000EA3      1C7E       0  CODE        2
                text4                          000EA3  00006E  000F11      1D46       0  CODE        2
                text78                         000F11  000077  000F88      1E22       0  CODE        2
                text74                         000F88  000078  001000      1F10       0  CODE        2
                stringtext1                    001000  000035  001035      2000       0  STRCODE     2
                text87                         001586  000001  001587      2B0C       0  CODE        2
                text59                         001587  000002  001589      2B0E       0  CODE        2
                text70                         001589  000003  00158C      2B12       0  CODE        2
                text69                         00158C  000003  00158F      2B18       0  CODE        2
                text68                         00158F  000003  001592      2B1E       0  CODE        2
                text66                         001592  000003  001595      2B24       0  CODE        2
                text65                         001595  000003  001598      2B2A       0  CODE        2
                text64                         001598  000003  00159B      2B30       0  CODE        2
                text57                         00159B  000003  00159E      2B36       0  CODE        2
                text55                         00159E  000003  0015A1      2B3C       0  CODE        2
                text51                         0015A1  000003  0015A4      2B42       0  CODE        2
                text56                         0015A4  000004  0015A8      2B48       0  CODE        2
                text54                         0015A8  000004  0015AC      2B50       0  CODE        2
                text8                          0015AC  000004  0015B0      2B58       0  CODE        2
                text53                         0015B0  000005  0015B5      2B60       0  CODE        2
                text49                         0015B5  000005  0015BA      2B6A       0  CODE        2
                text43                         0015BA  000005  0015BF      2B74       0  CODE        2
                text42                         0015BF  000005  0015C4      2B7E       0  CODE        2
                text41                         0015C4  000005  0015C9      2B88       0  CODE        2
                text40                         0015C9  000005  0015CE      2B92       0  CODE        2
                text39                         0015CE  000005  0015D3      2B9C       0  CODE        2
                text38                         0015D3  000005  0015D8      2BA6       0  CODE        2
                text37                         0015D8  000005  0015DD      2BB0       0  CODE        2
                text36                         0015DD  000005  0015E2      2BBA       0  CODE        2
                text30                         0015E2  000005  0015E7      2BC4       0  CODE        2
                text52                         0015E7  000006  0015ED      2BCE       0  CODE        2
                text33                         0015ED  000006  0015F3      2BDA       0  CODE        2
                text6                          0015F3  000006  0015F9      2BE6       0  CODE        2
                text5                          0015F9  000006  0015FF      2BF2       0  CODE        2
                clrtext                        0015FF  000006  001605      2BFE       0  CODE        2
                idataBANK1                     001605  000006  00160B      2C0A       0  CODE        2
                text44                         00160B  000007  001612      2C16       0  CODE        2
                text47                         001612  000008  00161A      2C24       0  CODE        2
                text48                         00161A  000009  001623      2C34       0  CODE        2
                text13                         001623  000009  00162C      2C46       0  CODE        2
                text61                         00162C  00000B  001637      2C58       0  CODE        2
                text27                         001637  00000B  001642      2C6E       0  CODE        2
                text12                         001642  00000C  00164E      2C84       0  CODE        2
                text97                         00164E  00000D  00165B      2C9C       0  CODE        2
                text32                         00165B  00000D  001668      2CB6       0  CODE        2
                text29                         001668  00000D  001675      2CD0       0  CODE        2
                text10                         001675  00000D  001682      2CEA       0  CODE        2
                text93                         001682  000011  001693      2D04       0  CODE        2
                text60                         001693  000011  0016A4      2D26       0  CODE        2
                text88                         0016A4  000012  0016B6      2D48       0  CODE        2
                text9                          0016B6  000013  0016C9      2D6C       0  CODE        2
                text7                          0016C9  000013  0016DC      2D92       0  CODE        2
                text98                         0016DC  000015  0016F1      2DB8       0  CODE        2
                text73                         0016F1  000015  001706      2DE2       0  CODE        2
                text17                         001706  000015  00171B      2E0C       0  CODE        2
                text2                          00171B  000016  001731      2E36       0  CODE        2
                text92                         001731  000017  001748      2E62       0  CODE        2
                text67                         001748  000018  001760      2E90       0  CODE        2
                text96                         001760  000019  001779      2EC0       0  CODE        2
                text15                         001779  000019  001792      2EF2       0  CODE        2
                text21                         001792  00001A  0017AC      2F24       0  CODE        2
                text14                         0017AC  00001B  0017C7      2F58       0  CODE        2
                text84                         0017C7  00001C  0017E3      2F8E       0  CODE        2
                text20                         0017E3  00001D  001800      2FC6       0  CODE        2
                stringtext2                    001800  0000BA  0018BA      3000       0  STRCODE     2
                eeprom_data                    00F000  000010  00F010     1E000       3  EEDATA      2


UNUSED ADDRESS RANGES

        Name                Unused          Largest block    Delta
        BANK2            00152-0016F              1E           1
        BANK3            001EC-001EF               4           1
        BANK4            00220-0026F              50           1
        BANK5            002A0-002EF              50           1
        BANK6            00320-0032F              10           1
        BIGRAM           02000-021EF             1F0           1
        CODE             01035-01585             551           2
                         018BA-01FFF             746
        COMMON           0007C-0007D               2           1
        CONST            01035-01585             100           2
                         018BA-01FFF             100
        EEDATA           0F010-0F0FF              F0           2
        ENTRY            01035-01585             100           2
                         018BA-01FFF             100
        IDLOC            08000-08003               4           2
        RAM              00152-0016F              1E           1
                         001EC-001EF               4
                         00220-0026F              50
                         002A0-002EF              50
                         00320-0032F              10
        SFR0             00000-0001F              20           1
        SFR1             00080-0009F              20           1
        SFR10            00500-0056F              70           1
        SFR11            00580-005EF              70           1
        SFR12            00600-0066F              70           1
        SFR13            00680-006EF              70           1
        SFR14            00700-0076F              70           1
        SFR15            00780-007EF              70           1
        SFR16            00800-0086F              70           1
        SFR17            00880-008EF              70           1
        SFR18            00900-0096F              70           1
        SFR19            00980-009EF              70           1
        SFR2             00100-0011F              20           1
        SFR20            00A00-00A6F              70           1
        SFR21            00A80-00AEF              70           1
        SFR22            00B00-00B6F              70           1
        SFR23            00B80-00BEF              70           1
        SFR24            00C00-00C6F              70           1
        SFR25            00C80-00CEF              70           1
        SFR26            00D00-00D6F              70           1
        SFR27            00D80-00DEF              70           1
        SFR28            00E00-00E6F              70           1
        SFR29            00E80-00EEF              70           1
        SFR3             00180-0019F              20           1
        SFR30            00F00-00F6F              70           1
        SFR31            00F80-00FEF              70           1
        SFR4             00200-0021F              20           1
        SFR5             00280-0029F              20           1
        SFR6             00300-0031F              20           1
        SFR7             00380-003EF              70           1
        SFR8             00400-0046F              70           1
        SFR9             00480-004EF              70           1
        STRCODE          01035-01585             551           2
                         018BA-01FFF             746
        STRING           01035-01585             100           2
                         018BA-01FFF             100

                                  Symbol Table

?_EEPROM_ReadWord                         cstackCOMMON 00076
?___awdiv                                 cstackCOMMON 00072
?___awmod                                 cstackCOMMON 00072
?___lwdiv                                 cstackCOMMON 00072
?___lwmod                                 cstackCOMMON 00072
?___wmul                                  cstackCOMMON 00072
?_abs                                     cstackBANK0  00020
?_sprintf                                 cstackBANK0  0003B
?_vfprintf                                cstackBANK0  00034
Digital2Number@Num                        cstackBANK0  00030
Digital2Number@digital                    cstackCOMMON 00078
Digital2Number@temp1                      cstackBANK0  00028
Digital2Number@temp2                      cstackBANK0  0002A
Digital2Number@temp3                      cstackBANK0  0002C
Digital2Number@temp4                      cstackBANK0  0002E
DispFunctionSet@Num                       cstackBANK0  00057
DispFunctionSet@buf                       cstackBANK0  00059
DispFunctionSet@mode                      cstackBANK0  0005A
DispFunctionSet@n                         cstackBANK0  00056
DispNormal@Num                            cstackBANK0  00057
DispNormal@buf                            cstackBANK0  00059
DispNormal@digital                        cstackBANK0  00068
DispNormal@mode                           cstackBANK0  00064
DispNormal@n                              cstackBANK0  00056
DispNormal@temp_str                       cstackBANK0  00065
DispTimeAdjustment@Num                    cstackBANK0  00057
DispTimeAdjustment@buf                    cstackBANK0  00059
DispTimeAdjustment@digital                cstackBANK0  00068
DispTimeAdjustment@mode                   cstackBANK0  00064
DispTimeAdjustment@n                      cstackBANK0  00056
DispTimeAdjustment@temp_str               cstackBANK0  00065
EEPROM_ReadWord@address                   cstackBANK0  00027
EEPROM_ReadWord@high                      cstackBANK0  00026
EEPROM_ReadWord@low                       cstackBANK0  00025
EEPROM_WriteWord@address                  cstackCOMMON 00079
EEPROM_WriteWord@value                    cstackCOMMON 00076
I2C_CallbackReturnReset@funPtr            cstackCOMMON 00079
I2C_Close@returnValue                     cstackCOMMON 00072
I2C_MasterOperation@read                  cstackBANK0  00024
I2C_MasterOperation@returnValue           cstackBANK0  00025
I2C_MasterSendTxData@data                 cstackCOMMON 00072
I2C_Open@address                          cstackCOMMON 00072
I2C_Open@returnValue                      cstackCOMMON 00073
I2C_SetAddressNackCallback@cb             cstackCOMMON 00076
I2C_SetAddressNackCallback@ptr            cstackCOMMON 00078
I2C_SetBuffer@buffer                      cstackCOMMON 00074
I2C_SetBuffer@bufferSize                  cstackCOMMON 00072
I2C_SetCallback@cb                        cstackCOMMON 00072
I2C_SetCallback@idx                       cstackCOMMON 00075
I2C_SetCallback@ptr                       cstackCOMMON 00074
I2C_SetDataCompleteCallback@cb            cstackCOMMON 00076
I2C_SetDataCompleteCallback@ptr           cstackCOMMON 00078
I2C_Write1ByteRegister@address            cstackBANK0  00028
I2C_Write1ByteRegister@data               cstackBANK0  00027
I2C_Write1ByteRegister@reg                cstackBANK0  00026
KEY_Init@i                                cstackCOMMON 00077
KEY_ScanAll@ii                            cstackCOMMON 00078
KEY_ScanAll@k                             cstackCOMMON 00079
LCD_Command@cmd                           cstackBANK0  0002E
LCD_Data@data                             cstackBANK0  0002E
LCD_Print@str                             cstackBANK0  00030
LCD_SetCursor@F3193                       dataBANK1    000E8
LCD_SetCursor@col                         cstackBANK0  00034
LCD_SetCursor@row                         cstackBANK0  0002F
LCD_SetCursor@row_offsets                 cstackBANK0  00030
Number2Digital@Num                        cstackBANK0  00020
Number2Digital@digiNum                    cstackBANK0  00022
Number2Digital@temp                       cstackBANK0  00023
PCF8574_LCD_SendNibble@data               cstackBANK0  0002C
PCF8574_LCD_SendNibble@nibble             cstackBANK0  0002B
PCF8574_LCD_SendNibble@rs                 cstackBANK0  00029
TMR0_ISR@CountCallBack                    bssBANK1     000C6
TMR0_SetInterruptHandler@InterruptHandler cstackCOMMON 00072
TMR1_SetInterruptHandler@InterruptHandler cstackCOMMON 00072
TMR1_WriteTimer@timerVal                  cstackCOMMON 00070
TimeAdjustment@DigPtr                     cstackBANK0  00032
_ANSELA                                   (abs)        0018C
_ANSELB                                   (abs)        0018D
_APFCON                                   (abs)        0011D
_AdjustMode                               bssBANK1     000D1
_BORCON                                   (abs)        00116
_Cursor_pos                               bssBANK1     000DA
_Digital2Number                           text4        00EA3
_DispFunctionSet                          text82       0091C
_DispNormal                               text76       00715
_DispTimeAdjustment                       text75       00630
_EEADR                                    (abs)        00191
_EECON1                                   (abs)        00195
_EECON1bits                               (abs)        00195
_EECON2                                   (abs)        00196
_EEDATA                                   (abs)        00193
_EEPROM_ReadWord                          text16       0086B
_EEPROM_WriteWord                         text2        0171B
_FunctionSet                              text74       00F88
_I2C_CallbackReturnReset                  text58       00800
_I2C_CallbackReturnStop                   text59       01587
_I2C_Close                                text67       01748
_I2C_DO_ADDRESS_NACK                      text35       00946
_I2C_DO_IDLE                              text49       015B5
_I2C_DO_RCEN                              text44       0160B
_I2C_DO_RESET                             text36       015DD
_I2C_DO_RX                                text45       00B3B
_I2C_DO_RX_ACK                            text39       015CE
_I2C_DO_RX_NACK_RESTART                   text37       015D8
_I2C_DO_RX_NACK_STOP                      text38       015D3
_I2C_DO_SEND_ADR_READ                     text48       0161A
_I2C_DO_SEND_ADR_WRITE                    text47       01612
_I2C_DO_SEND_RESTART                      text41       015C4
_I2C_DO_SEND_RESTART_READ                 text43       015BA
_I2C_DO_SEND_RESTART_WRITE                text42       015BF
_I2C_DO_SEND_STOP                         text40       015C9
_I2C_DO_TX                                text46       00C6B
_I2C_DO_TX_EMPTY                          text50       009C7
_I2C_Initialize                           text13       01623
_I2C_MasterClearIrq                       text70       01589
_I2C_MasterClose                          text69       0158C
_I2C_MasterDisableIrq                     text68       0158F
_I2C_MasterEnableRestart                  text65       01595
_I2C_MasterFsm                            text34       008F3
_I2C_MasterGetRxData                      text55       0159E
_I2C_MasterIsNack                         text52       015E7
_I2C_MasterOpen                           text29       01668
_I2C_MasterOperation                      text31       008AA
_I2C_MasterSendAck                        text54       015A8
_I2C_MasterSendNack                       text56       015A4
_I2C_MasterSendTxData                     text53       015B0
_I2C_MasterSetIrq                         text51       015A1
_I2C_MasterStart                          text66       01592
_I2C_MasterStartRx                        text57       0159B
_I2C_MasterStop                           text64       01598
_I2C_MasterWaitForEvent                   text33       015ED
_I2C_MasterWrite                          text30       015E2
_I2C_Open                                 text28       00A8E
_I2C_Poller                               text32       0165B
_I2C_SetAddressNackCallback               text27       01637
_I2C_SetBuffer                            text63       00802
_I2C_SetCallback                          text62       008CB
_I2C_SetDataCompleteCallback              text61       0162C
_I2C_Status                               bssBANK2     00120
_I2C_Write1ByteRegister                   text26       009F5
_INTCONbits                               (abs)        0000B
_INTERRUPT_InterruptManager               intentry     00004
_KEY_Init                                 text72       00CC1
_KEY_ScanAll                              text71       004EB
_KeepTimerCounter                         text95       00B80
_LATA                                     (abs)        0010C
_LATB                                     (abs)        0010D
_LATC                                     (abs)        0010E
_LATCbits                                 (abs)        0010E
_LATE                                     (abs)        00110
_LCD_Command                              text24       0082E
_LCD_Data                                 text22       0088A
_LCD_DispMode                             bssBANK0     0006C
_LCD_Init                                 text23       00DDD
_LCD_Print                                text21       01792
_LCD_SetCursor                            text20       017E3
_Normal                                   text18       00D1E
_Number2Digital                           text78       00F11
_OPTION_REG                               (abs)        00095
_OPTION_REGbits                           (abs)        00095
_OSCCON                                   (abs)        00099
_OSCILLATOR_Initialize                    text12       01642
_OSCTUNE                                  (abs)        00098
_OutState                                 bssCOMMON    0007A
_PCF8574_LCD_SendNibble                   text25       0099A
_PIE1bits                                 (abs)        00091
_PIN_MANAGER_Initialize                   text11       007E5
_PIR1bits                                 (abs)        00011
_PLLR                                     (abs)        004D6
_PORTBbits                                (abs)        0000D
_POWER_ON_EEPROM_READ                     text15       01779
_RelayControl_Init                        text14       017AC
_RelayState                               bssBANK1     000CF
_RelayState_buf                           bssBANK1     000E5
_SSPADD                                   (abs)        00212
_SSPBUF                                   (abs)        00211
_SSPCON1                                  (abs)        00215
_SSPCON1bits                              (abs)        00215
_SSPCON2                                  (abs)        00216
_SSPCON2bits                              (abs)        00216
_SSPSTAT                                  (abs)        00214
_STATUSbits                               (abs)        00003
_SYSTEM_Initialize                        text7        016C9
_SetTimer1_cnt                            dataBANK1    000EC
_SetTimer1_digi                           bssBANK1     000E1
_SetTimer2_cnt                            dataBANK0    0006E
_SetTimer2_digi                           bssBANK1     000DD
_T0_10ms_cnt                              bssBANK1     000D7
_T0_1second_cnt                           bssBANK1     000D6
_T1CON                                    (abs)        00018
_T1CONbits                                (abs)        00018
_T1GCON                                   (abs)        00019
_T1GCONbits                               (abs)        00019
_T1_1000ms_cnt                            bssBANK1     000C0
_T1_100ms_cnt                             bssBANK1     000C2
_T1_10ms_cnt                              bssBANK1     000C4
_TMR0                                     (abs)        00015
_TMR0_10msEven                            text98       016DC
_TMR0_CallBack                            text97       0164E
_TMR0_ISR                                 text96       01760
_TMR0_Initialize                          text10       01675
_TMR0_InterruptHandler                    bssBANK1     000C8
_TMR0_SetInterruptHandler                 text6        015F3
_TMR1H                                    (abs)        00017
_TMR1L                                    (abs)        00016
_TMR1_10msEven                            text94       00E3F
_TMR1_ISR                                 text92       01731
_TMR1_Initialize                          text9        016B6
_TMR1_InterruptHandler                    bssBANK1     000CA
_TMR1_SetInterruptHandler                 text5        015F9
_TMR1_WriteTimer                          text93       01682
_TRISA                                    (abs)        0008C
_TRISB                                    (abs)        0008D
_TRISC                                    (abs)        0008E
_TRISE                                    (abs)        00090
_TimeAdjustment                           text1        0037E
_TimeMode                                 bssBANK0     0006D
_TimeModeSelect                           text19       00A27
_TimerState                               bssBANK1     000D0
_WDTCON                                   (abs)        00097
_WDT_Initialize                           text8        015AC
_WPUB                                     (abs)        0020D
_WPUE                                     (abs)        00210
__Beeprom_data                            eeprom_data  0F000
__H__absolute__                           __absolute__ 00000
__Habs1                                   abs1         00000
__Hbank0                                  bank0        00000
__Hbank1                                  bank1        00000
__Hbank10                                 bank10       00000
__Hbank11                                 bank11       00000
__Hbank12                                 bank12       00000
__Hbank13                                 bank13       00000
__Hbank14                                 bank14       00000
__Hbank15                                 bank15       00000
__Hbank16                                 bank16       00000
__Hbank17                                 bank17       00000
__Hbank18                                 bank18       00000
__Hbank19                                 bank19       00000
__Hbank2                                  bank2        00000
__Hbank20                                 bank20       00000
__Hbank21                                 bank21       00000
__Hbank22                                 bank22       00000
__Hbank23                                 bank23       00000
__Hbank24                                 bank24       00000
__Hbank25                                 bank25       00000
__Hbank26                                 bank26       00000
__Hbank27                                 bank27       00000
__Hbank28                                 bank28       00000
__Hbank29                                 bank29       00000
__Hbank3                                  bank3        00000
__Hbank30                                 bank30       00000
__Hbank31                                 bank31       00000
__Hbank4                                  bank4        00000
__Hbank5                                  bank5        00000
__Hbank6                                  bank6        00000
__Hbank7                                  bank7        00000
__Hbank8                                  bank8        00000
__Hbank9                                  bank9        00000
__Hbigram                                 bigram       00000
__HbssBANK0                               bssBANK0     00000
__HbssBANK1                               bssBANK1     00000
__HbssBANK2                               bssBANK2     00000
__HbssBANK3                               bssBANK3     00000
__HbssCOMMON                              bssCOMMON    00000
__Hcinit                                  cinit        00062
__Hclrtext                                clrtext      00000
__Hcode                                   code         00000
__Hcommon                                 common       00000
__Hconfig                                 config       08009
__HcstackBANK0                            cstackBANK0  00000
__HcstackBANK1                            cstackBANK1  00000
__HcstackCOMMON                           cstackCOMMON 00000
__HdataBANK0                              dataBANK0    00000
__HdataBANK1                              dataBANK1    00000
__Heeprom_data                            eeprom_data  00010
__Hend_init                               end_init     00028
__Hfunctab                                functab      00000
__Hheap                                   heap         00000
__HidataBANK0                             idataBANK0   00000
__HidataBANK1                             idataBANK1   00000
__Hinit                                   init         00026
__Hintentry                               intentry     00026
__Hmaintext                               maintext     00000
__Hpowerup                                powerup      00000
__Hram                                    ram          00000
__Hreset_vec                              reset_vec    00002
__Hsfr0                                   sfr0         00000
__Hsfr1                                   sfr1         00000
__Hsfr10                                  sfr10        00000
__Hsfr11                                  sfr11        00000
__Hsfr12                                  sfr12        00000
__Hsfr13                                  sfr13        00000
__Hsfr14                                  sfr14        00000
__Hsfr15                                  sfr15        00000
__Hsfr16                                  sfr16        00000
__Hsfr17                                  sfr17        00000
__Hsfr18                                  sfr18        00000
__Hsfr19                                  sfr19        00000
__Hsfr2                                   sfr2         00000
__Hsfr20                                  sfr20        00000
__Hsfr21                                  sfr21        00000
__Hsfr22                                  sfr22        00000
__Hsfr23                                  sfr23        00000
__Hsfr24                                  sfr24        00000
__Hsfr25                                  sfr25        00000
__Hsfr26                                  sfr26        00000
__Hsfr27                                  sfr27        00000
__Hsfr28                                  sfr28        00000
__Hsfr29                                  sfr29        00000
__Hsfr3                                   sfr3         00000
__Hsfr30                                  sfr30        00000
__Hsfr31                                  sfr31        00000
__Hsfr4                                   sfr4         00000
__Hsfr5                                   sfr5         00000
__Hsfr6                                   sfr6         00000
__Hsfr7                                   sfr7         00000
__Hsfr8                                   sfr8         00000
__Hsfr9                                   sfr9         00000
__Hsivt                                   sivt         00026
__Hspace_0                                (abs)        018BA
__Hspace_1                                (abs)        001EC
__Hspace_2                                (abs)        00000
__Hspace_3                                (abs)        00010
__Hspace_4                                (abs)        10010
__Hstack                                  stack        00000
__Hstrings                                strings      00000
__Hstringtext1                            stringtext1  00000
__Hstringtext10                           stringtext10 00000
__Hstringtext11                           stringtext11 00000
__Hstringtext12                           stringtext12 00000
__Hstringtext13                           stringtext13 00000
__Hstringtext14                           stringtext14 00000
__Hstringtext2                            stringtext2  00000
__Hstringtext3                            stringtext3  00000
__Hstringtext4                            stringtext4  00000
__Hstringtext5                            stringtext5  00000
__Hstringtext6                            stringtext6  00000
__Hstringtext7                            stringtext7  00000
__Hstringtext8                            stringtext8  00000
__Hstringtext9                            stringtext9  00000
__Htext                                   text         00000
__L__absolute__                           __absolute__ 00000
__Labs1                                   abs1         00000
__Lbank0                                  bank0        00000
__Lbank1                                  bank1        00000
__Lbank10                                 bank10       00000
__Lbank11                                 bank11       00000
__Lbank12                                 bank12       00000
__Lbank13                                 bank13       00000
__Lbank14                                 bank14       00000
__Lbank15                                 bank15       00000
__Lbank16                                 bank16       00000
__Lbank17                                 bank17       00000
__Lbank18                                 bank18       00000
__Lbank19                                 bank19       00000
__Lbank2                                  bank2        00000
__Lbank20                                 bank20       00000
__Lbank21                                 bank21       00000
__Lbank22                                 bank22       00000
__Lbank23                                 bank23       00000
__Lbank24                                 bank24       00000
__Lbank25                                 bank25       00000
__Lbank26                                 bank26       00000
__Lbank27                                 bank27       00000
__Lbank28                                 bank28       00000
__Lbank29                                 bank29       00000
__Lbank3                                  bank3        00000
__Lbank30                                 bank30       00000
__Lbank31                                 bank31       00000
__Lbank4                                  bank4        00000
__Lbank5                                  bank5        00000
__Lbank6                                  bank6        00000
__Lbank7                                  bank7        00000
__Lbank8                                  bank8        00000
__Lbank9                                  bank9        00000
__Lbigram                                 bigram       00000
__LbssBANK0                               bssBANK0     00000
__LbssBANK1                               bssBANK1     00000
__LbssBANK2                               bssBANK2     00000
__LbssBANK3                               bssBANK3     00000
__LbssCOMMON                              bssCOMMON    00000
__Lcinit                                  cinit        00028
__Lclrtext                                clrtext      00000
__Lcode                                   code         00000
__Lcommon                                 common       00000
__Lconfig                                 config       00000
__LcstackBANK0                            cstackBANK0  00000
__LcstackBANK1                            cstackBANK1  00000
__LcstackCOMMON                           cstackCOMMON 00000
__LdataBANK0                              dataBANK0    00000
__LdataBANK1                              dataBANK1    00000
__Leeprom_data                            eeprom_data  00000
__Lend_init                               end_init     00026
__Lfunctab                                functab      00000
__Lheap                                   heap         00000
__LidataBANK0                             idataBANK0   00000
__LidataBANK1                             idataBANK1   00000
__Linit                                   init         00026
__Lintentry                               intentry     00004
__Lmaintext                               maintext     00000
__Lpowerup                                powerup      00000
__Lram                                    ram          00000
__Lreset_vec                              reset_vec    00000
__Lsfr0                                   sfr0         00000
__Lsfr1                                   sfr1         00000
__Lsfr10                                  sfr10        00000
__Lsfr11                                  sfr11        00000
__Lsfr12                                  sfr12        00000
__Lsfr13                                  sfr13        00000
__Lsfr14                                  sfr14        00000
__Lsfr15                                  sfr15        00000
__Lsfr16                                  sfr16        00000
__Lsfr17                                  sfr17        00000
__Lsfr18                                  sfr18        00000
__Lsfr19                                  sfr19        00000
__Lsfr2                                   sfr2         00000
__Lsfr20                                  sfr20        00000
__Lsfr21                                  sfr21        00000
__Lsfr22                                  sfr22        00000
__Lsfr23                                  sfr23        00000
__Lsfr24                                  sfr24        00000
__Lsfr25                                  sfr25        00000
__Lsfr26                                  sfr26        00000
__Lsfr27                                  sfr27        00000
__Lsfr28                                  sfr28        00000
__Lsfr29                                  sfr29        00000
__Lsfr3                                   sfr3         00000
__Lsfr30                                  sfr30        00000
__Lsfr31                                  sfr31        00000
__Lsfr4                                   sfr4         00000
__Lsfr5                                   sfr5         00000
__Lsfr6                                   sfr6         00000
__Lsfr7                                   sfr7         00000
__Lsfr8                                   sfr8         00000
__Lsfr9                                   sfr9         00000
__Lsivt                                   sivt         00026
__Lspace_0                                (abs)        00000
__Lspace_1                                (abs)        00000
__Lspace_2                                (abs)        00000
__Lspace_3                                (abs)        00000
__Lspace_4                                (abs)        00000
__Lstack                                  stack        00000
__Lstrings                                strings      00000
__Lstringtext1                            stringtext1  00000
__Lstringtext10                           stringtext10 00000
__Lstringtext11                           stringtext11 00000
__Lstringtext12                           stringtext12 00000
__Lstringtext13                           stringtext13 00000
__Lstringtext14                           stringtext14 00000
__Lstringtext2                            stringtext2  00000
__Lstringtext3                            stringtext3  00000
__Lstringtext4                            stringtext4  00000
__Lstringtext5                            stringtext5  00000
__Lstringtext6                            stringtext6  00000
__Lstringtext7                            stringtext7  00000
__Lstringtext8                            stringtext8  00000
__Lstringtext9                            stringtext9  00000
__Ltext                                   text         00000
__S0                                      (abs)        018BA
__S1                                      (abs)        001EC
__S3                                      (abs)        0F010
___awdiv                                  text90       00D7D
___awdiv@counter                          cstackBANK0  00020
___awdiv@dividend                         cstackCOMMON 00074
___awdiv@divisor                          cstackCOMMON 00072
___awdiv@quotient                         cstackBANK0  00022
___awdiv@sign                             cstackBANK0  00021
___awmod                                  text89       00C18
___awmod@counter                          cstackCOMMON 00077
___awmod@dividend                         cstackCOMMON 00074
___awmod@divisor                          cstackCOMMON 00072
___awmod@sign                             cstackCOMMON 00078
___bmul                                   text73       016F1
___bmul@multiplicand                      cstackCOMMON 00072
___bmul@multiplier                        cstackCOMMON 00075
___bmul@product                           cstackCOMMON 00074
___heap_hi                                (abs)        00000
___heap_lo                                (abs)        00000
___int_sp                                 stack        00000
___int_stack_hi                           stack        00000
___int_stack_lo                           stack        00000
___latbits                                (abs)        00002
___lwdiv                                  text81       00AFF
___lwdiv@counter                          cstackCOMMON 00077
___lwdiv@dividend                         cstackCOMMON 00074
___lwdiv@divisor                          cstackCOMMON 00072
___lwdiv@quotient                         cstackCOMMON 00078
___lwmod                                  text80       00A5A
___lwmod@counter                          cstackCOMMON 00077
___lwmod@dividend                         cstackCOMMON 00074
___lwmod@divisor                          cstackCOMMON 00072
___sp                                     stack        00000
___stack_hi                               stack        00000
___stack_lo                               stack        00000
___stackhi                                (abs)        00000
___stacklo                                (abs)        00000
___wmul                                   text79       0084C
___wmul@multiplicand                      cstackCOMMON 00074
___wmul@multiplier                        cstackCOMMON 00072
___wmul@product                           cstackCOMMON 00076
__end_of_Digital2Number                   text4        00F11
__end_of_DispFunctionSet                  text82       00946
__end_of_DispNormal                       text76       007E5
__end_of_DispTimeAdjustment               text75       00715
__end_of_EEPROM_ReadWord                  text16       0088A
__end_of_EEPROM_WriteWord                 text2        01731
__end_of_FunctionSet                      text74       01000
__end_of_I2C_CallbackReturnReset          text58       00802
__end_of_I2C_CallbackReturnStop           text59       01589
__end_of_I2C_Close                        text67       01760
__end_of_I2C_DO_ADDRESS_NACK              text35       00970
__end_of_I2C_DO_IDLE                      text49       015BA
__end_of_I2C_DO_RCEN                      text44       01612
__end_of_I2C_DO_RESET                     text36       015E2
__end_of_I2C_DO_RX                        text45       00B80
__end_of_I2C_DO_RX_ACK                    text39       015D3
__end_of_I2C_DO_RX_NACK_RESTART           text37       015DD
__end_of_I2C_DO_RX_NACK_STOP              text38       015D8
__end_of_I2C_DO_SEND_ADR_READ             text48       01623
__end_of_I2C_DO_SEND_ADR_WRITE            text47       0161A
__end_of_I2C_DO_SEND_RESTART              text41       015C9
__end_of_I2C_DO_SEND_RESTART_READ         text43       015BF
__end_of_I2C_DO_SEND_RESTART_WRITE        text42       015C4
__end_of_I2C_DO_SEND_STOP                 text40       015CE
__end_of_I2C_DO_TX                        text46       00CC1
__end_of_I2C_DO_TX_EMPTY                  text50       009F5
__end_of_I2C_Initialize                   text13       0162C
__end_of_I2C_MasterClearIrq               text70       0158C
__end_of_I2C_MasterClose                  text69       0158F
__end_of_I2C_MasterDisableIrq             text68       01592
__end_of_I2C_MasterEnableRestart          text65       01598
__end_of_I2C_MasterFsm                    text34       0091C
__end_of_I2C_MasterGetRxData              text55       015A1
__end_of_I2C_MasterIsNack                 text52       015ED
__end_of_I2C_MasterOpen                   text29       01675
__end_of_I2C_MasterOperation              text31       008CB
__end_of_I2C_MasterSendAck                text54       015AC
__end_of_I2C_MasterSendNack               text56       015A8
__end_of_I2C_MasterSendTxData             text53       015B5
__end_of_I2C_MasterSetIrq                 text51       015A4
__end_of_I2C_MasterStart                  text66       01595
__end_of_I2C_MasterStartRx                text57       0159E
__end_of_I2C_MasterStop                   text64       0159B
__end_of_I2C_MasterWaitForEvent           text33       015F3
__end_of_I2C_MasterWrite                  text30       015E7
__end_of_I2C_Open                         text28       00AC4
__end_of_I2C_Poller                       text32       01668
__end_of_I2C_SetAddressNackCallback       text27       01642
__end_of_I2C_SetBuffer                    text63       00810
__end_of_I2C_SetCallback                  text62       008F3
__end_of_I2C_SetDataCompleteCallback      text61       01637
__end_of_I2C_Write1ByteRegister           text26       00A27
__end_of_INTERRUPT_InterruptManager       intentry     00026
__end_of_KEY_Init                         text72       00D1E
__end_of_KEY_ScanAll                      text71       00630
__end_of_KeepTimerCounter                 text95       00BC7
__end_of_LCD_Command                      text24       0084C
__end_of_LCD_Data                         text22       008AA
__end_of_LCD_Init                         text23       00E3F
__end_of_LCD_Print                        text21       017AC
__end_of_LCD_SetCursor                    text20       01800
__end_of_Normal                           text18       00D7D
__end_of_Number2Digital                   text78       00F88
__end_of_OSCILLATOR_Initialize            text12       0164E
__end_of_PCF8574_LCD_SendNibble           text25       009C7
__end_of_PIN_MANAGER_Initialize           text11       00800
__end_of_POWER_ON_EEPROM_READ             text15       01792
__end_of_RelayControl_Init                text14       017C7
__end_of_SYSTEM_Initialize                text7        016DC
__end_of_TMR0_10msEven                    text98       016F1
__end_of_TMR0_CallBack                    text97       0165B
__end_of_TMR0_ISR                         text96       01779
__end_of_TMR0_Initialize                  text10       01682
__end_of_TMR0_SetInterruptHandler         text6        015F9
__end_of_TMR1_10msEven                    text94       00EA3
__end_of_TMR1_ISR                         text92       01748
__end_of_TMR1_Initialize                  text9        016C9
__end_of_TMR1_SetInterruptHandler         text5        015FF
__end_of_TMR1_WriteTimer                  text93       01693
__end_of_TimeAdjustment                   text1        004EB
__end_of_TimeModeSelect                   text19       00A5A
__end_of_WDT_Initialize                   text8        015B0
__end_of___awdiv                          text90       00DDD
__end_of___awmod                          text89       00C6B
__end_of___bmul                           text73       01706
__end_of___lwdiv                          text81       00B3B
__end_of___lwmod                          text80       00A8E
__end_of___wmul                           text79       0086B
__end_of__initialization                  cinit        0005E
__end_of_abs                              text88       016B6
__end_of_eeprom_read                      text17       0171B
__end_of_eeprom_write                     text3        0099A
__end_of_fputc                            text86       00C18
__end_of_i2c_fsmStateTable                stringtext1  01020
__end_of_main                             maintext     00201
__end_of_putch                            text87       01587
__end_of_sprintf                          text83       0082E
__end_of_strncpy                          text77       00AFF
__end_of_vfpfcnvrt                        text85       0037E
__end_of_vfprintf                         text84       017E3
__end_of_wr1RegCompleteHandler            text60       016A4
__initialization                          cinit        00028
__pbssBANK0                               bssBANK0     0006C
__pbssBANK1                               bssBANK1     000A0
__pbssBANK2                               bssBANK2     00120
__pbssBANK3                               bssBANK3     001A0
__pbssCOMMON                              bssCOMMON    0007A
__pcstackBANK0                            cstackBANK0  00020
__pcstackBANK1                            cstackBANK1  000EE
__pcstackCOMMON                           cstackCOMMON 00070
__pdataBANK0                              dataBANK0    0006E
__pdataBANK1                              dataBANK1    000E8
__pidataBANK0                             idataBANK0   00002
__pidataBANK1                             idataBANK1   01605
__pintentry                               intentry     00004
__pmaintext                               maintext     00062
__pstringtext1                            stringtext1  01000
__pstringtext10                           stringtext10 01890
__pstringtext11                           stringtext11 018A1
__pstringtext12                           stringtext12 018B2
__pstringtext13                           stringtext13 018B6
__pstringtext14                           stringtext14 00000
__pstringtext2                            stringtext2  01800
__pstringtext3                            stringtext3  01815
__pstringtext4                            stringtext4  0182A
__pstringtext5                            stringtext5  0183B
__pstringtext6                            stringtext6  0184C
__pstringtext7                            stringtext7  0185D
__pstringtext8                            stringtext8  0186E
__pstringtext9                            stringtext9  0187F
__ptext1                                  text1        0037E
__ptext10                                 text10       01675
__ptext11                                 text11       007E5
__ptext12                                 text12       01642
__ptext13                                 text13       01623
__ptext14                                 text14       017AC
__ptext15                                 text15       01779
__ptext16                                 text16       0086B
__ptext17                                 text17       01706
__ptext18                                 text18       00D1E
__ptext19                                 text19       00A27
__ptext2                                  text2        0171B
__ptext20                                 text20       017E3
__ptext21                                 text21       01792
__ptext22                                 text22       0088A
__ptext23                                 text23       00DDD
__ptext24                                 text24       0082E
__ptext25                                 text25       0099A
__ptext26                                 text26       009F5
__ptext27                                 text27       01637
__ptext28                                 text28       00A8E
__ptext29                                 text29       01668
__ptext3                                  text3        00970
__ptext30                                 text30       015E2
__ptext31                                 text31       008AA
__ptext32                                 text32       0165B
__ptext33                                 text33       015ED
__ptext34                                 text34       008F3
__ptext35                                 text35       00946
__ptext36                                 text36       015DD
__ptext37                                 text37       015D8
__ptext38                                 text38       015D3
__ptext39                                 text39       015CE
__ptext4                                  text4        00EA3
__ptext40                                 text40       015C9
__ptext41                                 text41       015C4
__ptext42                                 text42       015BF
__ptext43                                 text43       015BA
__ptext44                                 text44       0160B
__ptext45                                 text45       00B3B
__ptext46                                 text46       00C6B
__ptext47                                 text47       01612
__ptext48                                 text48       0161A
__ptext49                                 text49       015B5
__ptext5                                  text5        015F9
__ptext50                                 text50       009C7
__ptext51                                 text51       015A1
__ptext52                                 text52       015E7
__ptext53                                 text53       015B0
__ptext54                                 text54       015A8
__ptext55                                 text55       0159E
__ptext56                                 text56       015A4
__ptext57                                 text57       0159B
__ptext58                                 text58       00800
__ptext59                                 text59       01587
__ptext6                                  text6        015F3
__ptext60                                 text60       01693
__ptext61                                 text61       0162C
__ptext62                                 text62       008CB
__ptext63                                 text63       00802
__ptext64                                 text64       01598
__ptext65                                 text65       01595
__ptext66                                 text66       01592
__ptext67                                 text67       01748
__ptext68                                 text68       0158F
__ptext69                                 text69       0158C
__ptext7                                  text7        016C9
__ptext70                                 text70       01589
__ptext71                                 text71       004EB
__ptext72                                 text72       00CC1
__ptext73                                 text73       016F1
__ptext74                                 text74       00F88
__ptext75                                 text75       00630
__ptext76                                 text76       00715
__ptext77                                 text77       00AC4
__ptext78                                 text78       00F11
__ptext79                                 text79       0084C
__ptext8                                  text8        015AC
__ptext80                                 text80       00A5A
__ptext81                                 text81       00AFF
__ptext82                                 text82       0091C
__ptext83                                 text83       00810
__ptext84                                 text84       017C7
__ptext85                                 text85       00201
__ptext86                                 text86       00BC7
__ptext87                                 text87       01586
__ptext88                                 text88       016A4
__ptext89                                 text89       00C18
__ptext9                                  text9        016B6
__ptext90                                 text90       00D7D
__ptext92                                 text92       01731
__ptext93                                 text93       01682
__ptext94                                 text94       00E3F
__ptext95                                 text95       00B80
__ptext96                                 text96       01760
__ptext97                                 text97       0164E
__ptext98                                 text98       016DC
_abs                                      text88       016A4
_buf                                      bssBANK2     00141
_dbuf                                     bssBANK3     001A0
_eeprom_read                              text17       01706
_eeprom_write                             text3        00970
_fLCD_updata                              bssBANK1     000D9
_fT0_1second                              bssBANK1     000DB
_fT0_fT10ms                               bssBANK1     000DC
_fT1_100ms                                bssBANK1     000D4
_fT1_10ms                                 bssBANK1     000D5
_fT1_1second                              bssBANK1     000D3
_fT1_TimerUp                              bssBANK1     000D2
_flags                                    bssBANK1     000CE
_fputc                                    text86       00BC7
_i2c_fsmStateTable                        stringtext1  01000
_key                                      bssBANK3     001C0
_main                                     maintext     00062
_prec                                     bssBANK1     000B4
_putch                                    text87       01586
_sprintf                                  text83       00810
_strncpy                                  text77       00AC4
_timer0ReloadVal                          bssCOMMON    0007B
_timer1ReloadVal                          bssBANK1     000CC
_vfpfcnvrt                                text85       00201
_vfprintf                                 text84       017C7
_width                                    bssBANK1     000B2
_wr1RegCompleteHandler                    text60       01693
_x100T_cnt                                bssBANK1     000BA
_x10T_cnt                                 bssBANK1     000BC
_x1T_cnt                                  bssBANK1     000BE
_xComm_cnt                                bssBANK1     000B8
abs@a                                     cstackBANK0  00020
btemp                                     (abs)        0007E
clear_ram0                                clrtext      015FF
eeprom_read@addr                          cstackCOMMON 00075
eeprom_write@addr                         cstackCOMMON 00075
eeprom_write@value                        cstackCOMMON 00072
end_of_initialization                     cinit        0005E
fputc@c                                   cstackCOMMON 00072
fputc@fp                                  cstackCOMMON 00074
int$flags                                 (abs)        0007E
intlevel0                                 functab      00000
intlevel1                                 functab      00000
intlevel2                                 functab      00000
intlevel3                                 functab      00000
intlevel4                                 functab      00000
intlevel5                                 functab      00000
reset_vec                                 reset_vec    00000
sprintf@ap                                cstackBANK0  00049
sprintf@f                                 cstackBANK0  0004A
sprintf@fmt                               cstackBANK0  0003B
sprintf@s                                 cstackBANK0  00055
start                                     init         00026
start_initialization                      cinit        00028
strncpy@cp                                cstackCOMMON 00078
strncpy@d                                 cstackCOMMON 00079
strncpy@n                                 cstackCOMMON 00074
strncpy@s                                 cstackCOMMON 00072
vfpfcnvrt@ap                              cstackBANK0  00025
vfpfcnvrt@c                               cstackBANK0  00033
vfpfcnvrt@convarg                         cstackBANK0  0002F
vfpfcnvrt@cp                              cstackBANK0  0002B
vfpfcnvrt@cp_1944                         cstackBANK0  0002A
vfpfcnvrt@done                            cstackBANK0  0002D
vfpfcnvrt@fmt                             cstackBANK0  00024
vfpfcnvrt@fp                              cstackBANK0  0002E
vfprintf@ap                               cstackBANK0  00036
vfprintf@cfmt                             cstackBANK0  00039
vfprintf@fmt                              cstackBANK0  00034
vfprintf@fp                               cstackBANK0  00038
wr1RegCompleteHandler@ptr                 cstackCOMMON 00079
wtemp0                                    (abs)        0007E


MODULE INFORMATION

Module		Function		Class		Link	Load	Size
C:\Program Files\Microchip\xc8\v2.46\pic\sources\c99\pic\__eeread.c
		_eeprom_read   		CODE           	1706	0000	21

C:\Program Files\Microchip\xc8\v2.46\pic\sources\c99\pic\__eeread.c estimated size: 21

C:\Program Files\Microchip\xc8\v2.46\pic\sources\c99\pic\__eewrite.c
		_eeprom_write  		CODE           	0970	0000	42

C:\Program Files\Microchip\xc8\v2.46\pic\sources\c99\pic\__eewrite.c estimated size: 42

C:\Program Files\Microchip\xc8\v2.46\pic\sources\c99\common\nf_fputc.c
		_fputc         		CODE           	0BC7	0000	81

C:\Program Files\Microchip\xc8\v2.46\pic\sources\c99\common\nf_fputc.c estimated size: 81

C:\Program Files\Microchip\xc8\v2.46\pic\sources\c99\common\lwdiv.c
		___lwdiv       		CODE           	0AFF	0000	60

C:\Program Files\Microchip\xc8\v2.46\pic\sources\c99\common\lwdiv.c estimated size: 60

C:\Program Files\Microchip\xc8\v2.46\pic\sources\c99\common\awdiv.c
		___awdiv       		CODE           	0D7D	0000	96

C:\Program Files\Microchip\xc8\v2.46\pic\sources\c99\common\awdiv.c estimated size: 96

mcc_generated_files/interrupt_manager.c
		_INTERRUPT_InterruptManager		CODE           	0004	0000	34

mcc_generated_files/interrupt_manager.c estimated size: 34

mcc_generated_files/examples/i2c_master_example.c
		_wr1RegCompleteHandler		CODE           	1693	0000	17
		_I2C_Write1ByteRegister		CODE           	09F5	0000	50

mcc_generated_files/examples/i2c_master_example.c estimated size: 67

mcc_generated_files/tmr0.c
		_TMR0_SetInterruptHandler		CODE           	15F3	0000	6
		_TMR0_CallBack 		CODE           	164E	0000	13
		_TMR0_ISR      		CODE           	1760	0000	25
		_TMR0_Initialize		CODE           	1675	0000	13

mcc_generated_files/tmr0.c estimated size: 57

C:\Program Files\Microchip\xc8\v2.46\pic\sources\c99\common\Umul8.c
		___bmul        		CODE           	16F1	0000	21

C:\Program Files\Microchip\xc8\v2.46\pic\sources\c99\common\Umul8.c estimated size: 21

mcc_generated_files/pin_manager.c
		_PIN_MANAGER_Initialize		CODE           	07E5	0000	27

mcc_generated_files/pin_manager.c estimated size: 27

C:\Program Files\Microchip\xc8\v2.46\pic\sources\c99\common\strncpy.c
		_strncpy       		CODE           	0AC4	0000	59

C:\Program Files\Microchip\xc8\v2.46\pic\sources\c99\common\strncpy.c estimated size: 59

RelayControl.c
		_DispTimeAdjustment		CODE           	0630	0000	229
		_FunctionSet   		CODE           	0F88	0000	120
		_TimeModeSelect		CODE           	0A27	0000	51
		_DispFunctionSet		CODE           	091C	0000	42
		_Normal        		CODE           	0D1E	0000	95
		_TimeAdjustment		CODE           	037E	0000	365
		_Digital2Number		CODE           	0EA3	0000	110
		_RelayControl_Init		CODE           	17AC	0000	27
		_DispNormal    		CODE           	0715	0000	208
		_KeepTimerCounter		CODE           	0B80	0000	71
		_Number2Digital		CODE           	0F11	0000	119

RelayControl.c estimated size: 1437

eeprom.c
		_EEPROM_WriteWord		CODE           	171B	0000	22
		_POWER_ON_EEPROM_READ		CODE           	1779	0000	25
		_EEPROM_ReadWord		CODE           	086B	0000	31

eeprom.c estimated size: 78

C:\Program Files\Microchip\xc8\v2.46\pic\sources\c99\common\doprnt.c
		_vfpfcnvrt     		CODE           	0201	0000	381
		_vfprintf      		CODE           	17C7	0000	28

C:\Program Files\Microchip\xc8\v2.46\pic\sources\c99\common\doprnt.c estimated size: 409

C:\Program Files\Microchip\xc8\v2.46\pic\sources\c99\common\nf_sprintf.c
		_sprintf       		CODE           	0810	0000	30

C:\Program Files\Microchip\xc8\v2.46\pic\sources\c99\common\nf_sprintf.c estimated size: 30

Key.c
		_KEY_ScanAll   		CODE           	04EB	0000	325
		_KEY_Init      		CODE           	0CC1	0000	93

Key.c estimated size: 418

shared
		__initialization		CODE           	0028	0000	54
		_i2c_fsmStateTable		STRCODE        	1000	0000	32

shared estimated size: 86

C:\Program Files\Microchip\xc8\v2.46\pic\sources\c99\common\putch.c
		_putch         		CODE           	1586	0000	1

C:\Program Files\Microchip\xc8\v2.46\pic\sources\c99\common\putch.c estimated size: 1

C:\Program Files\Microchip\xc8\v2.46\pic\sources\c99\common\Umul16.c
		___wmul        		CODE           	084C	0000	31

C:\Program Files\Microchip\xc8\v2.46\pic\sources\c99\common\Umul16.c estimated size: 31

mcc_generated_files/mcc.c
		_WDT_Initialize		CODE           	15AC	0000	4
		_OSCILLATOR_Initialize		CODE           	1642	0000	12
		_SYSTEM_Initialize		CODE           	16C9	0000	19

mcc_generated_files/mcc.c estimated size: 35

mcc_generated_files/tmr1.c
		_TMR1_Initialize		CODE           	16B6	0000	19
		_TMR1_SetInterruptHandler		CODE           	15F9	0000	6
		_TMR1_WriteTimer		CODE           	1682	0000	17
		_TMR1_ISR      		CODE           	1731	0000	23

mcc_generated_files/tmr1.c estimated size: 65

hd44780_i2c.c
		_LCD_Init      		CODE           	0DDD	0000	98
		_PCF8574_LCD_SendNibble		CODE           	099A	0000	45
		_LCD_Command   		CODE           	082E	0000	30
		_LCD_Data      		CODE           	088A	0000	32
		_LCD_SetCursor 		CODE           	17E3	0000	29
		_LCD_Print     		CODE           	1792	0000	26

hd44780_i2c.c estimated size: 260

TimerEven.c
		_TMR0_10msEven 		CODE           	16DC	0000	21
		_TMR1_10msEven 		CODE           	0E3F	0000	100

TimerEven.c estimated size: 121

mcc_generated_files/i2c_master.c
		_I2C_Close     		CODE           	1748	0000	24
		_I2C_MasterStartRx		CODE           	159B	0000	3
		_I2C_DO_SEND_ADR_WRITE		CODE           	1612	0000	8
		_I2C_MasterWaitForEvent		CODE           	15ED	0000	6
		_I2C_DO_SEND_STOP		CODE           	15C9	0000	5
		_I2C_MasterSendNack		CODE           	15A4	0000	4
		_I2C_MasterDisableIrq		CODE           	158F	0000	3
		_I2C_CallbackReturnStop		CODE           	1587	0000	2
		_I2C_MasterOperation		CODE           	08AA	0000	33
		_I2C_DO_SEND_ADR_READ		CODE           	161A	0000	9
		_I2C_DO_RX_NACK_STOP		CODE           	15D3	0000	5
		_I2C_DO_SEND_RESTART		CODE           	15C4	0000	5
		_I2C_DO_RX     		CODE           	0B3B	0000	69
		_I2C_DO_TX     		CODE           	0C6B	0000	86
		_I2C_DO_IDLE   		CODE           	15B5	0000	5
		_I2C_DO_RCEN   		CODE           	160B	0000	7
		_I2C_Poller    		CODE           	165B	0000	13
		_I2C_DO_RESET  		CODE           	15DD	0000	5
		_I2C_MasterClose		CODE           	158C	0000	3
		_I2C_MasterWrite		CODE           	15E2	0000	5
		_I2C_DO_RX_ACK 		CODE           	15CE	0000	5
		_I2C_MasterStart		CODE           	1592	0000	3
		_I2C_MasterClearIrq		CODE           	1589	0000	3
		_I2C_MasterGetRxData		CODE           	159E	0000	3
		_I2C_SetCallback		CODE           	08CB	0000	40
		_I2C_DO_ADDRESS_NACK		CODE           	0946	0000	42
		_I2C_MasterEnableRestart		CODE           	1595	0000	3
		_I2C_CallbackReturnReset		CODE           	0800	0000	2
		_I2C_Open      		CODE           	0A8E	0000	54
		_I2C_SetAddressNackCallback		CODE           	1637	0000	11
		_I2C_DO_TX_EMPTY		CODE           	09C7	0000	46
		_I2C_DO_SEND_RESTART_WRITE		CODE           	15BF	0000	5
		_I2C_MasterIsNack		CODE           	15E7	0000	6
		_I2C_SetDataCompleteCallback		CODE           	162C	0000	11
		_I2C_DO_RX_NACK_RESTART		CODE           	15D8	0000	5
		_I2C_MasterSendAck		CODE           	15A8	0000	4
		_I2C_MasterFsm 		CODE           	08F3	0000	41
		_I2C_MasterSetIrq		CODE           	15A1	0000	3
		_I2C_DO_SEND_RESTART_READ		CODE           	15BA	0000	5
		_I2C_Initialize		CODE           	1623	0000	9
		_I2C_SetBuffer 		CODE           	0802	0000	14
		_I2C_MasterOpen		CODE           	1668	0000	13
		_I2C_MasterSendTxData		CODE           	15B0	0000	5
		_I2C_MasterStop		CODE           	1598	0000	3

mcc_generated_files/i2c_master.c estimated size: 636

C:\Program Files\Microchip\xc8\v2.46\pic\sources\c99\common\lwmod.c
		___lwmod       		CODE           	0A5A	0000	52

C:\Program Files\Microchip\xc8\v2.46\pic\sources\c99\common\lwmod.c estimated size: 52

C:\Program Files\Microchip\xc8\v2.46\pic\sources\c99\common\abs.c
		_abs           		CODE           	16A4	0000	18

C:\Program Files\Microchip\xc8\v2.46\pic\sources\c99\common\abs.c estimated size: 18

C:\Program Files\Microchip\xc8\v2.46\pic\sources\c99\common\awmod.c
		___awmod       		CODE           	0C18	0000	83

C:\Program Files\Microchip\xc8\v2.46\pic\sources\c99\common\awmod.c estimated size: 83

main.c
		_main          		CODE           	0062	0000	415

main.c estimated size: 415

