Microchip MPLAB XC8 Compiler V2.46

Linker command line:

-W-3 \
  --edf=C:/Users/User/.mchp_packs/Microchip/PIC12-16F1xxx_DFP/1.8.254/xc8\pic\dat\20250327143623_en.msgs \
  -cn -h+D:\work_pic\LCD_I2C.X\out\LCD_I2C\default.sym \
  --cmf=D:\work_pic\LCD_I2C.X\out\LCD_I2C\default.cmf -z -Q16F1936 \
  -oC:\Users\User\AppData\Local\Temp\xcAska8.\driver_tmp_3.o \
  --defsym=__MPLAB_BUILD=1 --fixupoverflow=error -Mmem.map \
  --md=C:\Users\User\AppData\Local\Temp\xcAska8.\driver_tmp_0.dat -E1 \
  -ver=XC8 Compiler --acfsm=1493 -ACODE=00h-07FFhx4 -ASTRCODE=00h-01FFFh \
  -ASTRING=00h-0FFhx32 -ACONST=00h-0FFhx32 -AENTRY=00h-0FFhx32 \
  -ACOMMON=070h-07Fh -ABANK0=020h-06Fh -ABANK1=0A0h-0EFh \
  -ABANK2=0120h-016Fh -ABANK3=01A0h-01EFh -ABANK4=0220h-026Fh \
  -ABANK5=02A0h-02EFh -ABANK6=0320h-032Fh -ABIGRAM=02000h-021EFh \
  -ARAM=020h-06Fh,0A0h-0EFh,0120h-016Fh,01A0h-01EFh,0220h-026Fh,02A0h-02EFh,0320h-032Fh \
  -AABS1=020h-07Fh,0A0h-0EFh,0120h-016Fh,01A0h-01EFh,0220h-026Fh,02A0h-02EFh,0320h-032Fh \
  -ASFR0=00h-01Fh -ASFR1=080h-09Fh -ASFR2=0100h-011Fh -ASFR3=0180h-019Fh \
  -ASFR4=0200h-021Fh -ASFR5=0280h-029Fh -ASFR6=0300h-031Fh \
  -ASFR7=0380h-03EFh -ASFR8=0400h-046Fh -ASFR9=0480h-04EFh \
  -ASFR10=0500h-056Fh -ASFR11=0580h-05EFh -ASFR12=0600h-066Fh \
  -ASFR13=0680h-06EFh -ASFR14=0700h-076Fh -ASFR15=0780h-07EFh \
  -ASFR16=0800h-086Fh -ASFR17=0880h-08EFh -ASFR18=0900h-096Fh \
  -ASFR19=0980h-09EFh -ASFR20=0A00h-0A6Fh -ASFR21=0A80h-0AEFh \
  -ASFR22=0B00h-0B6Fh -ASFR23=0B80h-0BEFh -ASFR24=0C00h-0C6Fh \
  -ASFR25=0C80h-0CEFh -ASFR26=0D00h-0D6Fh -ASFR27=0D80h-0DEFh \
  -ASFR28=0E00h-0E6Fh -ASFR29=0E80h-0EEFh -ASFR30=0F00h-0F6Fh \
  -ASFR31=0F80h-0FEFh -ACONFIG=08007h-08008h -DCONFIG=2 \
  -AIDLOC=08000h-08003h -DIDLOC=2 -AEEDATA=00h-0FFh/0F000h \
  -peeprom_data=EEDATA -DEEDATA=2 -DCODE=2 -DSTRCODE=2 -DSTRING=2 -DCONST=2 \
  -DENTRY=2 -preset_vec=00h,intentry,sivt,init,end_init -ppowerup=CODE \
  -pcinit=CODE -pfunctab=ENTRY -k \
  C:\Users\User\AppData\Local\Temp\xcAska8.\driver_tmp_15.o \
  D:\work_pic\LCD_I2C.X\out\LCD_I2C\default.o 

Object code version is 3.11

Machine type is 16F1936



                Name                               Link     Load   Length Selector   Space Scale
C:\Users\User\AppData\Local\Temp\xcAska8.\driver_tmp_15.o
                end_init                              2        2        2        0       0
                reset_vec                             0        0        2        0       0
                config                             8007     8007        2        0       4
                idloc                              8000     8000        4        0       5
D:\work_pic\LCD_I2C.X\out\LCD_I2C\default.o
                cinit                               7E5      7E5       1B      FCA       0
                config                             8007     8007        2        0       4
                idloc                              8000     8000        4        0       5
                text61                              3B8      3B8        3      770       0
                text60                              3BB      3BB        3      776       0
                text59                              3BE      3BE        3      77C       0
                text58                              549      549       18      A92       0
                text57                              3C1      3C1        3      782       0
                text56                              3C4      3C4        3      788       0
                text55                              3C7      3C7        3      78E       0
                text54                              491      491        E      922       0
                text53                              5C9      5C9       24      B92       0
                text52                              454      454        B      8A8       0
                text51                              49F      49F       11      93E       0
                text50                              4B0      4B0       11      960       0
                text49                              4C1      4C1       11      982       0
                text48                              4D2      4D2       11      9A4       0
                text47                              561      561       18      AC2       0
                text46                              3B4      3B4        2      768       0
                text45                              3B6      3B6        2      76C       0
                text44                              3CA      3CA        3      794       0
                text43                              3D3      3D3        4      7A6       0
                text42                              3CD      3CD        3      79A       0
                text41                              3D7      3D7        4      7AE       0
                text40                              3E3      3E3        5      7C6       0
                text39                              41A      41A        6      834       0
                text38                              3D0      3D0        3      7A0       0
                text37                              63D      63D       2D      C7A       0
                text36                              3E8      3E8        5      7D0       0
                text35                              442      442        9      884       0
                text34                              43A      43A        8      874       0
                text33                              792      792       53      F24       0
                text32                              6FF      6FF       43      DFE       0
                text31                              42C      42C        7      858       0
                text30                              3ED      3ED        5      7DA       0
                text29                              3F2      3F2        5      7E4       0
                text28                              3F7      3F7        5      7EE       0
                text27                              3FC      3FC        5      7F8       0
                text26                              401      401        5      802       0
                text25                              406      406        5      80C       0
                text24                              40B      40B        5      816       0
                text23                              410      410        5      820       0
                text22                              5ED      5ED       28      BDA       0
                text21                              615      615       28      C2A       0
                text20                              420      420        6      840       0
                text19                              46A      46A        D      8D4       0
                text18                              5AD      5AD       1C      B5A       0
                text17                              415      415        5      82A       0
                text16                              477      477        D      8EE       0
                text15                              6C9      6C9       36      D92       0
                text14                              45F      45F        B      8BE       0
                text13                              697      697       32      D2E       0
                text12                              66A      66A       2D      CD4       0
                text11                              51B      51B       17      A36       0
                text10                              4E3      4E3       11      9C6       0
                text9                               742      742       50      E84       0
                text8                               4F4      4F4       12      9E8       0
                text7                               579      579       19      AF2       0
                text6                               506      506       15      A0C       0
                text5                               44B      44B        9      896       0
                text4                               433      433        7      866       0
                text3                               592      592       1B      B24       0
                text2                               3DB      3DB        4      7B6       0
                text1                               484      484        D      908       0
                maintext                            532      532       17      A64       0
                cstackBANK0                          3D       3D       12       20       1
                cstackCOMMON                         70       70        E       70       1
                clrtext                             426      426        6      84C       0
                dataBANK0                            4F       4F        4       20       1
                bssBANK0                             20       20       1D       20       1
                stringtext1                         800      800       2D     1000       0
                idataBANK0                          3DF      3DF        4      7BE       0

TOTAL           Name                               Link     Load   Length     Space
        CLASS   CODE           
                end_init                              2        2        2         0
                cinit                               7E5      7E5       1B         0
                reset_vec                             0        0        2         0
                text61                              3B8      3B8        3         0
                text60                              3BB      3BB        3         0
                text59                              3BE      3BE        3         0
                text58                              549      549       18         0
                text57                              3C1      3C1        3         0
                text56                              3C4      3C4        3         0
                text55                              3C7      3C7        3         0
                text54                              491      491        E         0
                text53                              5C9      5C9       24         0
                text52                              454      454        B         0
                text51                              49F      49F       11         0
                text50                              4B0      4B0       11         0
                text49                              4C1      4C1       11         0
                text48                              4D2      4D2       11         0
                text47                              561      561       18         0
                text46                              3B4      3B4        2         0
                text45                              3B6      3B6        2         0
                text44                              3CA      3CA        3         0
                text43                              3D3      3D3        4         0
                text42                              3CD      3CD        3         0
                text41                              3D7      3D7        4         0
                text40                              3E3      3E3        5         0
                text39                              41A      41A        6         0
                text38                              3D0      3D0        3         0
                text37                              63D      63D       2D         0
                text36                              3E8      3E8        5         0
                text35                              442      442        9         0
                text34                              43A      43A        8         0
                text33                              792      792       53         0
                text32                              6FF      6FF       43         0
                text31                              42C      42C        7         0
                text30                              3ED      3ED        5         0
                text29                              3F2      3F2        5         0
                text28                              3F7      3F7        5         0
                text27                              3FC      3FC        5         0
                text26                              401      401        5         0
                text25                              406      406        5         0
                text24                              40B      40B        5         0
                text23                              410      410        5         0
                text22                              5ED      5ED       28         0
                text21                              615      615       28         0
                text20                              420      420        6         0
                text19                              46A      46A        D         0
                text18                              5AD      5AD       1C         0
                text17                              415      415        5         0
                text16                              477      477        D         0
                text15                              6C9      6C9       36         0
                text14                              45F      45F        B         0
                text13                              697      697       32         0
                text12                              66A      66A       2D         0
                text11                              51B      51B       17         0
                text10                              4E3      4E3       11         0
                text9                               742      742       50         0
                text8                               4F4      4F4       12         0
                text7                               579      579       19         0
                text6                               506      506       15         0
                text5                               44B      44B        9         0
                text4                               433      433        7         0
                text3                               592      592       1B         0
                text2                               3DB      3DB        4         0
                text1                               484      484        D         0
                maintext                            532      532       17         0
                clrtext                             426      426        6         0
                idataBANK0                          3DF      3DF        4         0

        CLASS   STRCODE        
                stringtext1                         800      800       2D         0

        CLASS   STRING         

        CLASS   CONST          

        CLASS   ENTRY          

        CLASS   COMMON         
                cstackCOMMON                         70       70        E         1

        CLASS   BANK0          
                cstackBANK0                          3D       3D       12         1
                dataBANK0                            4F       4F        4         1
                bssBANK0                             20       20       1D         1

        CLASS   BANK1          

        CLASS   BANK2          

        CLASS   BANK3          

        CLASS   BANK4          

        CLASS   BANK5          

        CLASS   BANK6          

        CLASS   BIGRAM         

        CLASS   RAM            

        CLASS   ABS1           
                abs_s1                               7E       7E        2         1

        CLASS   SFR0           

        CLASS   SFR1           

        CLASS   SFR2           

        CLASS   SFR3           

        CLASS   SFR4           

        CLASS   SFR5           

        CLASS   SFR6           

        CLASS   SFR7           

        CLASS   SFR8           

        CLASS   SFR9           

        CLASS   SFR10          

        CLASS   SFR11          

        CLASS   SFR12          

        CLASS   SFR13          

        CLASS   SFR14          

        CLASS   SFR15          

        CLASS   SFR16          

        CLASS   SFR17          

        CLASS   SFR18          

        CLASS   SFR19          

        CLASS   SFR20          

        CLASS   SFR21          

        CLASS   SFR22          

        CLASS   SFR23          

        CLASS   SFR24          

        CLASS   SFR25          

        CLASS   SFR26          

        CLASS   SFR27          

        CLASS   SFR28          

        CLASS   SFR29          

        CLASS   SFR30          

        CLASS   SFR31          

        CLASS   CONFIG         
                config                             8007     8007        2         4

        CLASS   IDLOC          
                idloc                              8000     8000        4         5

        CLASS   EEDATA         

        CLASS   BANK31         

        CLASS   BANK30         

        CLASS   BANK29         

        CLASS   BANK28         

        CLASS   BANK27         

        CLASS   BANK26         

        CLASS   BANK25         

        CLASS   BANK24         

        CLASS   BANK23         

        CLASS   BANK22         

        CLASS   BANK21         

        CLASS   BANK20         

        CLASS   BANK19         

        CLASS   BANK18         

        CLASS   BANK17         

        CLASS   BANK16         

        CLASS   BANK15         

        CLASS   BANK14         

        CLASS   BANK13         

        CLASS   BANK12         

        CLASS   BANK11         

        CLASS   BANK10         

        CLASS   BANK9          

        CLASS   BANK8          

        CLASS   BANK7          

        CLASS   HEAP           

        CLASS   STACK          



SEGMENTS        Name                           Load    Length   Top    Selector   Space  Class     Delta

                reset_vec                      000000  000004  000004         0       0  CODE        2
                bssBANK0                       000020  000033  000053        20       1  BANK0       1
                cstackCOMMON                   000070  00000E  00007E        70       1  COMMON      1
                text46                         0003B4  000002  0003B6       768       0  CODE        2
                text45                         0003B6  000002  0003B8       76C       0  CODE        2
                text61                         0003B8  000003  0003BB       770       0  CODE        2
                text60                         0003BB  000003  0003BE       776       0  CODE        2
                text59                         0003BE  000003  0003C1       77C       0  CODE        2
                text57                         0003C1  000003  0003C4       782       0  CODE        2
                text56                         0003C4  000003  0003C7       788       0  CODE        2
                text55                         0003C7  000003  0003CA       78E       0  CODE        2
                text44                         0003CA  000003  0003CD       794       0  CODE        2
                text42                         0003CD  000003  0003D0       79A       0  CODE        2
                text38                         0003D0  000003  0003D3       7A0       0  CODE        2
                text43                         0003D3  000004  0003D7       7A6       0  CODE        2
                text41                         0003D7  000004  0003DB       7AE       0  CODE        2
                text2                          0003DB  000004  0003DF       7B6       0  CODE        2
                idataBANK0                     0003DF  000004  0003E3       7BE       0  CODE        2
                text40                         0003E3  000005  0003E8       7C6       0  CODE        2
                text36                         0003E8  000005  0003ED       7D0       0  CODE        2
                text30                         0003ED  000005  0003F2       7DA       0  CODE        2
                text29                         0003F2  000005  0003F7       7E4       0  CODE        2
                text28                         0003F7  000005  0003FC       7EE       0  CODE        2
                text27                         0003FC  000005  000401       7F8       0  CODE        2
                text26                         000401  000005  000406       802       0  CODE        2
                text25                         000406  000005  00040B       80C       0  CODE        2
                text24                         00040B  000005  000410       816       0  CODE        2
                text23                         000410  000005  000415       820       0  CODE        2
                text17                         000415  000005  00041A       82A       0  CODE        2
                text39                         00041A  000006  000420       834       0  CODE        2
                text20                         000420  000006  000426       840       0  CODE        2
                clrtext                        000426  000006  00042C       84C       0  CODE        2
                text31                         00042C  000007  000433       858       0  CODE        2
                text4                          000433  000007  00043A       866       0  CODE        2
                text34                         00043A  000008  000442       874       0  CODE        2
                text35                         000442  000009  00044B       884       0  CODE        2
                text5                          00044B  000009  000454       896       0  CODE        2
                text52                         000454  00000B  00045F       8A8       0  CODE        2
                text14                         00045F  00000B  00046A       8BE       0  CODE        2
                text19                         00046A  00000D  000477       8D4       0  CODE        2
                text16                         000477  00000D  000484       8EE       0  CODE        2
                text1                          000484  00000D  000491       908       0  CODE        2
                text54                         000491  00000E  00049F       922       0  CODE        2
                text51                         00049F  000011  0004B0       93E       0  CODE        2
                text50                         0004B0  000011  0004C1       960       0  CODE        2
                text49                         0004C1  000011  0004D2       982       0  CODE        2
                text48                         0004D2  000011  0004E3       9A4       0  CODE        2
                text10                         0004E3  000011  0004F4       9C6       0  CODE        2
                text8                          0004F4  000012  000506       9E8       0  CODE        2
                text6                          000506  000015  00051B       A0C       0  CODE        2
                text11                         00051B  000017  000532       A36       0  CODE        2
                maintext                       000532  000017  000549       A64       0  CODE        2
                text58                         000549  000018  000561       A92       0  CODE        2
                text47                         000561  000018  000579       AC2       0  CODE        2
                text7                          000579  000019  000592       AF2       0  CODE        2
                text3                          000592  00001B  0005AD       B24       0  CODE        2
                text18                         0005AD  00001C  0005C9       B5A       0  CODE        2
                text53                         0005C9  000024  0005ED       B92       0  CODE        2
                text22                         0005ED  000028  000615       BDA       0  CODE        2
                text21                         000615  000028  00063D       C2A       0  CODE        2
                text37                         00063D  00002D  00066A       C7A       0  CODE        2
                text12                         00066A  00002D  000697       CD4       0  CODE        2
                text13                         000697  000032  0006C9       D2E       0  CODE        2
                text15                         0006C9  000036  0006FF       D92       0  CODE        2
                text32                         0006FF  000043  000742       DFE       0  CODE        2
                text9                          000742  000050  000792       E84       0  CODE        2
                text33                         000792  000053  0007E5       F24       0  CODE        2
                cinit                          0007E5  00001B  000800       FCA       0  CODE        2
                stringtext1                    000800  00002D  00082D      1000       0  STRCODE     2


UNUSED ADDRESS RANGES

        Name                Unused          Largest block    Delta
        BANK0            00053-0006F              1D           1
        BANK1            000A0-000EF              50           1
        BANK2            00120-0016F              50           1
        BANK3            001A0-001EF              50           1
        BANK4            00220-0026F              50           1
        BANK5            002A0-002EF              50           1
        BANK6            00320-0032F              10           1
        BIGRAM           02000-021EF             1F0           1
        CODE             00004-003B3             3B0           2
                         0082D-01FFF             800
        CONST            00004-003B3             100           2
                         0082D-01FFF             100
        EEDATA           0F000-0F0FF             100           2
        ENTRY            00004-003B3             100           2
                         0082D-01FFF             100
        RAM              00053-0006F              1D           1
                         000A0-000EF              50
                         00120-0016F              50
                         001A0-001EF              50
                         00220-0026F              50
                         002A0-002EF              50
                         00320-0032F              10
        SFR0             00000-0001F              20           1
        SFR1             00080-0009F              20           1
        SFR10            00500-0056F              70           1
        SFR11            00580-005EF              70           1
        SFR12            00600-0066F              70           1
        SFR13            00680-006EF              70           1
        SFR14            00700-0076F              70           1
        SFR15            00780-007EF              70           1
        SFR16            00800-0086F              70           1
        SFR17            00880-008EF              70           1
        SFR18            00900-0096F              70           1
        SFR19            00980-009EF              70           1
        SFR2             00100-0011F              20           1
        SFR20            00A00-00A6F              70           1
        SFR21            00A80-00AEF              70           1
        SFR22            00B00-00B6F              70           1
        SFR23            00B80-00BEF              70           1
        SFR24            00C00-00C6F              70           1
        SFR25            00C80-00CEF              70           1
        SFR26            00D00-00D6F              70           1
        SFR27            00D80-00DEF              70           1
        SFR28            00E00-00E6F              70           1
        SFR29            00E80-00EEF              70           1
        SFR3             00180-0019F              20           1
        SFR30            00F00-00F6F              70           1
        SFR31            00F80-00FEF              70           1
        SFR4             00200-0021F              20           1
        SFR5             00280-0029F              20           1
        SFR6             00300-0031F              20           1
        SFR7             00380-003EF              70           1
        SFR8             00400-0046F              70           1
        SFR9             00480-004EF              70           1
        STRCODE          00004-003B3             3B0           2
                         0082D-01FFF            17D3
        STRING           00004-003B3             100           2
                         0082D-01FFF             100

                                  Symbol Table

I2C_CallbackReturnReset@funPtr       cstackCOMMON 00077
I2C_Close@returnValue                cstackCOMMON 00070
I2C_MasterOperation@read             cstackCOMMON 0007C
I2C_MasterOperation@returnValue      cstackCOMMON 0007D
I2C_MasterSendTxData@data            cstackCOMMON 00070
I2C_Open@address                     cstackCOMMON 00070
I2C_Open@returnValue                 cstackCOMMON 00071
I2C_SetAddressNackCallback@cb        cstackCOMMON 00074
I2C_SetAddressNackCallback@ptr       cstackCOMMON 00076
I2C_SetBuffer@buffer                 cstackCOMMON 00072
I2C_SetBuffer@bufferSize             cstackCOMMON 00070
I2C_SetCallback@cb                   cstackCOMMON 00070
I2C_SetCallback@idx                  cstackCOMMON 00073
I2C_SetCallback@ptr                  cstackCOMMON 00072
I2C_SetDataCompleteCallback@cb       cstackCOMMON 00074
I2C_SetDataCompleteCallback@ptr      cstackCOMMON 00076
I2C_Write1ByteRegister@address       cstackBANK0  0003F
I2C_Write1ByteRegister@data          cstackBANK0  0003E
I2C_Write1ByteRegister@reg           cstackBANK0  0003D
LCD_Command@cmd                      cstackBANK0  00048
LCD_Data@data                        cstackBANK0  00048
LCD_Init@i                           cstackBANK0  0004B
LCD_Print@str                        cstackBANK0  00049
LCD_SetCursor@F3231                  dataBANK0    0004F
LCD_SetCursor@col                    cstackBANK0  0004E
LCD_SetCursor@row                    cstackBANK0  00049
LCD_SetCursor@row_offsets            cstackBANK0  0004A
PCF8574_LCD_SendByte@rs              cstackBANK0  00044
PCF8574_LCD_SendByte@val             cstackBANK0  00046
PCF8574_LCD_SendNibble@data          cstackBANK0  00043
PCF8574_LCD_SendNibble@nibble        cstackBANK0  00042
PCF8574_LCD_SendNibble@rs            cstackBANK0  00040
_ANSELA                              (abs)        0018C
_ANSELB                              (abs)        0018D
_APFCON                              (abs)        0011D
_BORCON                              (abs)        00116
_I2C_CallbackReturnReset             text45       003B6
_I2C_CallbackReturnStop              text46       003B4
_I2C_Close                           text58       00549
_I2C_DO_ADDRESS_NACK                 text22       005ED
_I2C_DO_IDLE                         text36       003E8
_I2C_DO_RCEN                         text31       0042C
_I2C_DO_RESET                        text23       00410
_I2C_DO_RX                           text32       006FF
_I2C_DO_RX_ACK                       text26       00401
_I2C_DO_RX_NACK_RESTART              text24       0040B
_I2C_DO_RX_NACK_STOP                 text25       00406
_I2C_DO_SEND_ADR_READ                text35       00442
_I2C_DO_SEND_ADR_WRITE               text34       0043A
_I2C_DO_SEND_RESTART                 text28       003F7
_I2C_DO_SEND_RESTART_READ            text30       003ED
_I2C_DO_SEND_RESTART_WRITE           text29       003F2
_I2C_DO_SEND_STOP                    text27       003FC
_I2C_DO_TX                           text33       00792
_I2C_DO_TX_EMPTY                     text37       0063D
_I2C_Initialize                      text5        0044B
_I2C_MasterClearIrq                  text61       003B8
_I2C_MasterClose                     text60       003BB
_I2C_MasterDisableIrq                text59       003BE
_I2C_MasterEnableRestart             text56       003C4
_I2C_MasterFsm                       text21       00615
_I2C_MasterGetRxData                 text42       003CD
_I2C_MasterIsNack                    text39       0041A
_I2C_MasterOpen                      text16       00477
_I2C_MasterOperation                 text18       005AD
_I2C_MasterSendAck                   text41       003D7
_I2C_MasterSendNack                  text43       003D3
_I2C_MasterSendTxData                text40       003E3
_I2C_MasterSetIrq                    text38       003D0
_I2C_MasterStart                     text57       003C1
_I2C_MasterStartRx                   text44       003CA
_I2C_MasterStop                      text55       003C7
_I2C_MasterWaitForEvent              text20       00420
_I2C_MasterWrite                     text17       00415
_I2C_Open                            text15       006C9
_I2C_Poller                          text19       0046A
_I2C_SetAddressNackCallback          text14       0045F
_I2C_SetBuffer                       text54       00491
_I2C_SetCallback                     text53       005C9
_I2C_SetDataCompleteCallback         text52       00454
_I2C_Status                          bssBANK0     00020
_I2C_Write1ByteRegister              text13       00697
_LATA                                (abs)        0010C
_LATB                                (abs)        0010D
_LATC                                (abs)        0010E
_LATE                                (abs)        00110
_LCD_Command                         text10       004E3
_LCD_Data                            text8        004F4
_LCD_Init                            text9        00742
_LCD_Print                           text7        00579
_LCD_SetCursor                       text6        00506
_OPTION_REGbits                      (abs)        00095
_OSCCON                              (abs)        00099
_OSCILLATOR_Initialize               text4        00433
_OSCTUNE                             (abs)        00098
_PCF8574_LCD_SendByte                text11       0051B
_PCF8574_LCD_SendNibble              text12       0066A
_PIE1bits                            (abs)        00091
_PIN_MANAGER_Initialize              text3        00592
_PIR1bits                            (abs)        00011
_PIR2bits                            (abs)        00012
_SSPADD                              (abs)        00212
_SSPBUF                              (abs)        00211
_SSPCON1                             (abs)        00215
_SSPCON1bits                         (abs)        00215
_SSPCON2                             (abs)        00216
_SSPCON2bits                         (abs)        00216
_SSPSTAT                             (abs)        00214
_SSPSTATbits                         (abs)        00214
_SYSTEM_Initialize                   text1        00484
_TRISA                               (abs)        0008C
_TRISB                               (abs)        0008D
_TRISC                               (abs)        0008E
_TRISE                               (abs)        00090
_WDTCON                              (abs)        00097
_WDT_Initialize                      text2        003DB
_WPUB                                (abs)        0020D
_WPUE                                (abs)        00210
__H__absolute__                      __absolute__ 00000
__Habs1                              abs1         00000
__Hbank0                             bank0        00000
__Hbank1                             bank1        00000
__Hbank10                            bank10       00000
__Hbank11                            bank11       00000
__Hbank12                            bank12       00000
__Hbank13                            bank13       00000
__Hbank14                            bank14       00000
__Hbank15                            bank15       00000
__Hbank16                            bank16       00000
__Hbank17                            bank17       00000
__Hbank18                            bank18       00000
__Hbank19                            bank19       00000
__Hbank2                             bank2        00000
__Hbank20                            bank20       00000
__Hbank21                            bank21       00000
__Hbank22                            bank22       00000
__Hbank23                            bank23       00000
__Hbank24                            bank24       00000
__Hbank25                            bank25       00000
__Hbank26                            bank26       00000
__Hbank27                            bank27       00000
__Hbank28                            bank28       00000
__Hbank29                            bank29       00000
__Hbank3                             bank3        00000
__Hbank30                            bank30       00000
__Hbank31                            bank31       00000
__Hbank4                             bank4        00000
__Hbank5                             bank5        00000
__Hbank6                             bank6        00000
__Hbank7                             bank7        00000
__Hbank8                             bank8        00000
__Hbank9                             bank9        00000
__Hbigram                            bigram       00000
__HbssBANK0                          bssBANK0     00000
__Hcinit                             cinit        00800
__Hclrtext                           clrtext      00000
__Hcode                              code         00000
__Hcommon                            common       00000
__Hconfig                            config       08009
__HcstackBANK0                       cstackBANK0  00000
__HcstackCOMMON                      cstackCOMMON 00000
__HdataBANK0                         dataBANK0    00000
__Heeprom_data                       eeprom_data  00000
__Hend_init                          end_init     00004
__Hfunctab                           functab      00000
__Hheap                              heap         00000
__HidataBANK0                        idataBANK0   00000
__Hidloc                             idloc        08004
__Hinit                              init         00002
__Hintentry                          intentry     00002
__Hmaintext                          maintext     00000
__Hpowerup                           powerup      00000
__Hram                               ram          00000
__Hreset_vec                         reset_vec    00002
__Hsfr0                              sfr0         00000
__Hsfr1                              sfr1         00000
__Hsfr10                             sfr10        00000
__Hsfr11                             sfr11        00000
__Hsfr12                             sfr12        00000
__Hsfr13                             sfr13        00000
__Hsfr14                             sfr14        00000
__Hsfr15                             sfr15        00000
__Hsfr16                             sfr16        00000
__Hsfr17                             sfr17        00000
__Hsfr18                             sfr18        00000
__Hsfr19                             sfr19        00000
__Hsfr2                              sfr2         00000
__Hsfr20                             sfr20        00000
__Hsfr21                             sfr21        00000
__Hsfr22                             sfr22        00000
__Hsfr23                             sfr23        00000
__Hsfr24                             sfr24        00000
__Hsfr25                             sfr25        00000
__Hsfr26                             sfr26        00000
__Hsfr27                             sfr27        00000
__Hsfr28                             sfr28        00000
__Hsfr29                             sfr29        00000
__Hsfr3                              sfr3         00000
__Hsfr30                             sfr30        00000
__Hsfr31                             sfr31        00000
__Hsfr4                              sfr4         00000
__Hsfr5                              sfr5         00000
__Hsfr6                              sfr6         00000
__Hsfr7                              sfr7         00000
__Hsfr8                              sfr8         00000
__Hsfr9                              sfr9         00000
__Hsivt                              sivt         00002
__Hspace_0                           (abs)        0082D
__Hspace_1                           (abs)        0007E
__Hspace_2                           (abs)        00000
__Hspace_3                           (abs)        00000
__Hspace_4                           (abs)        10010
__Hstack                             stack        00000
__Hstrings                           strings      00000
__Hstringtext1                       stringtext1  00000
__Hstringtext2                       stringtext2  00000
__Htext                              text         00000
__L__absolute__                      __absolute__ 00000
__Labs1                              abs1         00000
__Lbank0                             bank0        00000
__Lbank1                             bank1        00000
__Lbank10                            bank10       00000
__Lbank11                            bank11       00000
__Lbank12                            bank12       00000
__Lbank13                            bank13       00000
__Lbank14                            bank14       00000
__Lbank15                            bank15       00000
__Lbank16                            bank16       00000
__Lbank17                            bank17       00000
__Lbank18                            bank18       00000
__Lbank19                            bank19       00000
__Lbank2                             bank2        00000
__Lbank20                            bank20       00000
__Lbank21                            bank21       00000
__Lbank22                            bank22       00000
__Lbank23                            bank23       00000
__Lbank24                            bank24       00000
__Lbank25                            bank25       00000
__Lbank26                            bank26       00000
__Lbank27                            bank27       00000
__Lbank28                            bank28       00000
__Lbank29                            bank29       00000
__Lbank3                             bank3        00000
__Lbank30                            bank30       00000
__Lbank31                            bank31       00000
__Lbank4                             bank4        00000
__Lbank5                             bank5        00000
__Lbank6                             bank6        00000
__Lbank7                             bank7        00000
__Lbank8                             bank8        00000
__Lbank9                             bank9        00000
__Lbigram                            bigram       00000
__LbssBANK0                          bssBANK0     00000
__Lcinit                             cinit        007E5
__Lclrtext                           clrtext      00000
__Lcode                              code         00000
__Lcommon                            common       00000
__Lconfig                            config       00000
__LcstackBANK0                       cstackBANK0  00000
__LcstackCOMMON                      cstackCOMMON 00000
__LdataBANK0                         dataBANK0    00000
__Leeprom_data                       eeprom_data  00000
__Lend_init                          end_init     00002
__Lfunctab                           functab      00000
__Lheap                              heap         00000
__LidataBANK0                        idataBANK0   00000
__Lidloc                             idloc        00000
__Linit                              init         00002
__Lintentry                          intentry     00002
__Lmaintext                          maintext     00000
__Lpowerup                           powerup      00000
__Lram                               ram          00000
__Lreset_vec                         reset_vec    00000
__Lsfr0                              sfr0         00000
__Lsfr1                              sfr1         00000
__Lsfr10                             sfr10        00000
__Lsfr11                             sfr11        00000
__Lsfr12                             sfr12        00000
__Lsfr13                             sfr13        00000
__Lsfr14                             sfr14        00000
__Lsfr15                             sfr15        00000
__Lsfr16                             sfr16        00000
__Lsfr17                             sfr17        00000
__Lsfr18                             sfr18        00000
__Lsfr19                             sfr19        00000
__Lsfr2                              sfr2         00000
__Lsfr20                             sfr20        00000
__Lsfr21                             sfr21        00000
__Lsfr22                             sfr22        00000
__Lsfr23                             sfr23        00000
__Lsfr24                             sfr24        00000
__Lsfr25                             sfr25        00000
__Lsfr26                             sfr26        00000
__Lsfr27                             sfr27        00000
__Lsfr28                             sfr28        00000
__Lsfr29                             sfr29        00000
__Lsfr3                              sfr3         00000
__Lsfr30                             sfr30        00000
__Lsfr31                             sfr31        00000
__Lsfr4                              sfr4         00000
__Lsfr5                              sfr5         00000
__Lsfr6                              sfr6         00000
__Lsfr7                              sfr7         00000
__Lsfr8                              sfr8         00000
__Lsfr9                              sfr9         00000
__Lsivt                              sivt         00002
__Lspace_0                           (abs)        00000
__Lspace_1                           (abs)        00000
__Lspace_2                           (abs)        00000
__Lspace_3                           (abs)        00000
__Lspace_4                           (abs)        00000
__Lstack                             stack        00000
__Lstrings                           strings      00000
__Lstringtext1                       stringtext1  00000
__Lstringtext2                       stringtext2  00000
__Ltext                              text         00000
__S0                                 (abs)        0082D
__S1                                 (abs)        0007E
__S3                                 (abs)        00000
___heap_hi                           (abs)        00000
___heap_lo                           (abs)        00000
___int_sp                            stack        00000
___int_stack_hi                      stack        00000
___int_stack_lo                      stack        00000
___latbits                           (abs)        00002
___sp                                stack        00000
___stack_hi                          stack        00000
___stack_lo                          stack        00000
___stackhi                           (abs)        00000
___stacklo                           (abs)        00000
__end_of_I2C_CallbackReturnReset     text45       003B8
__end_of_I2C_CallbackReturnStop      text46       003B6
__end_of_I2C_Close                   text58       00561
__end_of_I2C_DO_ADDRESS_NACK         text22       00615
__end_of_I2C_DO_IDLE                 text36       003ED
__end_of_I2C_DO_RCEN                 text31       00433
__end_of_I2C_DO_RESET                text23       00415
__end_of_I2C_DO_RX                   text32       00742
__end_of_I2C_DO_RX_ACK               text26       00406
__end_of_I2C_DO_RX_NACK_RESTART      text24       00410
__end_of_I2C_DO_RX_NACK_STOP         text25       0040B
__end_of_I2C_DO_SEND_ADR_READ        text35       0044B
__end_of_I2C_DO_SEND_ADR_WRITE       text34       00442
__end_of_I2C_DO_SEND_RESTART         text28       003FC
__end_of_I2C_DO_SEND_RESTART_READ    text30       003F2
__end_of_I2C_DO_SEND_RESTART_WRITE   text29       003F7
__end_of_I2C_DO_SEND_STOP            text27       00401
__end_of_I2C_DO_TX                   text33       007E5
__end_of_I2C_DO_TX_EMPTY             text37       0066A
__end_of_I2C_Initialize              text5        00454
__end_of_I2C_MasterClearIrq          text61       003BB
__end_of_I2C_MasterClose             text60       003BE
__end_of_I2C_MasterDisableIrq        text59       003C1
__end_of_I2C_MasterEnableRestart     text56       003C7
__end_of_I2C_MasterFsm               text21       0063D
__end_of_I2C_MasterGetRxData         text42       003D0
__end_of_I2C_MasterIsNack            text39       00420
__end_of_I2C_MasterOpen              text16       00484
__end_of_I2C_MasterOperation         text18       005C9
__end_of_I2C_MasterSendAck           text41       003DB
__end_of_I2C_MasterSendNack          text43       003D7
__end_of_I2C_MasterSendTxData        text40       003E8
__end_of_I2C_MasterSetIrq            text38       003D3
__end_of_I2C_MasterStart             text57       003C4
__end_of_I2C_MasterStartRx           text44       003CD
__end_of_I2C_MasterStop              text55       003CA
__end_of_I2C_MasterWaitForEvent      text20       00426
__end_of_I2C_MasterWrite             text17       0041A
__end_of_I2C_Open                    text15       006FF
__end_of_I2C_Poller                  text19       00477
__end_of_I2C_SetAddressNackCallback  text14       0046A
__end_of_I2C_SetBuffer               text54       0049F
__end_of_I2C_SetCallback             text53       005ED
__end_of_I2C_SetDataCompleteCallback text52       0045F
__end_of_I2C_Write1ByteRegister      text13       006C9
__end_of_LCD_Command                 text10       004F4
__end_of_LCD_Data                    text8        00506
__end_of_LCD_Init                    text9        00792
__end_of_LCD_Print                   text7        00592
__end_of_LCD_SetCursor               text6        0051B
__end_of_OSCILLATOR_Initialize       text4        0043A
__end_of_PCF8574_LCD_SendByte        text11       00532
__end_of_PCF8574_LCD_SendNibble      text12       00697
__end_of_PIN_MANAGER_Initialize      text3        005AD
__end_of_SYSTEM_Initialize           text1        00491
__end_of_WDT_Initialize              text2        003DF
__end_of__initialization             cinit        007FD
__end_of_i2c_fsmStateTable           stringtext1  00820
__end_of_main                        maintext     00549
__end_of_rd1RegCompleteHandler       text50       004C1
__end_of_rd2RegCompleteHandler       text49       004D2
__end_of_rdBlkRegCompleteHandler     text47       00579
__end_of_wr1RegCompleteHandler       text48       004E3
__end_of_wr2RegCompleteHandler       text51       004B0
__initialization                     cinit        007E5
__pbssBANK0                          bssBANK0     00020
__pcstackBANK0                       cstackBANK0  0003D
__pcstackCOMMON                      cstackCOMMON 00070
__pdataBANK0                         dataBANK0    0004F
__pidataBANK0                        idataBANK0   003DF
__pmaintext                          maintext     00532
__pstringtext1                       stringtext1  00800
__pstringtext2                       stringtext2  00000
__ptext1                             text1        00484
__ptext10                            text10       004E3
__ptext11                            text11       0051B
__ptext12                            text12       0066A
__ptext13                            text13       00697
__ptext14                            text14       0045F
__ptext15                            text15       006C9
__ptext16                            text16       00477
__ptext17                            text17       00415
__ptext18                            text18       005AD
__ptext19                            text19       0046A
__ptext2                             text2        003DB
__ptext20                            text20       00420
__ptext21                            text21       00615
__ptext22                            text22       005ED
__ptext23                            text23       00410
__ptext24                            text24       0040B
__ptext25                            text25       00406
__ptext26                            text26       00401
__ptext27                            text27       003FC
__ptext28                            text28       003F7
__ptext29                            text29       003F2
__ptext3                             text3        00592
__ptext30                            text30       003ED
__ptext31                            text31       0042C
__ptext32                            text32       006FF
__ptext33                            text33       00792
__ptext34                            text34       0043A
__ptext35                            text35       00442
__ptext36                            text36       003E8
__ptext37                            text37       0063D
__ptext38                            text38       003D0
__ptext39                            text39       0041A
__ptext4                             text4        00433
__ptext40                            text40       003E3
__ptext41                            text41       003D7
__ptext42                            text42       003CD
__ptext43                            text43       003D3
__ptext44                            text44       003CA
__ptext45                            text45       003B6
__ptext46                            text46       003B4
__ptext47                            text47       00561
__ptext48                            text48       004D2
__ptext49                            text49       004C1
__ptext5                             text5        0044B
__ptext50                            text50       004B0
__ptext51                            text51       0049F
__ptext52                            text52       00454
__ptext53                            text53       005C9
__ptext54                            text54       00491
__ptext55                            text55       003C7
__ptext56                            text56       003C4
__ptext57                            text57       003C1
__ptext58                            text58       00549
__ptext59                            text59       003BE
__ptext6                             text6        00506
__ptext60                            text60       003BB
__ptext61                            text61       003B8
__ptext7                             text7        00579
__ptext8                             text8        004F4
__ptext9                             text9        00742
_i2c_fsmStateTable                   stringtext1  00800
_main                                maintext     00532
_rd1RegCompleteHandler               text50       004B0
_rd2RegCompleteHandler               text49       004C1
_rdBlkRegCompleteHandler             text47       00561
_wr1RegCompleteHandler               text48       004D2
_wr2RegCompleteHandler               text51       0049F
btemp                                (abs)        0007E
clear_ram0                           clrtext      00426
end_of_initialization                cinit        007FD
intlevel0                            functab      00000
intlevel1                            functab      00000
intlevel2                            functab      00000
intlevel3                            functab      00000
intlevel4                            functab      00000
intlevel5                            functab      00000
rd1RegCompleteHandler@ptr            cstackCOMMON 00077
rd2RegCompleteHandler@ptr            cstackCOMMON 00077
rdBlkRegCompleteHandler@ptr          cstackCOMMON 00077
reset_vec                            reset_vec    00000
start                                init         00002
start_initialization                 cinit        007E5
wr1RegCompleteHandler@ptr            cstackCOMMON 00077
wr2RegCompleteHandler@ptr            cstackCOMMON 00077
wtemp0                               (abs)        0007E


MODULE INFORMATION

Module		Function		Class		Link	Load	Size
D:\work_pic\LCD_I2C.X\main.c
		_LCD_Init      		CODE           	0742	0000	80
		_PCF8574_LCD_SendByte		CODE           	051B	0000	23
		_PCF8574_LCD_SendNibble		CODE           	066A	0000	45
		_LCD_Command   		CODE           	04E3	0000	17
		_LCD_Data      		CODE           	04F4	0000	18
		_main          		CODE           	0532	0000	23
		_LCD_SetCursor 		CODE           	0506	0000	21
		_LCD_Print     		CODE           	0579	0000	25

D:\work_pic\LCD_I2C.X\main.c estimated size: 252

D:\work_pic\LCD_I2C.X\mcc_generated_files\pin_manager.c
		_PIN_MANAGER_Initialize		CODE           	0592	0000	27

D:\work_pic\LCD_I2C.X\mcc_generated_files\pin_manager.c estimated size: 27

shared
		__initialization		CODE           	07E5	0000	24
		_i2c_fsmStateTable		STRCODE        	0800	0000	32

shared estimated size: 56

D:\work_pic\LCD_I2C.X\mcc_generated_files\examples\i2c_master_example.c
		_wr1RegCompleteHandler		CODE           	04D2	0000	17
		_wr2RegCompleteHandler		CODE           	049F	0000	17
		_I2C_Write1ByteRegister		CODE           	0697	0000	50
		_rdBlkRegCompleteHandler		CODE           	0561	0000	24
		_rd1RegCompleteHandler		CODE           	04B0	0000	17
		_rd2RegCompleteHandler		CODE           	04C1	0000	17

D:\work_pic\LCD_I2C.X\mcc_generated_files\examples\i2c_master_example.c estimated size: 142

D:\work_pic\LCD_I2C.X\mcc_generated_files\i2c_master.c
		_I2C_Close     		CODE           	0549	0000	24
		_I2C_MasterStartRx		CODE           	03CA	0000	3
		_I2C_DO_SEND_ADR_WRITE		CODE           	043A	0000	8
		_I2C_MasterWaitForEvent		CODE           	0420	0000	6
		_I2C_DO_SEND_STOP		CODE           	03FC	0000	5
		_I2C_MasterSendNack		CODE           	03D3	0000	4
		_I2C_MasterDisableIrq		CODE           	03BE	0000	3
		_I2C_CallbackReturnStop		CODE           	03B4	0000	2
		_I2C_MasterOperation		CODE           	05AD	0000	28
		_I2C_DO_SEND_ADR_READ		CODE           	0442	0000	9
		_I2C_DO_RX_NACK_STOP		CODE           	0406	0000	5
		_I2C_DO_SEND_RESTART		CODE           	03F7	0000	5
		_I2C_DO_RX     		CODE           	06FF	0000	67
		_I2C_DO_TX     		CODE           	0792	0000	83
		_I2C_DO_IDLE   		CODE           	03E8	0000	5
		_I2C_DO_RCEN   		CODE           	042C	0000	7
		_I2C_Poller    		CODE           	046A	0000	13
		_I2C_DO_RESET  		CODE           	0410	0000	5
		_I2C_MasterClose		CODE           	03BB	0000	3
		_I2C_MasterWrite		CODE           	0415	0000	5
		_I2C_DO_RX_ACK 		CODE           	0401	0000	5
		_I2C_MasterStart		CODE           	03C1	0000	3
		_I2C_MasterClearIrq		CODE           	03B8	0000	3
		_I2C_MasterGetRxData		CODE           	03CD	0000	3
		_I2C_SetCallback		CODE           	05C9	0000	36
		_I2C_DO_ADDRESS_NACK		CODE           	05ED	0000	40
		_I2C_MasterEnableRestart		CODE           	03C4	0000	3
		_I2C_CallbackReturnReset		CODE           	03B6	0000	2
		_I2C_Open      		CODE           	06C9	0000	54
		_I2C_SetAddressNackCallback		CODE           	045F	0000	11
		_I2C_DO_TX_EMPTY		CODE           	063D	0000	45
		_I2C_DO_SEND_RESTART_WRITE		CODE           	03F2	0000	5
		_I2C_MasterIsNack		CODE           	041A	0000	6
		_I2C_SetDataCompleteCallback		CODE           	0454	0000	11
		_I2C_DO_RX_NACK_RESTART		CODE           	040B	0000	5
		_I2C_MasterSendAck		CODE           	03D7	0000	4
		_I2C_MasterFsm 		CODE           	0615	0000	40
		_I2C_MasterSetIrq		CODE           	03D0	0000	3
		_I2C_DO_SEND_RESTART_READ		CODE           	03ED	0000	5
		_I2C_Initialize		CODE           	044B	0000	9
		_I2C_SetBuffer 		CODE           	0491	0000	14
		_I2C_MasterOpen		CODE           	0477	0000	13
		_I2C_MasterSendTxData		CODE           	03E3	0000	5
		_I2C_MasterStop		CODE           	03C7	0000	3

D:\work_pic\LCD_I2C.X\mcc_generated_files\i2c_master.c estimated size: 618

D:\work_pic\LCD_I2C.X\mcc_generated_files\mcc.c
		_WDT_Initialize		CODE           	03DB	0000	4
		_OSCILLATOR_Initialize		CODE           	0433	0000	7
		_SYSTEM_Initialize		CODE           	0484	0000	13

D:\work_pic\LCD_I2C.X\mcc_generated_files\mcc.c estimated size: 24

