Microchip MPLAB XC8 Compiler V2.46

Linker command line:

-W-3 \
  --edf=C:\Program Files\Microchip\xc8\v2.46\pic\dat\20240104201356_en.msgs \
  -cn -h+dist/default/production\LCD_I2C_V04.X.production.sym \
  --cmf=dist/default/production\LCD_I2C_V04.X.production.cmf -z -Q16F1936 \
  -oC:\Users\t00904\AppData\Local\Temp\xcBsk1k.1\driver_tmp_3.o \
  --defsym=__MPLAB_BUILD=1 --fixupoverflow=error \
  -Mdist/default/production/LCD_I2C_V04.X.production.map \
  --md=C:\Users\t00904\AppData\Local\Temp\xcBsk1k.1\driver_tmp_0.dat -E1 \
  -ver=XC8 Compiler --acfsm=1493 -ACODE=00h-07FFhx4 -ASTRCODE=00h-01FFFh \
  -ASTRING=00h-0FFhx32 -ACONST=00h-0FFhx32 -AENTRY=00h-0FFhx32 \
  -ACOMMON=070h-07Fh -ABANK0=020h-06Fh -ABANK1=0A0h-0EFh \
  -ABANK2=0120h-016Fh -ABANK3=01A0h-01EFh -ABANK4=0220h-026Fh \
  -ABANK5=02A0h-02EFh -ABANK6=0320h-032Fh -ABIGRAM=02000h-021EFh \
  -ARAM=020h-06Fh,0A0h-0EFh,0120h-016Fh,01A0h-01EFh,0220h-026Fh,02A0h-02EFh,0320h-032Fh \
  -AABS1=020h-07Fh,0A0h-0EFh,0120h-016Fh,01A0h-01EFh,0220h-026Fh,02A0h-02EFh,0320h-032Fh \
  -ASFR0=00h-01Fh -ASFR1=080h-09Fh -ASFR2=0100h-011Fh -ASFR3=0180h-019Fh \
  -ASFR4=0200h-021Fh -ASFR5=0280h-029Fh -ASFR6=0300h-031Fh \
  -ASFR7=0380h-03EFh -ASFR8=0400h-046Fh -ASFR9=0480h-04EFh \
  -ASFR10=0500h-056Fh -ASFR11=0580h-05EFh -ASFR12=0600h-066Fh \
  -ASFR13=0680h-06EFh -ASFR14=0700h-076Fh -ASFR15=0780h-07EFh \
  -ASFR16=0800h-086Fh -ASFR17=0880h-08EFh -ASFR18=0900h-096Fh \
  -ASFR19=0980h-09EFh -ASFR20=0A00h-0A6Fh -ASFR21=0A80h-0AEFh \
  -ASFR22=0B00h-0B6Fh -ASFR23=0B80h-0BEFh -ASFR24=0C00h-0C6Fh \
  -ASFR25=0C80h-0CEFh -ASFR26=0D00h-0D6Fh -ASFR27=0D80h-0DEFh \
  -ASFR28=0E00h-0E6Fh -ASFR29=0E80h-0EEFh -ASFR30=0F00h-0F6Fh \
  -ASFR31=0F80h-0FEFh -ACONFIG=08007h-08008h -DCONFIG=2 \
  -AIDLOC=08000h-08003h -DIDLOC=2 -AEEDATA=00h-0FFh/0F000h \
  -peeprom_data=EEDATA -DEEDATA=2 -DCODE=2 -DSTRCODE=2 -DSTRING=2 -DCONST=2 \
  -DENTRY=2 -preset_vec=00h,intentry=04h,sivt,init,end_init -ppowerup=CODE \
  -pcinit=CODE -pfunctab=ENTRY -k \
  C:\Users\t00904\AppData\Local\Temp\xcBsk1k.1\driver_tmp_26.o \
  dist/default/production\LCD_I2C_V04.X.production.o 

Object code version is 3.11

Machine type is 16F1936



                Name                               Link     Load   Length Selector   Space Scale
C:\Users\t00904\AppData\Local\Temp\xcBsk1k.1\driver_tmp_26.o
                end_init                             26       26        2        8       0
                reset_vec                             0        0        2        0       0
                config                             8007     8007        2        0       4
dist/default/production\LCD_I2C_V04.X.production.o
                cinit                                28       28       37        8       0
                intentry                              4        4       22        8       0
                eeprom_data                           0     F000       10    1E000       3
                config                             8007     8007        2        0       4
                text96                             1728     1728       15     2E50       0
                text95                             168C     168C        D     2D18       0
                text94                             1796     1796       19     2F2C       0
                text93                              B62      B62       48     16C4       0
                text92                              DC3      DC3       64     1B86       0
                text91                             16CE     16CE       11     2D9C       0
                text90                             1767     1767       17     2ECE       0
                text88                              D01      D01       60     1A02       0
                text87                              BFB      BFB       53     17F6       0
                text86                             16F0     16F0       12     2DE0       0
                text85                              800      800        1        8       0
                text84                              BAA      BAA       51     1754       0
                text83                               5F       5F      182        8       0
                text82                             17E4     17E4       1C     2FC8       0
                text81                              84E      84E       1E     109C       0
                text80                              95A      95A       2A     12B4       0
                text79                              7C1      7C1       3C        8       0
                text78                              A6E      A6E       34     14DC       0
                text77                              88A      88A       1F     1114       0
                text76                              F72      F72       8E     1EE4       0
                text75                              AD8      AD8       45     15B0       0
                text74                              6C7      6C7       FA        8       0
                text73                              5BA      5BA      10D        8       0
                text72                              EFC      EFC       76     1DF8       0
                text71                             173D     173D       15     2E7A       0
                text70                              CA4      CA4       5D     1948       0
                text69                              1E1      1E1      181        8       0
                text68                             15C2     15C2        3     2B84       0
                text67                             15C5     15C5        3     2B8A       0
                text66                             15C8     15C8        3     2B90       0
                text65                             177E     177E       18     2EFC       0
                text64                             15CB     15CB        3     2B96       0
                text63                             15CE     15CE        3     2B9C       0
                text62                             15D1     15D1        3     2BA2       0
                text61                             16C0     16C0        E     2D80       0
                text60                              909      909       28     1212       0
                text59                             166A     166A        B     2CD4       0
                text58                             16DF     16DF       11     2DBE       0
                text57                             15C0     15C0        2     2B80       0
                text56                                2        2        2        0       0
                text55                             15D4     15D4        3     2BA8       0
                text54                             15DA     15DA        4     2BB4       0
                text53                             15D7     15D7        3     2BAE       0
                text52                             15DE     15DE        4     2BBC       0
                text51                             15EE     15EE        5     2BDC       0
                text50                             1625     1625        6     2C4A       0
                text49                              7FD      7FD        3        8       0
                text48                              9DB      9DB       2E     13B6       0
                text47                             15F3     15F3        5     2BE6       0
                text46                             1658     1658        9     2CB0       0
                text45                             1650     1650        8     2CA0       0
                text44                              C4E      C4E       56     189C       0
                text43                              B1D      B1D       45     163A       0
                text42                             1649     1649        7     2C92       0
                text41                             15F8     15F8        5     2BF0       0
                text40                             15FD     15FD        5     2BFA       0
                text39                             1602     1602        5     2C04       0
                text38                             1607     1607        5     2C0E       0
                text37                             160C     160C        5     2C18       0
                text36                             1611     1611        5     2C22       0
                text35                             1616     1616        5     2C2C       0
                text34                             161B     161B        5     2C36       0
                text33                              984      984       2A     1308       0
                text32                              931      931       29     1262       0
                text31                             162B     162B        6     2C56       0
                text30                             1699     1699        D     2D32       0
                text29                              8E8      8E8       21     11D0       0
                text28                             1620     1620        5     2C40       0
                text27                             16A6     16A6        D     2D4C       0
                text26                              AA2      AA2       36     1544       0
                text25                             1675     1675        B     2CEA       0
                text24                              A09      A09       32     1412       0
                text23                              9AE      9AE       2D     135C       0
                text22                              86C      86C       1E     10D8       0
                text21                              D61      D61       62     1AC2       0
                text20                              8C8      8C8       20     1190       0
                text19                             17AF     17AF       1A     2F5E       0
                text18                              814      814       1D     1028       0
                text17                              A3B      A3B       33     1476       0
                text16                              E27      E27       67     1C4E       0
                text15                             1752     1752       15     2EA4       0
                text14                              8A9      8A9       1F     1152       0
                text13                             1702     1702       13     2E04       0
                text12                              831      831       1D     1062       0
                text11                             1661     1661        9     2CC2       0
                text10                             1680     1680        C     2D00       0
                text9                              17C9     17C9       1B     2F92       0
                text8                              16B3     16B3        D     2D66       0
                text7                              1715     1715       13     2E2A       0
                text6                              15E2     15E2        4     2BC4       0
                text5                               801      801       13     1002       0
                text4                              1631     1631        6     2C62       0
                text3                              1637     1637        6     2C6E       0
                text2                               E8E      E8E       6E     1D1C       0
                text1                               362      362      140        8       0
                maintext                            4A2      4A2      118        8       0
                cstackBANK0                          20       20       46       20       1
                cstackCOMMON                         70       70        A       70       1
                cstackBANK3                         1CC      1CC        8      1A0       1
                clrtext                            163D     163D        6     2C7A       0
                inittext                           1643     1643        6     2C86       0
                bssBANK3                            1A0      1A0       2C      1A0       1
                bssBANK2                            120      120       4E      120       1
                dataBANK1                            EB       EB        4       A0       1
                bssBANK1                             A0       A0       4B       A0       1
                dataBANK0                            66       66        4       20       1
                bssBANK0                             6A       6A        1       20       1
                bssCOMMON                            7A       7A        2       70       1
                stringtext10                       1867     1867        4     3000       0
                stringtext9                        1863     1863        4     3000       0
                stringtext8                        185F     185F        4     3000       0
                stringtext7                        1853     1853        C     3000       0
                stringtext6                        1847     1847        C     3000       0
                stringtext5                        183B     183B        C     3000       0
                stringtext4                        182A     182A       11     3000       0
                stringtext3                        1815     1815       15     3000       0
                stringtext2                        1800     1800       15     3000       0
                stringtext1                        1000     1000       35     2000       0
                idataBANK1                         15E6     15E6        4     2BCC       0
                idataBANK0                         15EA     15EA        4     2BD4       0

TOTAL           Name                               Link     Load   Length     Space
        CLASS   CODE           
                end_init                             26       26        2         0
                cinit                                28       28       37         0
                intentry                              4        4       22         0
                reset_vec                             0        0        2         0
                text96                             1728     1728       15         0
                text95                             168C     168C        D         0
                text94                             1796     1796       19         0
                text93                              B62      B62       48         0
                text92                              DC3      DC3       64         0
                text91                             16CE     16CE       11         0
                text90                             1767     1767       17         0
                text88                              D01      D01       60         0
                text87                              BFB      BFB       53         0
                text86                             16F0     16F0       12         0
                text85                              800      800        1         0
                text84                              BAA      BAA       51         0
                text83                               5F       5F      182         0
                text82                             17E4     17E4       1C         0
                text81                              84E      84E       1E         0
                text80                              95A      95A       2A         0
                text79                              7C1      7C1       3C         0
                text78                              A6E      A6E       34         0
                text77                              88A      88A       1F         0
                text76                              F72      F72       8E         0
                text75                              AD8      AD8       45         0
                text74                              6C7      6C7       FA         0
                text73                              5BA      5BA      10D         0
                text72                              EFC      EFC       76         0
                text71                             173D     173D       15         0
                text70                              CA4      CA4       5D         0
                text69                              1E1      1E1      181         0
                text68                             15C2     15C2        3         0
                text67                             15C5     15C5        3         0
                text66                             15C8     15C8        3         0
                text65                             177E     177E       18         0
                text64                             15CB     15CB        3         0
                text63                             15CE     15CE        3         0
                text62                             15D1     15D1        3         0
                text61                             16C0     16C0        E         0
                text60                              909      909       28         0
                text59                             166A     166A        B         0
                text58                             16DF     16DF       11         0
                text57                             15C0     15C0        2         0
                text56                                2        2        2         0
                text55                             15D4     15D4        3         0
                text54                             15DA     15DA        4         0
                text53                             15D7     15D7        3         0
                text52                             15DE     15DE        4         0
                text51                             15EE     15EE        5         0
                text50                             1625     1625        6         0
                text49                              7FD      7FD        3         0
                text48                              9DB      9DB       2E         0
                text47                             15F3     15F3        5         0
                text46                             1658     1658        9         0
                text45                             1650     1650        8         0
                text44                              C4E      C4E       56         0
                text43                              B1D      B1D       45         0
                text42                             1649     1649        7         0
                text41                             15F8     15F8        5         0
                text40                             15FD     15FD        5         0
                text39                             1602     1602        5         0
                text38                             1607     1607        5         0
                text37                             160C     160C        5         0
                text36                             1611     1611        5         0
                text35                             1616     1616        5         0
                text34                             161B     161B        5         0
                text33                              984      984       2A         0
                text32                              931      931       29         0
                text31                             162B     162B        6         0
                text30                             1699     1699        D         0
                text29                              8E8      8E8       21         0
                text28                             1620     1620        5         0
                text27                             16A6     16A6        D         0
                text26                              AA2      AA2       36         0
                text25                             1675     1675        B         0
                text24                              A09      A09       32         0
                text23                              9AE      9AE       2D         0
                text22                              86C      86C       1E         0
                text21                              D61      D61       62         0
                text20                              8C8      8C8       20         0
                text19                             17AF     17AF       1A         0
                text18                              814      814       1D         0
                text17                              A3B      A3B       33         0
                text16                              E27      E27       67         0
                text15                             1752     1752       15         0
                text14                              8A9      8A9       1F         0
                text13                             1702     1702       13         0
                text12                              831      831       1D         0
                text11                             1661     1661        9         0
                text10                             1680     1680        C         0
                text9                              17C9     17C9       1B         0
                text8                              16B3     16B3        D         0
                text7                              1715     1715       13         0
                text6                              15E2     15E2        4         0
                text5                               801      801       13         0
                text4                              1631     1631        6         0
                text3                              1637     1637        6         0
                text2                               E8E      E8E       6E         0
                text1                               362      362      140         0
                maintext                            4A2      4A2      118         0
                clrtext                            163D     163D        6         0
                inittext                           1643     1643        6         0
                idataBANK1                         15E6     15E6        4         0
                idataBANK0                         15EA     15EA        4         0

        CLASS   STRCODE        
                stringtext10                       1867     1867        4         0
                stringtext9                        1863     1863        4         0
                stringtext8                        185F     185F        4         0
                stringtext7                        1853     1853        C         0
                stringtext6                        1847     1847        C         0
                stringtext5                        183B     183B        C         0
                stringtext4                        182A     182A       11         0
                stringtext3                        1815     1815       15         0
                stringtext2                        1800     1800       15         0
                stringtext1                        1000     1000       35         0

        CLASS   STRING         

        CLASS   CONST          

        CLASS   ENTRY          

        CLASS   COMMON         
                cstackCOMMON                         70       70        A         1
                bssCOMMON                            7A       7A        2         1

        CLASS   BANK0          
                cstackBANK0                          20       20       46         1
                dataBANK0                            66       66        4         1
                bssBANK0                             6A       6A        1         1

        CLASS   BANK1          
                dataBANK1                            EB       EB        4         1
                bssBANK1                             A0       A0       4B         1

        CLASS   BANK2          
                bssBANK2                            120      120       4E         1

        CLASS   BANK3          
                cstackBANK3                         1CC      1CC        8         1
                bssBANK3                            1A0      1A0       2C         1

        CLASS   BANK4          

        CLASS   BANK5          

        CLASS   BANK6          

        CLASS   BIGRAM         

        CLASS   RAM            

        CLASS   ABS1           
                abs_s1                               7E       7E        2         1

        CLASS   SFR0           

        CLASS   SFR1           

        CLASS   SFR2           

        CLASS   SFR3           

        CLASS   SFR4           

        CLASS   SFR5           

        CLASS   SFR6           

        CLASS   SFR7           

        CLASS   SFR8           

        CLASS   SFR9           

        CLASS   SFR10          

        CLASS   SFR11          

        CLASS   SFR12          

        CLASS   SFR13          

        CLASS   SFR14          

        CLASS   SFR15          

        CLASS   SFR16          

        CLASS   SFR17          

        CLASS   SFR18          

        CLASS   SFR19          

        CLASS   SFR20          

        CLASS   SFR21          

        CLASS   SFR22          

        CLASS   SFR23          

        CLASS   SFR24          

        CLASS   SFR25          

        CLASS   SFR26          

        CLASS   SFR27          

        CLASS   SFR28          

        CLASS   SFR29          

        CLASS   SFR30          

        CLASS   SFR31          

        CLASS   CONFIG         
                config                             8007     8007        2         4

        CLASS   IDLOC          

        CLASS   EEDATA         
                eeprom_data                           0     F000       10         3

        CLASS   BANK31         

        CLASS   BANK30         

        CLASS   BANK29         

        CLASS   BANK28         

        CLASS   BANK27         

        CLASS   BANK26         

        CLASS   BANK25         

        CLASS   BANK24         

        CLASS   BANK23         

        CLASS   BANK22         

        CLASS   BANK21         

        CLASS   BANK20         

        CLASS   BANK19         

        CLASS   BANK18         

        CLASS   BANK17         

        CLASS   BANK16         

        CLASS   BANK15         

        CLASS   BANK14         

        CLASS   BANK13         

        CLASS   BANK12         

        CLASS   BANK11         

        CLASS   BANK10         

        CLASS   BANK9          

        CLASS   BANK8          

        CLASS   BANK7          

        CLASS   HEAP           

        CLASS   STACK          



SEGMENTS        Name                           Load    Length   Top    Selector   Space  Class     Delta

                reset_vec                      000000  000004  000004         0       0  CODE        2
                intentry                       000004  0007FD  000801         8       0  CODE        2
                cstackBANK0                    000020  00004B  00006B        20       1  BANK0       1
                cstackCOMMON                   000070  00000C  00007C        70       1  COMMON      1
                bssBANK1                       0000A0  00004F  0000EF        A0       1  BANK1       1
                bssBANK2                       000120  00004E  00016E       120       1  BANK2       1
                bssBANK3                       0001A0  000034  0001D4       1A0       1  BANK3       1
                text5                          000801  000013  000814      1002       0  CODE        2
                text18                         000814  00001D  000831      1028       0  CODE        2
                text12                         000831  00001D  00084E      1062       0  CODE        2
                text81                         00084E  00001E  00086C      109C       0  CODE        2
                text22                         00086C  00001E  00088A      10D8       0  CODE        2
                text77                         00088A  00001F  0008A9      1114       0  CODE        2
                text14                         0008A9  00001F  0008C8      1152       0  CODE        2
                text20                         0008C8  000020  0008E8      1190       0  CODE        2
                text29                         0008E8  000021  000909      11D0       0  CODE        2
                text60                         000909  000028  000931      1212       0  CODE        2
                text32                         000931  000029  00095A      1262       0  CODE        2
                text80                         00095A  00002A  000984      12B4       0  CODE        2
                text33                         000984  00002A  0009AE      1308       0  CODE        2
                text23                         0009AE  00002D  0009DB      135C       0  CODE        2
                text48                         0009DB  00002E  000A09      13B6       0  CODE        2
                text24                         000A09  000032  000A3B      1412       0  CODE        2
                text17                         000A3B  000033  000A6E      1476       0  CODE        2
                text78                         000A6E  000034  000AA2      14DC       0  CODE        2
                text26                         000AA2  000036  000AD8      1544       0  CODE        2
                text75                         000AD8  000045  000B1D      15B0       0  CODE        2
                text43                         000B1D  000045  000B62      163A       0  CODE        2
                text93                         000B62  000048  000BAA      16C4       0  CODE        2
                text84                         000BAA  000051  000BFB      1754       0  CODE        2
                text87                         000BFB  000053  000C4E      17F6       0  CODE        2
                text44                         000C4E  000056  000CA4      189C       0  CODE        2
                text70                         000CA4  00005D  000D01      1948       0  CODE        2
                text88                         000D01  000060  000D61      1A02       0  CODE        2
                text21                         000D61  000062  000DC3      1AC2       0  CODE        2
                text92                         000DC3  000064  000E27      1B86       0  CODE        2
                text16                         000E27  000067  000E8E      1C4E       0  CODE        2
                text2                          000E8E  00006E  000EFC      1D1C       0  CODE        2
                text72                         000EFC  000076  000F72      1DF8       0  CODE        2
                text76                         000F72  00008E  001000      1EE4       0  CODE        2
                stringtext1                    001000  000035  001035      2000       0  STRCODE     2
                text57                         0015C0  000002  0015C2      2B80       0  CODE        2
                text68                         0015C2  000003  0015C5      2B84       0  CODE        2
                text67                         0015C5  000003  0015C8      2B8A       0  CODE        2
                text66                         0015C8  000003  0015CB      2B90       0  CODE        2
                text64                         0015CB  000003  0015CE      2B96       0  CODE        2
                text63                         0015CE  000003  0015D1      2B9C       0  CODE        2
                text62                         0015D1  000003  0015D4      2BA2       0  CODE        2
                text55                         0015D4  000003  0015D7      2BA8       0  CODE        2
                text53                         0015D7  000003  0015DA      2BAE       0  CODE        2
                text54                         0015DA  000004  0015DE      2BB4       0  CODE        2
                text52                         0015DE  000004  0015E2      2BBC       0  CODE        2
                text6                          0015E2  000004  0015E6      2BC4       0  CODE        2
                idataBANK1                     0015E6  000004  0015EA      2BCC       0  CODE        2
                idataBANK0                     0015EA  000004  0015EE      2BD4       0  CODE        2
                text51                         0015EE  000005  0015F3      2BDC       0  CODE        2
                text47                         0015F3  000005  0015F8      2BE6       0  CODE        2
                text41                         0015F8  000005  0015FD      2BF0       0  CODE        2
                text40                         0015FD  000005  001602      2BFA       0  CODE        2
                text39                         001602  000005  001607      2C04       0  CODE        2
                text38                         001607  000005  00160C      2C0E       0  CODE        2
                text37                         00160C  000005  001611      2C18       0  CODE        2
                text36                         001611  000005  001616      2C22       0  CODE        2
                text35                         001616  000005  00161B      2C2C       0  CODE        2
                text34                         00161B  000005  001620      2C36       0  CODE        2
                text28                         001620  000005  001625      2C40       0  CODE        2
                text50                         001625  000006  00162B      2C4A       0  CODE        2
                text31                         00162B  000006  001631      2C56       0  CODE        2
                text4                          001631  000006  001637      2C62       0  CODE        2
                text3                          001637  000006  00163D      2C6E       0  CODE        2
                clrtext                        00163D  000006  001643      2C7A       0  CODE        2
                inittext                       001643  000006  001649      2C86       0  CODE        2
                text42                         001649  000007  001650      2C92       0  CODE        2
                text45                         001650  000008  001658      2CA0       0  CODE        2
                text46                         001658  000009  001661      2CB0       0  CODE        2
                text11                         001661  000009  00166A      2CC2       0  CODE        2
                text59                         00166A  00000B  001675      2CD4       0  CODE        2
                text25                         001675  00000B  001680      2CEA       0  CODE        2
                text10                         001680  00000C  00168C      2D00       0  CODE        2
                text95                         00168C  00000D  001699      2D18       0  CODE        2
                text30                         001699  00000D  0016A6      2D32       0  CODE        2
                text27                         0016A6  00000D  0016B3      2D4C       0  CODE        2
                text8                          0016B3  00000D  0016C0      2D66       0  CODE        2
                text61                         0016C0  00000E  0016CE      2D80       0  CODE        2
                text91                         0016CE  000011  0016DF      2D9C       0  CODE        2
                text58                         0016DF  000011  0016F0      2DBE       0  CODE        2
                text86                         0016F0  000012  001702      2DE0       0  CODE        2
                text13                         001702  000013  001715      2E04       0  CODE        2
                text7                          001715  000013  001728      2E2A       0  CODE        2
                text96                         001728  000015  00173D      2E50       0  CODE        2
                text71                         00173D  000015  001752      2E7A       0  CODE        2
                text15                         001752  000015  001767      2EA4       0  CODE        2
                text90                         001767  000017  00177E      2ECE       0  CODE        2
                text65                         00177E  000018  001796      2EFC       0  CODE        2
                text94                         001796  000019  0017AF      2F2C       0  CODE        2
                text19                         0017AF  00001A  0017C9      2F5E       0  CODE        2
                text9                          0017C9  00001B  0017E4      2F92       0  CODE        2
                text82                         0017E4  00001C  001800      2FC8       0  CODE        2
                stringtext2                    001800  00006B  00186B      3000       0  STRCODE     2
                eeprom_data                    00F000  000010  00F010     1E000       3  EEDATA      2


UNUSED ADDRESS RANGES

        Name                Unused          Largest block    Delta
        BANK0            0006B-0006F               5           1
        BANK1            000EF-000EF               1           1
        BANK2            0016E-0016F               2           1
        BANK3            001D4-001EF              1C           1
        BANK4            00220-0026F              50           1
        BANK5            002A0-002EF              50           1
        BANK6            00320-0032F              10           1
        BIGRAM           02000-021EF             1F0           1
        CODE             01035-015BF             58B           2
                         0186B-01FFF             795
        COMMON           0007C-0007D               2           1
        CONST            01035-015BF             100           2
                         0186B-01FFF             100
        EEDATA           0F010-0F0FF              F0           2
        ENTRY            01035-015BF             100           2
                         0186B-01FFF             100
        IDLOC            08000-08003               4           2
        RAM              0006B-0006F               5           1
                         000EF-000EF               1
                         0016E-0016F               2
                         001D4-001EF              1C
                         00220-0026F              50
                         002A0-002EF              50
                         00320-0032F              10
        SFR0             00000-0001F              20           1
        SFR1             00080-0009F              20           1
        SFR10            00500-0056F              70           1
        SFR11            00580-005EF              70           1
        SFR12            00600-0066F              70           1
        SFR13            00680-006EF              70           1
        SFR14            00700-0076F              70           1
        SFR15            00780-007EF              70           1
        SFR16            00800-0086F              70           1
        SFR17            00880-008EF              70           1
        SFR18            00900-0096F              70           1
        SFR19            00980-009EF              70           1
        SFR2             00100-0011F              20           1
        SFR20            00A00-00A6F              70           1
        SFR21            00A80-00AEF              70           1
        SFR22            00B00-00B6F              70           1
        SFR23            00B80-00BEF              70           1
        SFR24            00C00-00C6F              70           1
        SFR25            00C80-00CEF              70           1
        SFR26            00D00-00D6F              70           1
        SFR27            00D80-00DEF              70           1
        SFR28            00E00-00E6F              70           1
        SFR29            00E80-00EEF              70           1
        SFR3             00180-0019F              20           1
        SFR30            00F00-00F6F              70           1
        SFR31            00F80-00FEF              70           1
        SFR4             00200-0021F              20           1
        SFR5             00280-0029F              20           1
        SFR6             00300-0031F              20           1
        SFR7             00380-003EF              70           1
        SFR8             00400-0046F              70           1
        SFR9             00480-004EF              70           1
        STRCODE          01035-015BF             58B           2
                         0186B-01FFF             795
        STRING           01035-015BF             100           2
                         0186B-01FFF             100

                                  Symbol Table

?_EEPROM_ReadWord                         cstackCOMMON 00076
?___awdiv                                 cstackCOMMON 00072
?___awmod                                 cstackCOMMON 00072
?___lwdiv                                 cstackCOMMON 00072
?___lwmod                                 cstackCOMMON 00072
?___wmul                                  cstackCOMMON 00072
?_abs                                     cstackBANK0  00020
?_sprintf                                 cstackBANK0  0003C
?_vfprintf                                cstackBANK0  00035
Digital2Number@Num                        cstackBANK0  00030
Digital2Number@digital                    cstackCOMMON 00078
Digital2Number@temp1                      cstackBANK0  00028
Digital2Number@temp2                      cstackBANK0  0002A
Digital2Number@temp3                      cstackBANK0  0002C
Digital2Number@temp4                      cstackBANK0  0002E
DispFunctionSet@Num                       cstackBANK0  00059
DispFunctionSet@buf                       cstackBANK0  0005B
DispFunctionSet@mode                      cstackBANK0  0005C
DispFunctionSet@n                         cstackBANK0  00058
DispNormal@Num                            cstackBANK0  00059
DispNormal@buf                            cstackBANK0  0005B
DispNormal@digital                        cstackBANK3  001D0
DispNormal@mode                           cstackBANK3  001CC
DispNormal@n                              cstackBANK0  00058
DispNormal@temp_str                       cstackBANK3  001CD
DispTimeAdjustment@Num                    cstackBANK0  00059
DispTimeAdjustment@buf                    cstackBANK0  0005B
DispTimeAdjustment@digital                cstackBANK3  001D0
DispTimeAdjustment@mode                   cstackBANK3  001CC
DispTimeAdjustment@n                      cstackBANK0  00058
DispTimeAdjustment@temp_str               cstackBANK3  001CD
EEPROM_ReadWord@address                   cstackBANK0  00027
EEPROM_ReadWord@high                      cstackBANK0  00026
EEPROM_ReadWord@low                       cstackBANK0  00025
I2C_CallbackReturnReset@funPtr            cstackCOMMON 00079
I2C_Close@returnValue                     cstackCOMMON 00072
I2C_MasterOperation@read                  cstackBANK0  00024
I2C_MasterOperation@returnValue           cstackBANK0  00025
I2C_MasterSendTxData@data                 cstackCOMMON 00072
I2C_Open@address                          cstackCOMMON 00072
I2C_Open@returnValue                      cstackCOMMON 00073
I2C_SetAddressNackCallback@cb             cstackCOMMON 00076
I2C_SetAddressNackCallback@ptr            cstackCOMMON 00078
I2C_SetBuffer@buffer                      cstackCOMMON 00074
I2C_SetBuffer@bufferSize                  cstackCOMMON 00072
I2C_SetCallback@cb                        cstackCOMMON 00072
I2C_SetCallback@idx                       cstackCOMMON 00075
I2C_SetCallback@ptr                       cstackCOMMON 00074
I2C_SetDataCompleteCallback@cb            cstackCOMMON 00076
I2C_SetDataCompleteCallback@ptr           cstackCOMMON 00078
I2C_Write1ByteRegister@address            cstackBANK0  00028
I2C_Write1ByteRegister@data               cstackBANK0  00027
I2C_Write1ByteRegister@reg                cstackBANK0  00026
KEY_Init@i                                cstackCOMMON 00077
KEY_ScanAll@ii                            cstackCOMMON 00078
KEY_ScanAll@k                             cstackCOMMON 00079
LCD_Command@cmd                           cstackBANK0  0002E
LCD_Data@data                             cstackBANK0  0002E
LCD_Print@str                             cstackBANK0  00030
LCD_SetCursor@F3193                       dataBANK1    000EB
LCD_SetCursor@col                         cstackBANK0  00034
LCD_SetCursor@row                         cstackBANK0  0002F
LCD_SetCursor@row_offsets                 cstackBANK0  00030
Number2Digital@Num                        cstackBANK0  00020
Number2Digital@digiNum                    cstackBANK0  00022
Number2Digital@temp                       cstackBANK0  00027
PCF8574_LCD_SendNibble@data               cstackBANK0  0002C
PCF8574_LCD_SendNibble@nibble             cstackBANK0  0002B
PCF8574_LCD_SendNibble@rs                 cstackBANK0  00029
TMR0_ISR@CountCallBack                    bssBANK1     000CA
TMR0_SetInterruptHandler@InterruptHandler cstackCOMMON 00072
TMR1_SetInterruptHandler@InterruptHandler cstackCOMMON 00072
TMR1_WriteTimer@timerVal                  cstackCOMMON 00070
TimeAdjustment@DigPtr                     cstackBANK0  00031
_ANSELA                                   (abs)        0018C
_ANSELB                                   (abs)        0018D
_APFCON                                   (abs)        0011D
_AdjustMode                               bssBANK1     000D4
_BORCON                                   (abs)        00116
_Cursor_pos                               bssBANK1     000DD
_Digital2Number                           text2        00E8E
_DispFunctionSet                          text80       0095A
_DispNormal                               text74       006C7
_DispTimeAdjustment                       text73       005BA
_EEADR                                    (abs)        00191
_EECON1                                   (abs)        00195
_EECON1bits                               (abs)        00195
_EEDATA                                   (abs)        00193
_EEPROM_ReadWord                          text14       008A9
_FunctionSet                              text72       00EFC
_I2C_CallbackReturnReset                  text56       00002
_I2C_CallbackReturnStop                   text57       015C0
_I2C_Close                                text65       0177E
_I2C_DO_ADDRESS_NACK                      text33       00984
_I2C_DO_IDLE                              text47       015F3
_I2C_DO_RCEN                              text42       01649
_I2C_DO_RESET                             text34       0161B
_I2C_DO_RX                                text43       00B1D
_I2C_DO_RX_ACK                            text37       0160C
_I2C_DO_RX_NACK_RESTART                   text35       01616
_I2C_DO_RX_NACK_STOP                      text36       01611
_I2C_DO_SEND_ADR_READ                     text46       01658
_I2C_DO_SEND_ADR_WRITE                    text45       01650
_I2C_DO_SEND_RESTART                      text39       01602
_I2C_DO_SEND_RESTART_READ                 text41       015F8
_I2C_DO_SEND_RESTART_WRITE                text40       015FD
_I2C_DO_SEND_STOP                         text38       01607
_I2C_DO_TX                                text44       00C4E
_I2C_DO_TX_EMPTY                          text48       009DB
_I2C_Initialize                           text11       01661
_I2C_MasterClearIrq                       text68       015C2
_I2C_MasterClose                          text67       015C5
_I2C_MasterDisableIrq                     text66       015C8
_I2C_MasterEnableRestart                  text63       015CE
_I2C_MasterFsm                            text32       00931
_I2C_MasterGetRxData                      text53       015D7
_I2C_MasterIsNack                         text50       01625
_I2C_MasterOpen                           text27       016A6
_I2C_MasterOperation                      text29       008E8
_I2C_MasterSendAck                        text52       015DE
_I2C_MasterSendNack                       text54       015DA
_I2C_MasterSendTxData                     text51       015EE
_I2C_MasterSetIrq                         text49       007FD
_I2C_MasterStart                          text64       015CB
_I2C_MasterStartRx                        text55       015D4
_I2C_MasterStop                           text62       015D1
_I2C_MasterWaitForEvent                   text31       0162B
_I2C_MasterWrite                          text28       01620
_I2C_Open                                 text26       00AA2
_I2C_Poller                               text30       01699
_I2C_SetAddressNackCallback               text25       01675
_I2C_SetBuffer                            text61       016C0
_I2C_SetCallback                          text60       00909
_I2C_SetDataCompleteCallback              text59       0166A
_I2C_Status                               bssBANK2     00140
_I2C_Write1ByteRegister                   text24       00A09
_INTCONbits                               (abs)        0000B
_INTERRUPT_InterruptManager               intentry     00004
_KEY_Init                                 text70       00CA4
_KEY_ScanAll                              text69       001E1
_KeepTimerCounter                         text93       00B62
_LATA                                     (abs)        0010C
_LATB                                     (abs)        0010D
_LATC                                     (abs)        0010E
_LATCbits                                 (abs)        0010E
_LATE                                     (abs)        00110
_LCD_Command                              text22       0086C
_LCD_Data                                 text20       008C8
_LCD_DispMode                             bssBANK1     000DC
_LCD_Init                                 text21       00D61
_LCD_Print                                text19       017AF
_LCD_SetCursor                            text18       00814
_Normal                                   text16       00E27
_Number2Digital                           text76       00F72
_OPTION_REG                               (abs)        00095
_OPTION_REGbits                           (abs)        00095
_OSCCON                                   (abs)        00099
_OSCILLATOR_Initialize                    text10       01680
_OSCTUNE                                  (abs)        00098
_OutState                                 bssCOMMON    0007A
_PCF8574_LCD_SendNibble                   text23       009AE
_PIE1bits                                 (abs)        00091
_PIN_MANAGER_Initialize                   text9        017C9
_PIR1bits                                 (abs)        00011
_PLLR                                     (abs)        004D6
_PORTBbits                                (abs)        0000D
_POWER_ON_EEPROM_READ                     text13       01702
_RelayControl_Init                        text12       00831
_RelayState_buf                           bssBANK1     000E8
_SSPADD                                   (abs)        00212
_SSPBUF                                   (abs)        00211
_SSPCON1                                  (abs)        00215
_SSPCON1bits                              (abs)        00215
_SSPCON2                                  (abs)        00216
_SSPCON2bits                              (abs)        00216
_SSPSTAT                                  (abs)        00214
_SYSTEM_Initialize                        text5        00801
_SetTimer1_cnt                            dataBANK0    00068
_SetTimer1_digi                           bssBANK1     000E4
_SetTimer2_cnt                            dataBANK0    00066
_SetTimer2_digi                           bssBANK1     000E0
_T0_10ms_cnt                              bssBANK1     000DA
_T0_1second_cnt                           bssBANK1     000D9
_T1CON                                    (abs)        00018
_T1CONbits                                (abs)        00018
_T1GCON                                   (abs)        00019
_T1GCONbits                               (abs)        00019
_T1_1000ms_cnt                            bssBANK1     000C4
_T1_100ms_cnt                             bssBANK1     000C6
_T1_10ms_cnt                              bssBANK1     000C8
_TMR0                                     (abs)        00015
_TMR0_10msEven                            text96       01728
_TMR0_CallBack                            text95       0168C
_TMR0_ISR                                 text94       01796
_TMR0_Initialize                          text8        016B3
_TMR0_InterruptHandler                    bssBANK1     000CC
_TMR0_SetInterruptHandler                 text4        01631
_TMR1H                                    (abs)        00017
_TMR1L                                    (abs)        00016
_TMR1_10msEven                            text92       00DC3
_TMR1_ISR                                 text90       01767
_TMR1_Initialize                          text7        01715
_TMR1_InterruptHandler                    bssBANK1     000CE
_TMR1_SetInterruptHandler                 text3        01637
_TMR1_WriteTimer                          text91       016CE
_TRISA                                    (abs)        0008C
_TRISB                                    (abs)        0008D
_TRISC                                    (abs)        0008E
_TRISE                                    (abs)        00090
_TimeAdjustment                           text1        00362
_TimeMode                                 bssBANK0     0006A
_TimeModeSelect                           text17       00A3B
_TimerState                               bssBANK1     000D3
_WDTCON                                   (abs)        00097
_WDT_Initialize                           text6        015E2
_WPUB                                     (abs)        0020D
_WPUE                                     (abs)        00210
__Beeprom_data                            eeprom_data  0F000
__H__absolute__                           __absolute__ 00000
__Habs1                                   abs1         00000
__Hbank0                                  bank0        00000
__Hbank1                                  bank1        00000
__Hbank10                                 bank10       00000
__Hbank11                                 bank11       00000
__Hbank12                                 bank12       00000
__Hbank13                                 bank13       00000
__Hbank14                                 bank14       00000
__Hbank15                                 bank15       00000
__Hbank16                                 bank16       00000
__Hbank17                                 bank17       00000
__Hbank18                                 bank18       00000
__Hbank19                                 bank19       00000
__Hbank2                                  bank2        00000
__Hbank20                                 bank20       00000
__Hbank21                                 bank21       00000
__Hbank22                                 bank22       00000
__Hbank23                                 bank23       00000
__Hbank24                                 bank24       00000
__Hbank25                                 bank25       00000
__Hbank26                                 bank26       00000
__Hbank27                                 bank27       00000
__Hbank28                                 bank28       00000
__Hbank29                                 bank29       00000
__Hbank3                                  bank3        00000
__Hbank30                                 bank30       00000
__Hbank31                                 bank31       00000
__Hbank4                                  bank4        00000
__Hbank5                                  bank5        00000
__Hbank6                                  bank6        00000
__Hbank7                                  bank7        00000
__Hbank8                                  bank8        00000
__Hbank9                                  bank9        00000
__Hbigram                                 bigram       00000
__HbssBANK0                               bssBANK0     00000
__HbssBANK1                               bssBANK1     00000
__HbssBANK2                               bssBANK2     00000
__HbssBANK3                               bssBANK3     00000
__HbssCOMMON                              bssCOMMON    00000
__Hcinit                                  cinit        0005F
__Hclrtext                                clrtext      00000
__Hcode                                   code         00000
__Hcommon                                 common       00000
__Hconfig                                 config       08009
__HcstackBANK0                            cstackBANK0  00000
__HcstackBANK3                            cstackBANK3  00000
__HcstackCOMMON                           cstackCOMMON 00000
__HdataBANK0                              dataBANK0    00000
__HdataBANK1                              dataBANK1    00000
__Heeprom_data                            eeprom_data  00010
__Hend_init                               end_init     00028
__Hfunctab                                functab      00000
__Hheap                                   heap         00000
__HidataBANK0                             idataBANK0   00000
__HidataBANK1                             idataBANK1   00000
__Hinit                                   init         00026
__Hinittext                               inittext     00000
__Hintentry                               intentry     00026
__Hmaintext                               maintext     00000
__Hpowerup                                powerup      00000
__Hram                                    ram          00000
__Hreset_vec                              reset_vec    00002
__Hsfr0                                   sfr0         00000
__Hsfr1                                   sfr1         00000
__Hsfr10                                  sfr10        00000
__Hsfr11                                  sfr11        00000
__Hsfr12                                  sfr12        00000
__Hsfr13                                  sfr13        00000
__Hsfr14                                  sfr14        00000
__Hsfr15                                  sfr15        00000
__Hsfr16                                  sfr16        00000
__Hsfr17                                  sfr17        00000
__Hsfr18                                  sfr18        00000
__Hsfr19                                  sfr19        00000
__Hsfr2                                   sfr2         00000
__Hsfr20                                  sfr20        00000
__Hsfr21                                  sfr21        00000
__Hsfr22                                  sfr22        00000
__Hsfr23                                  sfr23        00000
__Hsfr24                                  sfr24        00000
__Hsfr25                                  sfr25        00000
__Hsfr26                                  sfr26        00000
__Hsfr27                                  sfr27        00000
__Hsfr28                                  sfr28        00000
__Hsfr29                                  sfr29        00000
__Hsfr3                                   sfr3         00000
__Hsfr30                                  sfr30        00000
__Hsfr31                                  sfr31        00000
__Hsfr4                                   sfr4         00000
__Hsfr5                                   sfr5         00000
__Hsfr6                                   sfr6         00000
__Hsfr7                                   sfr7         00000
__Hsfr8                                   sfr8         00000
__Hsfr9                                   sfr9         00000
__Hsivt                                   sivt         00026
__Hspace_0                                (abs)        0186B
__Hspace_1                                (abs)        001D4
__Hspace_2                                (abs)        00000
__Hspace_3                                (abs)        00010
__Hspace_4                                (abs)        10010
__Hstack                                  stack        00000
__Hstrings                                strings      00000
__Hstringtext1                            stringtext1  00000
__Hstringtext10                           stringtext10 00000
__Hstringtext11                           stringtext11 00000
__Hstringtext2                            stringtext2  00000
__Hstringtext3                            stringtext3  00000
__Hstringtext4                            stringtext4  00000
__Hstringtext5                            stringtext5  00000
__Hstringtext6                            stringtext6  00000
__Hstringtext7                            stringtext7  00000
__Hstringtext8                            stringtext8  00000
__Hstringtext9                            stringtext9  00000
__Htext                                   text         00000
__L__absolute__                           __absolute__ 00000
__Labs1                                   abs1         00000
__Lbank0                                  bank0        00000
__Lbank1                                  bank1        00000
__Lbank10                                 bank10       00000
__Lbank11                                 bank11       00000
__Lbank12                                 bank12       00000
__Lbank13                                 bank13       00000
__Lbank14                                 bank14       00000
__Lbank15                                 bank15       00000
__Lbank16                                 bank16       00000
__Lbank17                                 bank17       00000
__Lbank18                                 bank18       00000
__Lbank19                                 bank19       00000
__Lbank2                                  bank2        00000
__Lbank20                                 bank20       00000
__Lbank21                                 bank21       00000
__Lbank22                                 bank22       00000
__Lbank23                                 bank23       00000
__Lbank24                                 bank24       00000
__Lbank25                                 bank25       00000
__Lbank26                                 bank26       00000
__Lbank27                                 bank27       00000
__Lbank28                                 bank28       00000
__Lbank29                                 bank29       00000
__Lbank3                                  bank3        00000
__Lbank30                                 bank30       00000
__Lbank31                                 bank31       00000
__Lbank4                                  bank4        00000
__Lbank5                                  bank5        00000
__Lbank6                                  bank6        00000
__Lbank7                                  bank7        00000
__Lbank8                                  bank8        00000
__Lbank9                                  bank9        00000
__Lbigram                                 bigram       00000
__LbssBANK0                               bssBANK0     00000
__LbssBANK1                               bssBANK1     00000
__LbssBANK2                               bssBANK2     00000
__LbssBANK3                               bssBANK3     00000
__LbssCOMMON                              bssCOMMON    00000
__Lcinit                                  cinit        00028
__Lclrtext                                clrtext      00000
__Lcode                                   code         00000
__Lcommon                                 common       00000
__Lconfig                                 config       00000
__LcstackBANK0                            cstackBANK0  00000
__LcstackBANK3                            cstackBANK3  00000
__LcstackCOMMON                           cstackCOMMON 00000
__LdataBANK0                              dataBANK0    00000
__LdataBANK1                              dataBANK1    00000
__Leeprom_data                            eeprom_data  00000
__Lend_init                               end_init     00026
__Lfunctab                                functab      00000
__Lheap                                   heap         00000
__LidataBANK0                             idataBANK0   00000
__LidataBANK1                             idataBANK1   00000
__Linit                                   init         00026
__Linittext                               inittext     00000
__Lintentry                               intentry     00004
__Lmaintext                               maintext     00000
__Lpowerup                                powerup      00000
__Lram                                    ram          00000
__Lreset_vec                              reset_vec    00000
__Lsfr0                                   sfr0         00000
__Lsfr1                                   sfr1         00000
__Lsfr10                                  sfr10        00000
__Lsfr11                                  sfr11        00000
__Lsfr12                                  sfr12        00000
__Lsfr13                                  sfr13        00000
__Lsfr14                                  sfr14        00000
__Lsfr15                                  sfr15        00000
__Lsfr16                                  sfr16        00000
__Lsfr17                                  sfr17        00000
__Lsfr18                                  sfr18        00000
__Lsfr19                                  sfr19        00000
__Lsfr2                                   sfr2         00000
__Lsfr20                                  sfr20        00000
__Lsfr21                                  sfr21        00000
__Lsfr22                                  sfr22        00000
__Lsfr23                                  sfr23        00000
__Lsfr24                                  sfr24        00000
__Lsfr25                                  sfr25        00000
__Lsfr26                                  sfr26        00000
__Lsfr27                                  sfr27        00000
__Lsfr28                                  sfr28        00000
__Lsfr29                                  sfr29        00000
__Lsfr3                                   sfr3         00000
__Lsfr30                                  sfr30        00000
__Lsfr31                                  sfr31        00000
__Lsfr4                                   sfr4         00000
__Lsfr5                                   sfr5         00000
__Lsfr6                                   sfr6         00000
__Lsfr7                                   sfr7         00000
__Lsfr8                                   sfr8         00000
__Lsfr9                                   sfr9         00000
__Lsivt                                   sivt         00026
__Lspace_0                                (abs)        00000
__Lspace_1                                (abs)        00000
__Lspace_2                                (abs)        00000
__Lspace_3                                (abs)        00000
__Lspace_4                                (abs)        00000
__Lstack                                  stack        00000
__Lstrings                                strings      00000
__Lstringtext1                            stringtext1  00000
__Lstringtext10                           stringtext10 00000
__Lstringtext11                           stringtext11 00000
__Lstringtext2                            stringtext2  00000
__Lstringtext3                            stringtext3  00000
__Lstringtext4                            stringtext4  00000
__Lstringtext5                            stringtext5  00000
__Lstringtext6                            stringtext6  00000
__Lstringtext7                            stringtext7  00000
__Lstringtext8                            stringtext8  00000
__Lstringtext9                            stringtext9  00000
__Ltext                                   text         00000
__S0                                      (abs)        0186B
__S1                                      (abs)        001D4
__S3                                      (abs)        0F010
___awdiv                                  text88       00D01
___awdiv@counter                          cstackBANK0  00020
___awdiv@dividend                         cstackCOMMON 00074
___awdiv@divisor                          cstackCOMMON 00072
___awdiv@quotient                         cstackBANK0  00022
___awdiv@sign                             cstackBANK0  00021
___awmod                                  text87       00BFB
___awmod@counter                          cstackCOMMON 00077
___awmod@dividend                         cstackCOMMON 00074
___awmod@divisor                          cstackCOMMON 00072
___awmod@sign                             cstackCOMMON 00078
___bmul                                   text71       0173D
___bmul@multiplicand                      cstackCOMMON 00072
___bmul@multiplier                        cstackCOMMON 00075
___bmul@product                           cstackCOMMON 00074
___heap_hi                                (abs)        00000
___heap_lo                                (abs)        00000
___int_sp                                 stack        00000
___int_stack_hi                           stack        00000
___int_stack_lo                           stack        00000
___latbits                                (abs)        00002
___lwdiv                                  text79       007C1
___lwdiv@counter                          cstackCOMMON 00077
___lwdiv@dividend                         cstackCOMMON 00074
___lwdiv@divisor                          cstackCOMMON 00072
___lwdiv@quotient                         cstackCOMMON 00078
___lwmod                                  text78       00A6E
___lwmod@counter                          cstackCOMMON 00077
___lwmod@dividend                         cstackCOMMON 00074
___lwmod@divisor                          cstackCOMMON 00072
___sp                                     stack        00000
___stack_hi                               stack        00000
___stack_lo                               stack        00000
___stackhi                                (abs)        00000
___stacklo                                (abs)        00000
___wmul                                   text77       0088A
___wmul@multiplicand                      cstackCOMMON 00074
___wmul@multiplier                        cstackCOMMON 00072
___wmul@product                           cstackCOMMON 00076
__end_of_Digital2Number                   text2        00EFC
__end_of_DispFunctionSet                  text80       00984
__end_of_DispNormal                       text74       007C1
__end_of_DispTimeAdjustment               text73       006C7
__end_of_EEPROM_ReadWord                  text14       008C8
__end_of_FunctionSet                      text72       00F72
__end_of_I2C_CallbackReturnReset          text56       00004
__end_of_I2C_CallbackReturnStop           text57       015C2
__end_of_I2C_Close                        text65       01796
__end_of_I2C_DO_ADDRESS_NACK              text33       009AE
__end_of_I2C_DO_IDLE                      text47       015F8
__end_of_I2C_DO_RCEN                      text42       01650
__end_of_I2C_DO_RESET                     text34       01620
__end_of_I2C_DO_RX                        text43       00B62
__end_of_I2C_DO_RX_ACK                    text37       01611
__end_of_I2C_DO_RX_NACK_RESTART           text35       0161B
__end_of_I2C_DO_RX_NACK_STOP              text36       01616
__end_of_I2C_DO_SEND_ADR_READ             text46       01661
__end_of_I2C_DO_SEND_ADR_WRITE            text45       01658
__end_of_I2C_DO_SEND_RESTART              text39       01607
__end_of_I2C_DO_SEND_RESTART_READ         text41       015FD
__end_of_I2C_DO_SEND_RESTART_WRITE        text40       01602
__end_of_I2C_DO_SEND_STOP                 text38       0160C
__end_of_I2C_DO_TX                        text44       00CA4
__end_of_I2C_DO_TX_EMPTY                  text48       00A09
__end_of_I2C_Initialize                   text11       0166A
__end_of_I2C_MasterClearIrq               text68       015C5
__end_of_I2C_MasterClose                  text67       015C8
__end_of_I2C_MasterDisableIrq             text66       015CB
__end_of_I2C_MasterEnableRestart          text63       015D1
__end_of_I2C_MasterFsm                    text32       0095A
__end_of_I2C_MasterGetRxData              text53       015DA
__end_of_I2C_MasterIsNack                 text50       0162B
__end_of_I2C_MasterOpen                   text27       016B3
__end_of_I2C_MasterOperation              text29       00909
__end_of_I2C_MasterSendAck                text52       015E2
__end_of_I2C_MasterSendNack               text54       015DE
__end_of_I2C_MasterSendTxData             text51       015F3
__end_of_I2C_MasterSetIrq                 text49       00800
__end_of_I2C_MasterStart                  text64       015CE
__end_of_I2C_MasterStartRx                text55       015D7
__end_of_I2C_MasterStop                   text62       015D4
__end_of_I2C_MasterWaitForEvent           text31       01631
__end_of_I2C_MasterWrite                  text28       01625
__end_of_I2C_Open                         text26       00AD8
__end_of_I2C_Poller                       text30       016A6
__end_of_I2C_SetAddressNackCallback       text25       01680
__end_of_I2C_SetBuffer                    text61       016CE
__end_of_I2C_SetCallback                  text60       00931
__end_of_I2C_SetDataCompleteCallback      text59       01675
__end_of_I2C_Write1ByteRegister           text24       00A3B
__end_of_INTERRUPT_InterruptManager       intentry     00026
__end_of_KEY_Init                         text70       00D01
__end_of_KEY_ScanAll                      text69       00362
__end_of_KeepTimerCounter                 text93       00BAA
__end_of_LCD_Command                      text22       0088A
__end_of_LCD_Data                         text20       008E8
__end_of_LCD_Init                         text21       00DC3
__end_of_LCD_Print                        text19       017C9
__end_of_LCD_SetCursor                    text18       00831
__end_of_Normal                           text16       00E8E
__end_of_Number2Digital                   text76       01000
__end_of_OSCILLATOR_Initialize            text10       0168C
__end_of_PCF8574_LCD_SendNibble           text23       009DB
__end_of_PIN_MANAGER_Initialize           text9        017E4
__end_of_POWER_ON_EEPROM_READ             text13       01715
__end_of_RelayControl_Init                text12       0084E
__end_of_SYSTEM_Initialize                text5        00814
__end_of_TMR0_10msEven                    text96       0173D
__end_of_TMR0_CallBack                    text95       01699
__end_of_TMR0_ISR                         text94       017AF
__end_of_TMR0_Initialize                  text8        016C0
__end_of_TMR0_SetInterruptHandler         text4        01637
__end_of_TMR1_10msEven                    text92       00E27
__end_of_TMR1_ISR                         text90       0177E
__end_of_TMR1_Initialize                  text7        01728
__end_of_TMR1_SetInterruptHandler         text3        0163D
__end_of_TMR1_WriteTimer                  text91       016DF
__end_of_TimeAdjustment                   text1        004A2
__end_of_TimeModeSelect                   text17       00A6E
__end_of_WDT_Initialize                   text6        015E6
__end_of___awdiv                          text88       00D61
__end_of___awmod                          text87       00C4E
__end_of___bmul                           text71       01752
__end_of___lwdiv                          text79       007FD
__end_of___lwmod                          text78       00AA2
__end_of___wmul                           text77       008A9
__end_of__initialization                  cinit        0005B
__end_of_abs                              text86       01702
__end_of_eeprom_read                      text15       01767
__end_of_fputc                            text84       00BFB
__end_of_i2c_fsmStateTable                stringtext1  01020
__end_of_main                             maintext     005BA
__end_of_putch                            text85       00801
__end_of_sprintf                          text81       0086C
__end_of_strncpy                          text75       00B1D
__end_of_vfpfcnvrt                        text83       001E1
__end_of_vfprintf                         text82       01800
__end_of_wr1RegCompleteHandler            text58       016F0
__initialization                          cinit        00028
__pbssBANK0                               bssBANK0     0006A
__pbssBANK1                               bssBANK1     000A0
__pbssBANK2                               bssBANK2     00120
__pbssBANK3                               bssBANK3     001A0
__pbssCOMMON                              bssCOMMON    0007A
__pcstackBANK0                            cstackBANK0  00020
__pcstackBANK3                            cstackBANK3  001CC
__pcstackCOMMON                           cstackCOMMON 00070
__pdataBANK0                              dataBANK0    00066
__pdataBANK1                              dataBANK1    000EB
__pidataBANK0                             idataBANK0   015EA
__pidataBANK1                             idataBANK1   015E6
__pintentry                               intentry     00004
__pmaintext                               maintext     004A2
__pstringtext1                            stringtext1  01000
__pstringtext10                           stringtext10 01867
__pstringtext11                           stringtext11 00000
__pstringtext2                            stringtext2  01800
__pstringtext3                            stringtext3  01815
__pstringtext4                            stringtext4  0182A
__pstringtext5                            stringtext5  0183B
__pstringtext6                            stringtext6  01847
__pstringtext7                            stringtext7  01853
__pstringtext8                            stringtext8  0185F
__pstringtext9                            stringtext9  01863
__ptext1                                  text1        00362
__ptext10                                 text10       01680
__ptext11                                 text11       01661
__ptext12                                 text12       00831
__ptext13                                 text13       01702
__ptext14                                 text14       008A9
__ptext15                                 text15       01752
__ptext16                                 text16       00E27
__ptext17                                 text17       00A3B
__ptext18                                 text18       00814
__ptext19                                 text19       017AF
__ptext2                                  text2        00E8E
__ptext20                                 text20       008C8
__ptext21                                 text21       00D61
__ptext22                                 text22       0086C
__ptext23                                 text23       009AE
__ptext24                                 text24       00A09
__ptext25                                 text25       01675
__ptext26                                 text26       00AA2
__ptext27                                 text27       016A6
__ptext28                                 text28       01620
__ptext29                                 text29       008E8
__ptext3                                  text3        01637
__ptext30                                 text30       01699
__ptext31                                 text31       0162B
__ptext32                                 text32       00931
__ptext33                                 text33       00984
__ptext34                                 text34       0161B
__ptext35                                 text35       01616
__ptext36                                 text36       01611
__ptext37                                 text37       0160C
__ptext38                                 text38       01607
__ptext39                                 text39       01602
__ptext4                                  text4        01631
__ptext40                                 text40       015FD
__ptext41                                 text41       015F8
__ptext42                                 text42       01649
__ptext43                                 text43       00B1D
__ptext44                                 text44       00C4E
__ptext45                                 text45       01650
__ptext46                                 text46       01658
__ptext47                                 text47       015F3
__ptext48                                 text48       009DB
__ptext49                                 text49       007FD
__ptext5                                  text5        00801
__ptext50                                 text50       01625
__ptext51                                 text51       015EE
__ptext52                                 text52       015DE
__ptext53                                 text53       015D7
__ptext54                                 text54       015DA
__ptext55                                 text55       015D4
__ptext56                                 text56       00002
__ptext57                                 text57       015C0
__ptext58                                 text58       016DF
__ptext59                                 text59       0166A
__ptext6                                  text6        015E2
__ptext60                                 text60       00909
__ptext61                                 text61       016C0
__ptext62                                 text62       015D1
__ptext63                                 text63       015CE
__ptext64                                 text64       015CB
__ptext65                                 text65       0177E
__ptext66                                 text66       015C8
__ptext67                                 text67       015C5
__ptext68                                 text68       015C2
__ptext69                                 text69       001E1
__ptext7                                  text7        01715
__ptext70                                 text70       00CA4
__ptext71                                 text71       0173D
__ptext72                                 text72       00EFC
__ptext73                                 text73       005BA
__ptext74                                 text74       006C7
__ptext75                                 text75       00AD8
__ptext76                                 text76       00F72
__ptext77                                 text77       0088A
__ptext78                                 text78       00A6E
__ptext79                                 text79       007C1
__ptext8                                  text8        016B3
__ptext80                                 text80       0095A
__ptext81                                 text81       0084E
__ptext82                                 text82       017E4
__ptext83                                 text83       0005F
__ptext84                                 text84       00BAA
__ptext85                                 text85       00800
__ptext86                                 text86       016F0
__ptext87                                 text87       00BFB
__ptext88                                 text88       00D01
__ptext9                                  text9        017C9
__ptext90                                 text90       01767
__ptext91                                 text91       016CE
__ptext92                                 text92       00DC3
__ptext93                                 text93       00B62
__ptext94                                 text94       01796
__ptext95                                 text95       0168C
__ptext96                                 text96       01728
_abs                                      text86       016F0
_buf                                      bssBANK2     0015D
_dbuf                                     bssBANK2     00120
_eeprom_read                              text15       01752
_fLCD_updata                              bssBANK1     000DB
_fT0_1second                              bssBANK1     000DE
_fT0_fT10ms                               bssBANK1     000DF
_fT1_100ms                                bssBANK1     000D7
_fT1_10ms                                 bssBANK1     000D8
_fT1_1second                              bssBANK1     000D6
_fT1_TimerUp                              bssBANK1     000D5
_flags                                    bssBANK1     000D2
_fputc                                    text84       00BAA
_i2c_fsmStateTable                        stringtext1  01000
_key                                      bssBANK3     001A0
_main                                     maintext     004A2
_prec                                     bssBANK1     000B8
_putch                                    text85       00800
_sprintf                                  text81       0084E
_strncpy                                  text75       00AD8
_timer0ReloadVal                          bssCOMMON    0007B
_timer1ReloadVal                          bssBANK1     000D0
_vfpfcnvrt                                text83       0005F
_vfprintf                                 text82       017E4
_width                                    bssBANK1     000B6
_wr1RegCompleteHandler                    text58       016DF
_x100T_cnt                                bssBANK1     000BE
_x10T_cnt                                 bssBANK1     000C0
_x1T_cnt                                  bssBANK1     000C2
_xComm_cnt                                bssBANK1     000BC
abs@a                                     cstackBANK0  00020
btemp                                     (abs)        0007E
clear_ram0                                clrtext      0163D
eeprom_read@addr                          cstackCOMMON 00075
end_of_initialization                     cinit        0005B
fputc@c                                   cstackCOMMON 00072
fputc@fp                                  cstackCOMMON 00074
init_ram                                  inittext     01643
int$flags                                 (abs)        0007E
intlevel0                                 functab      00000
intlevel1                                 functab      00000
intlevel2                                 functab      00000
intlevel3                                 functab      00000
intlevel4                                 functab      00000
intlevel5                                 functab      00000
reset_vec                                 reset_vec    00000
sprintf@ap                                cstackBANK0  0004B
sprintf@f                                 cstackBANK0  0004C
sprintf@fmt                               cstackBANK0  0003C
sprintf@s                                 cstackBANK0  00057
start                                     init         00026
start_initialization                      cinit        00028
strncpy@cp                                cstackCOMMON 00078
strncpy@d                                 cstackCOMMON 00072
strncpy@n                                 cstackCOMMON 00076
strncpy@s                                 cstackCOMMON 00074
vfpfcnvrt@ap                              cstackBANK0  00025
vfpfcnvrt@c                               cstackBANK0  00034
vfpfcnvrt@convarg                         cstackBANK0  00030
vfpfcnvrt@cp                              cstackBANK0  0002C
vfpfcnvrt@cp_1923                         cstackBANK0  0002A
vfpfcnvrt@done                            cstackBANK0  0002E
vfpfcnvrt@fmt                             cstackBANK0  00024
vfpfcnvrt@fp                              cstackBANK0  0002F
vfprintf@ap                               cstackBANK0  00037
vfprintf@cfmt                             cstackBANK0  0003A
vfprintf@fmt                              cstackBANK0  00035
vfprintf@fp                               cstackBANK0  00039
wr1RegCompleteHandler@ptr                 cstackCOMMON 00079
wtemp0                                    (abs)        0007E


MODULE INFORMATION

Module		Function		Class		Link	Load	Size
C:\Program Files\Microchip\xc8\v2.46\pic\sources\c99\pic\__eeread.c
		_eeprom_read   		CODE           	1752	0000	21

C:\Program Files\Microchip\xc8\v2.46\pic\sources\c99\pic\__eeread.c estimated size: 21

C:\Program Files\Microchip\xc8\v2.46\pic\sources\c99\common\nf_fputc.c
		_fputc         		CODE           	0BAA	0000	81

C:\Program Files\Microchip\xc8\v2.46\pic\sources\c99\common\nf_fputc.c estimated size: 81

C:\Program Files\Microchip\xc8\v2.46\pic\sources\c99\common\lwdiv.c
		___lwdiv       		CODE           	07C1	0000	60

C:\Program Files\Microchip\xc8\v2.46\pic\sources\c99\common\lwdiv.c estimated size: 60

C:\Program Files\Microchip\xc8\v2.46\pic\sources\c99\common\awdiv.c
		___awdiv       		CODE           	0D01	0000	96

C:\Program Files\Microchip\xc8\v2.46\pic\sources\c99\common\awdiv.c estimated size: 96

mcc_generated_files/interrupt_manager.c
		_INTERRUPT_InterruptManager		CODE           	0004	0000	34

mcc_generated_files/interrupt_manager.c estimated size: 34

mcc_generated_files/examples/i2c_master_example.c
		_wr1RegCompleteHandler		CODE           	16DF	0000	17
		_I2C_Write1ByteRegister		CODE           	0A09	0000	50

mcc_generated_files/examples/i2c_master_example.c estimated size: 67

mcc_generated_files/tmr0.c
		_TMR0_SetInterruptHandler		CODE           	1631	0000	6
		_TMR0_CallBack 		CODE           	168C	0000	13
		_TMR0_ISR      		CODE           	1796	0000	25
		_TMR0_Initialize		CODE           	16B3	0000	13

mcc_generated_files/tmr0.c estimated size: 57

C:\Program Files\Microchip\xc8\v2.46\pic\sources\c99\common\Umul8.c
		___bmul        		CODE           	173D	0000	21

C:\Program Files\Microchip\xc8\v2.46\pic\sources\c99\common\Umul8.c estimated size: 21

mcc_generated_files/pin_manager.c
		_PIN_MANAGER_Initialize		CODE           	17C9	0000	27

mcc_generated_files/pin_manager.c estimated size: 27

C:\Program Files\Microchip\xc8\v2.46\pic\sources\c99\common\strncpy.c
		_strncpy       		CODE           	0AD8	0000	69

C:\Program Files\Microchip\xc8\v2.46\pic\sources\c99\common\strncpy.c estimated size: 69

RelayControl.c
		_DispTimeAdjustment		CODE           	05BA	0000	269
		_FunctionSet   		CODE           	0EFC	0000	118
		_TimeModeSelect		CODE           	0A3B	0000	51
		_DispFunctionSet		CODE           	095A	0000	42
		_Normal        		CODE           	0E27	0000	103
		_TimeAdjustment		CODE           	0362	0000	320
		_Digital2Number		CODE           	0E8E	0000	110
		_RelayControl_Init		CODE           	0831	0000	29
		_DispNormal    		CODE           	06C7	0000	250
		_KeepTimerCounter		CODE           	0B62	0000	72
		_Number2Digital		CODE           	0F72	0000	142

RelayControl.c estimated size: 1506

eeprom.c
		_POWER_ON_EEPROM_READ		CODE           	1702	0000	19
		_EEPROM_ReadWord		CODE           	08A9	0000	31

eeprom.c estimated size: 50

C:\Program Files\Microchip\xc8\v2.46\pic\sources\c99\common\doprnt.c
		_vfpfcnvrt     		CODE           	005F	0000	386
		_vfprintf      		CODE           	17E4	0000	28

C:\Program Files\Microchip\xc8\v2.46\pic\sources\c99\common\doprnt.c estimated size: 414

C:\Program Files\Microchip\xc8\v2.46\pic\sources\c99\common\nf_sprintf.c
		_sprintf       		CODE           	084E	0000	30

C:\Program Files\Microchip\xc8\v2.46\pic\sources\c99\common\nf_sprintf.c estimated size: 30

Key.c
		_KEY_ScanAll   		CODE           	01E1	0000	385
		_KEY_Init      		CODE           	0CA4	0000	93

Key.c estimated size: 478

shared
		__initialization		CODE           	0028	0000	51
		_i2c_fsmStateTable		STRCODE        	1000	0000	32

shared estimated size: 83

C:\Program Files\Microchip\xc8\v2.46\pic\sources\c99\common\putch.c
		_putch         		CODE           	0800	0000	1

C:\Program Files\Microchip\xc8\v2.46\pic\sources\c99\common\putch.c estimated size: 1

C:\Program Files\Microchip\xc8\v2.46\pic\sources\c99\common\Umul16.c
		___wmul        		CODE           	088A	0000	31

C:\Program Files\Microchip\xc8\v2.46\pic\sources\c99\common\Umul16.c estimated size: 31

mcc_generated_files/mcc.c
		_WDT_Initialize		CODE           	15E2	0000	4
		_OSCILLATOR_Initialize		CODE           	1680	0000	12
		_SYSTEM_Initialize		CODE           	0801	0000	19

mcc_generated_files/mcc.c estimated size: 35

mcc_generated_files/tmr1.c
		_TMR1_Initialize		CODE           	1715	0000	19
		_TMR1_SetInterruptHandler		CODE           	1637	0000	6
		_TMR1_WriteTimer		CODE           	16CE	0000	17
		_TMR1_ISR      		CODE           	1767	0000	23

mcc_generated_files/tmr1.c estimated size: 65

hd44780_i2c.c
		_LCD_Init      		CODE           	0D61	0000	98
		_PCF8574_LCD_SendNibble		CODE           	09AE	0000	45
		_LCD_Command   		CODE           	086C	0000	30
		_LCD_Data      		CODE           	08C8	0000	32
		_LCD_SetCursor 		CODE           	0814	0000	29
		_LCD_Print     		CODE           	17AF	0000	26

hd44780_i2c.c estimated size: 260

TimerEven.c
		_TMR0_10msEven 		CODE           	1728	0000	21
		_TMR1_10msEven 		CODE           	0DC3	0000	100

TimerEven.c estimated size: 121

mcc_generated_files/i2c_master.c
		_I2C_Close     		CODE           	177E	0000	24
		_I2C_MasterStartRx		CODE           	15D4	0000	3
		_I2C_DO_SEND_ADR_WRITE		CODE           	1650	0000	8
		_I2C_MasterWaitForEvent		CODE           	162B	0000	6
		_I2C_DO_SEND_STOP		CODE           	1607	0000	5
		_I2C_MasterSendNack		CODE           	15DA	0000	4
		_I2C_MasterDisableIrq		CODE           	15C8	0000	3
		_I2C_CallbackReturnStop		CODE           	15C0	0000	2
		_I2C_MasterOperation		CODE           	08E8	0000	33
		_I2C_DO_SEND_ADR_READ		CODE           	1658	0000	9
		_I2C_DO_RX_NACK_STOP		CODE           	1611	0000	5
		_I2C_DO_SEND_RESTART		CODE           	1602	0000	5
		_I2C_DO_RX     		CODE           	0B1D	0000	69
		_I2C_DO_TX     		CODE           	0C4E	0000	86
		_I2C_DO_IDLE   		CODE           	15F3	0000	5
		_I2C_DO_RCEN   		CODE           	1649	0000	7
		_I2C_Poller    		CODE           	1699	0000	13
		_I2C_DO_RESET  		CODE           	161B	0000	5
		_I2C_MasterClose		CODE           	15C5	0000	3
		_I2C_MasterWrite		CODE           	1620	0000	5
		_I2C_DO_RX_ACK 		CODE           	160C	0000	5
		_I2C_MasterStart		CODE           	15CB	0000	3
		_I2C_MasterClearIrq		CODE           	15C2	0000	3
		_I2C_MasterGetRxData		CODE           	15D7	0000	3
		_I2C_SetCallback		CODE           	0909	0000	40
		_I2C_DO_ADDRESS_NACK		CODE           	0984	0000	42
		_I2C_MasterEnableRestart		CODE           	15CE	0000	3
		_I2C_CallbackReturnReset		CODE           	0002	0000	2
		_I2C_Open      		CODE           	0AA2	0000	54
		_I2C_SetAddressNackCallback		CODE           	1675	0000	11
		_I2C_DO_TX_EMPTY		CODE           	09DB	0000	46
		_I2C_DO_SEND_RESTART_WRITE		CODE           	15FD	0000	5
		_I2C_MasterIsNack		CODE           	1625	0000	6
		_I2C_SetDataCompleteCallback		CODE           	166A	0000	11
		_I2C_DO_RX_NACK_RESTART		CODE           	1616	0000	5
		_I2C_MasterSendAck		CODE           	15DE	0000	4
		_I2C_MasterFsm 		CODE           	0931	0000	41
		_I2C_MasterSetIrq		CODE           	07FD	0000	3
		_I2C_DO_SEND_RESTART_READ		CODE           	15F8	0000	5
		_I2C_Initialize		CODE           	1661	0000	9
		_I2C_SetBuffer 		CODE           	16C0	0000	14
		_I2C_MasterOpen		CODE           	16A6	0000	13
		_I2C_MasterSendTxData		CODE           	15EE	0000	5
		_I2C_MasterStop		CODE           	15D1	0000	3

mcc_generated_files/i2c_master.c estimated size: 636

C:\Program Files\Microchip\xc8\v2.46\pic\sources\c99\common\lwmod.c
		___lwmod       		CODE           	0A6E	0000	52

C:\Program Files\Microchip\xc8\v2.46\pic\sources\c99\common\lwmod.c estimated size: 52

C:\Program Files\Microchip\xc8\v2.46\pic\sources\c99\common\abs.c
		_abs           		CODE           	16F0	0000	18

C:\Program Files\Microchip\xc8\v2.46\pic\sources\c99\common\abs.c estimated size: 18

C:\Program Files\Microchip\xc8\v2.46\pic\sources\c99\common\awmod.c
		___awmod       		CODE           	0BFB	0000	83

C:\Program Files\Microchip\xc8\v2.46\pic\sources\c99\common\awmod.c estimated size: 83

main.c
		_main          		CODE           	04A2	0000	280

main.c estimated size: 280

